[INFO] [1780420422.164890267] [aruco_rig_evaluator]: ArUco Rig Evaluator started.
[INFO] [1780420422.165416834] [aruco_rig_evaluator]: Scenario: yaw_20deg
[INFO] [1780420422.165873860] [aruco_rig_evaluator]: Config: src/calib_lab/config/ground_truth_minimal.yaml
[INFO] [1780420422.166333875] [aruco_rig_evaluator]: ArUco config: src/calib_lab/config/aruco_target.yaml
[INFO] [1780420422.166774361] [aruco_rig_evaluator]: Output CSV: results/aruco/target_aruco_6x4_marker0_15_sep0_06/res640x480/yaw/raw_results.csv
[INFO] [1780420422.167177706] [aruco_rig_evaluator]: Debug dir: results/aruco/target_aruco_6x4_marker0_15_sep0_06/res640x480/yaw/debug_images
[INFO] [1780420422.167620202] [aruco_rig_evaluator]: Board: 6x4, marker_length=0.15, separation=0.06, dictionary=DICT_4X4_50
[INFO] [1780420422.168016907] [aruco_rig_evaluator]: Expected baseline: 0.7000 m
[INFO] [1780420422.168423403] [aruco_rig_evaluator]: Max attempts: 1
[INFO] [1780420422.664610730] [aruco_rig_evaluator]: 
================ ARUCO EVALUATION SUCCESS ================
scenario: yaw_20deg
attempts: 1
camera_1: method=aruco/gray, markers=16, t_cam_target=[-0.8100, -0.3910, 1.1666] m
camera_2: method=aruco/gray, markers=16, t_cam_target=[-0.2639, -0.3910, 1.1590] m

Estimated relative transform from common ArUco target:
T_camera_1_camera_2 translation = [-0.5108, 0.0005, 0.0163] m
estimated baseline norm = 0.5111 m
expected baseline norm  = 0.7000 m
baseline error          = 0.1889 m (18.89 cm)
estimated relative rotation angle = 1.7535 deg
expected relative rotation angle  = 0.0000 deg
rotation angle error              = 1.7535 deg
camera_1 image: results/aruco/target_aruco_6x4_marker0_15_sep0_06/res640x480/yaw/debug_images/yaw_20deg_camera_1_aruco_gray.png
camera_2 image: results/aruco/target_aruco_6x4_marker0_15_sep0_06/res640x480/yaw/debug_images/yaw_20deg_camera_2_aruco_gray.png
==========================================================

