[INFO] [1780482184.837943094] [aruco_rig_evaluator]: ArUco Rig Evaluator started.
[INFO] [1780482184.860951172] [aruco_rig_evaluator]: Scenario: yaw_10deg
[INFO] [1780482184.887754187] [aruco_rig_evaluator]: Config: src/calib_lab/config/ground_truth_minimal.yaml
[INFO] [1780482184.910281413] [aruco_rig_evaluator]: ArUco config: src/calib_lab/config/aruco_target.yaml
[INFO] [1780482184.932102808] [aruco_rig_evaluator]: Output CSV: results/aruco/target_aruco_6x4_marker0_15_sep0_06/res640x480/yaw/raw_results.csv
[INFO] [1780482184.953145614] [aruco_rig_evaluator]: Debug dir: results/aruco/target_aruco_6x4_marker0_15_sep0_06/res640x480/yaw/debug_images
[INFO] [1780482184.975507353] [aruco_rig_evaluator]: Board: 6x4, marker_length=0.15, separation=0.06, dictionary=DICT_4X4_50
[INFO] [1780482185.000919857] [aruco_rig_evaluator]: Expected baseline: 0.7000 m
[INFO] [1780482185.021710117] [aruco_rig_evaluator]: Max attempts: 1
[WARN] [1780482187.273103005] [aruco_rig_evaluator]: Waiting for input topics before detection attempt | missing=['camera_1:no_image', 'camera_1:no_camera_info', 'camera_2:no_image', 'camera_2:no_camera_info']
[WARN] [1780482190.771717050] [aruco_rig_evaluator]: Waiting for input topics before detection attempt | missing=['camera_1:no_image', 'camera_1:no_camera_info', 'camera_2:no_image', 'camera_2:no_camera_info']
[WARN] [1780482193.278070811] [aruco_rig_evaluator]: Waiting for input topics before detection attempt | missing=['camera_1:no_image', 'camera_1:no_camera_info', 'camera_2:no_image', 'camera_2:no_camera_info']
[WARN] [1780482195.771201803] [aruco_rig_evaluator]: Waiting for input topics before detection attempt | missing=['camera_1:no_image', 'camera_1:no_camera_info', 'camera_2:no_image', 'camera_2:no_camera_info']
[WARN] [1780482198.274694778] [aruco_rig_evaluator]: Waiting for input topics before detection attempt | missing=['camera_1:no_image', 'camera_1:no_camera_info', 'camera_2:no_image', 'camera_2:no_camera_info']
[WARN] [1780482200.777614958] [aruco_rig_evaluator]: Waiting for input topics before detection attempt | missing=['camera_1:no_image', 'camera_1:no_camera_info', 'camera_2:no_image', 'camera_2:no_camera_info']
[WARN] [1780482203.271130693] [aruco_rig_evaluator]: Waiting for input topics before detection attempt | missing=['camera_1:no_image', 'camera_1:no_camera_info', 'camera_2:no_image', 'camera_2:no_camera_info']
[WARN] [1780482204.779548113] [aruco_rig_evaluator]: 
================ ARUCO EVALUATION FAILURE ================
scenario: yaw_10deg
attempts: 0
failure_reason: camera_1:no_image;camera_2:no_image
camera_1 markers: 0
camera_2 markers: 0
camera_1 image: 
camera_2 image: 
==========================================================

