[INFO] [1780482213.244955330] [aruco_rig_evaluator]: ArUco Rig Evaluator started.
[INFO] [1780482213.267978335] [aruco_rig_evaluator]: Scenario: yaw_30deg
[INFO] [1780482213.294230218] [aruco_rig_evaluator]: Config: src/calib_lab/config/ground_truth_minimal.yaml
[INFO] [1780482213.311450519] [aruco_rig_evaluator]: ArUco config: src/calib_lab/config/aruco_target.yaml
[INFO] [1780482213.330061043] [aruco_rig_evaluator]: Output CSV: results/aruco/target_aruco_6x4_marker0_15_sep0_06/res640x480/yaw/raw_results.csv
[INFO] [1780482213.351848281] [aruco_rig_evaluator]: Debug dir: results/aruco/target_aruco_6x4_marker0_15_sep0_06/res640x480/yaw/debug_images
[INFO] [1780482213.374054537] [aruco_rig_evaluator]: Board: 6x4, marker_length=0.15, separation=0.06, dictionary=DICT_4X4_50
[INFO] [1780482213.400829238] [aruco_rig_evaluator]: Expected baseline: 0.7000 m
[INFO] [1780482213.422964929] [aruco_rig_evaluator]: Max attempts: 1
[INFO] [1780482213.710648331] [aruco_rig_evaluator]: 
================ ARUCO EVALUATION SUCCESS ================
scenario: yaw_30deg
attempts: 1
camera_1: method=aruco/gray, markers=16, t_cam_target=[-0.7547, -0.3910, 1.0694] m
camera_2: method=aruco/gray, markers=16, t_cam_target=[-0.2197, -0.3909, 1.0761] m

Estimated relative transform from common ArUco target:
T_camera_1_camera_2 translation = [-0.4869, -0.0006, 0.0041] m
estimated baseline norm = 0.4869 m
expected baseline norm  = 0.7000 m
baseline error          = 0.2131 m (21.31 cm)
estimated relative rotation angle = 2.5745 deg
expected relative rotation angle  = 0.0000 deg
rotation angle error              = 2.5745 deg
camera_1 image: results/aruco/target_aruco_6x4_marker0_15_sep0_06/res640x480/yaw/debug_images/yaw_30deg_camera_1_aruco_gray.png
camera_2 image: results/aruco/target_aruco_6x4_marker0_15_sep0_06/res640x480/yaw/debug_images/yaw_30deg_camera_2_aruco_gray.png
==========================================================

