[INFO] [1780420429.504256874] [aruco_rig_evaluator]: ArUco Rig Evaluator started.
[INFO] [1780420429.504761401] [aruco_rig_evaluator]: Scenario: yaw_40deg
[INFO] [1780420429.505163676] [aruco_rig_evaluator]: Config: src/calib_lab/config/ground_truth_minimal.yaml
[INFO] [1780420429.505563212] [aruco_rig_evaluator]: ArUco config: src/calib_lab/config/aruco_target.yaml
[INFO] [1780420429.506033908] [aruco_rig_evaluator]: Output CSV: results/aruco/target_aruco_6x4_marker0_15_sep0_06/res640x480/yaw/raw_results.csv
[INFO] [1780420429.506527004] [aruco_rig_evaluator]: Debug dir: results/aruco/target_aruco_6x4_marker0_15_sep0_06/res640x480/yaw/debug_images
[INFO] [1780420429.506990380] [aruco_rig_evaluator]: Board: 6x4, marker_length=0.15, separation=0.06, dictionary=DICT_4X4_50
[INFO] [1780420429.507459456] [aruco_rig_evaluator]: Expected baseline: 0.7000 m
[INFO] [1780420429.508180136] [aruco_rig_evaluator]: Max attempts: 1
[INFO] [1780420430.010786096] [aruco_rig_evaluator]: 
================ ARUCO EVALUATION SUCCESS ================
scenario: yaw_40deg
attempts: 1
camera_1: method=aruco/gray, markers=16, t_cam_target=[-0.6934, -0.3908, 0.9926] m
camera_2: method=aruco/gray, markers=16, t_cam_target=[-0.1601, -0.3908, 1.0004] m

Estimated relative transform from common ArUco target:
T_camera_1_camera_2 translation = [-0.4949, 0.0004, -0.0007] m
estimated baseline norm = 0.4949 m
expected baseline norm  = 0.7000 m
baseline error          = 0.2051 m (20.51 cm)
estimated relative rotation angle = 2.2110 deg
expected relative rotation angle  = 0.0000 deg
rotation angle error              = 2.2110 deg
camera_1 image: results/aruco/target_aruco_6x4_marker0_15_sep0_06/res640x480/yaw/debug_images/yaw_40deg_camera_1_aruco_gray.png
camera_2 image: results/aruco/target_aruco_6x4_marker0_15_sep0_06/res640x480/yaw/debug_images/yaw_40deg_camera_2_aruco_gray.png
==========================================================

