[INFO] [1780420426.989875824] [aruco_rig_evaluator]: ArUco Rig Evaluator started.
[INFO] [1780420426.990403481] [aruco_rig_evaluator]: Scenario: yaw_35deg
[INFO] [1780420426.990779086] [aruco_rig_evaluator]: Config: src/calib_lab/config/ground_truth_minimal.yaml
[INFO] [1780420426.991201891] [aruco_rig_evaluator]: ArUco config: src/calib_lab/config/aruco_target.yaml
[INFO] [1780420426.991658297] [aruco_rig_evaluator]: Output CSV: results/aruco/target_aruco_6x4_marker0_15_sep0_06/res640x480/yaw/raw_results.csv
[INFO] [1780420426.992099163] [aruco_rig_evaluator]: Debug dir: results/aruco/target_aruco_6x4_marker0_15_sep0_06/res640x480/yaw/debug_images
[INFO] [1780420426.992491218] [aruco_rig_evaluator]: Board: 6x4, marker_length=0.15, separation=0.06, dictionary=DICT_4X4_50
[INFO] [1780420426.992924064] [aruco_rig_evaluator]: Expected baseline: 0.7000 m
[INFO] [1780420426.993384490] [aruco_rig_evaluator]: Max attempts: 1
[INFO] [1780420427.492648817] [aruco_rig_evaluator]: 
================ ARUCO EVALUATION SUCCESS ================
scenario: yaw_35deg
attempts: 1
camera_1: method=aruco/gray, markers=16, t_cam_target=[-0.7256, -0.3910, 1.0304] m
camera_2: method=aruco/gray, markers=16, t_cam_target=[-0.1909, -0.3910, 1.0388] m

Estimated relative transform from common ArUco target:
T_camera_1_camera_2 translation = [-0.4903, 0.0002, 0.0008] m
estimated baseline norm = 0.4903 m
expected baseline norm  = 0.7000 m
baseline error          = 0.2097 m (20.97 cm)
estimated relative rotation angle = 2.4672 deg
expected relative rotation angle  = 0.0000 deg
rotation angle error              = 2.4672 deg
camera_1 image: results/aruco/target_aruco_6x4_marker0_15_sep0_06/res640x480/yaw/debug_images/yaw_35deg_camera_1_aruco_gray.png
camera_2 image: results/aruco/target_aruco_6x4_marker0_15_sep0_06/res640x480/yaw/debug_images/yaw_35deg_camera_2_aruco_gray.png
==========================================================

