[INFO] [1780420431.941232173] [aruco_rig_evaluator]: ArUco Rig Evaluator started.
[INFO] [1780420431.941856071] [aruco_rig_evaluator]: Scenario: yaw_45deg
[INFO] [1780420431.942317887] [aruco_rig_evaluator]: Config: src/calib_lab/config/ground_truth_minimal.yaml
[INFO] [1780420431.942710413] [aruco_rig_evaluator]: ArUco config: src/calib_lab/config/aruco_target.yaml
[INFO] [1780420431.943115658] [aruco_rig_evaluator]: Output CSV: results/aruco/target_aruco_6x4_marker0_15_sep0_06/res640x480/yaw/raw_results.csv
[INFO] [1780420431.943542473] [aruco_rig_evaluator]: Debug dir: results/aruco/target_aruco_6x4_marker0_15_sep0_06/res640x480/yaw/debug_images
[INFO] [1780420431.943926268] [aruco_rig_evaluator]: Board: 6x4, marker_length=0.15, separation=0.06, dictionary=DICT_4X4_50
[INFO] [1780420431.944379494] [aruco_rig_evaluator]: Expected baseline: 0.7000 m
[INFO] [1780420431.944869581] [aruco_rig_evaluator]: Max attempts: 1
[INFO] [1780420432.438954820] [aruco_rig_evaluator]: 
================ ARUCO EVALUATION SUCCESS ================
scenario: yaw_45deg
attempts: 1
camera_1: method=aruco/gray, markers=16, t_cam_target=[-0.6578, -0.3909, 0.9588] m
camera_2: method=aruco/gray, markers=16, t_cam_target=[-0.1259, -0.3906, 0.9680] m

Estimated relative transform from common ArUco target:
T_camera_1_camera_2 translation = [-0.4935, -0.0005, -0.0036] m
estimated baseline norm = 0.4935 m
expected baseline norm  = 0.7000 m
baseline error          = 0.2065 m (20.65 cm)
estimated relative rotation angle = 2.2821 deg
expected relative rotation angle  = 0.0000 deg
rotation angle error              = 2.2821 deg
camera_1 image: results/aruco/target_aruco_6x4_marker0_15_sep0_06/res640x480/yaw/debug_images/yaw_45deg_camera_1_aruco_gray.png
camera_2 image: results/aruco/target_aruco_6x4_marker0_15_sep0_06/res640x480/yaw/debug_images/yaw_45deg_camera_2_aruco_gray.png
==========================================================

