[INFO] [1780420376.576141243] [aruco_rig_evaluator]: ArUco Rig Evaluator started.
[INFO] [1780420376.576731130] [aruco_rig_evaluator]: Scenario: close_1_4m_yaw_10deg
[INFO] [1780420376.577205807] [aruco_rig_evaluator]: Config: src/calib_lab/config/ground_truth_minimal.yaml
[INFO] [1780420376.577648682] [aruco_rig_evaluator]: ArUco config: src/calib_lab/config/aruco_target.yaml
[INFO] [1780420376.578090208] [aruco_rig_evaluator]: Output CSV: results/aruco/target_aruco_6x4_marker0_15_sep0_06/res320x240/mixed/raw_results.csv
[INFO] [1780420376.578570514] [aruco_rig_evaluator]: Debug dir: results/aruco/target_aruco_6x4_marker0_15_sep0_06/res320x240/mixed/debug_images
[INFO] [1780420376.579196723] [aruco_rig_evaluator]: Board: 6x4, marker_length=0.15, separation=0.06, dictionary=DICT_4X4_50
[INFO] [1780420376.579650789] [aruco_rig_evaluator]: Expected baseline: 0.7000 m
[INFO] [1780420376.580112795] [aruco_rig_evaluator]: Max attempts: 1
[INFO] [1780420377.072005325] [aruco_rig_evaluator]: 
================ ARUCO EVALUATION SUCCESS ================
scenario: close_1_4m_yaw_10deg
attempts: 1
camera_1: method=aruco/gray, markers=16, t_cam_target=[-0.8805, -0.3916, 1.4917] m
camera_2: method=aruco/gray, markers=15, t_cam_target=[-0.8462, -0.7998, 1.8368] m

Estimated relative transform from common ArUco target:
T_camera_1_camera_2 translation = [-1.5142, -0.0642, -0.5627] m
estimated baseline norm = 1.6167 m
expected baseline norm  = 0.7000 m
baseline error          = 0.9167 m (91.67 cm)
estimated relative rotation angle = 42.9137 deg
expected relative rotation angle  = 0.0000 deg
rotation angle error              = 42.9137 deg
camera_1 image: results/aruco/target_aruco_6x4_marker0_15_sep0_06/res320x240/mixed/debug_images/close_1_4m_yaw_10deg_camera_1_aruco_gray.png
camera_2 image: results/aruco/target_aruco_6x4_marker0_15_sep0_06/res320x240/mixed/debug_images/close_1_4m_yaw_10deg_camera_2_aruco_gray.png
==========================================================

