[INFO] [1780420374.213247712] [aruco_rig_evaluator]: ArUco Rig Evaluator started.
[INFO] [1780420374.213721519] [aruco_rig_evaluator]: Scenario: far_2_4m_yaw_30deg
[INFO] [1780420374.214114514] [aruco_rig_evaluator]: Config: src/calib_lab/config/ground_truth_minimal.yaml
[INFO] [1780420374.214560609] [aruco_rig_evaluator]: ArUco config: src/calib_lab/config/aruco_target.yaml
[INFO] [1780420374.215000475] [aruco_rig_evaluator]: Output CSV: results/aruco/target_aruco_6x4_marker0_15_sep0_06/res320x240/mixed/raw_results.csv
[INFO] [1780420374.215463461] [aruco_rig_evaluator]: Debug dir: results/aruco/target_aruco_6x4_marker0_15_sep0_06/res320x240/mixed/debug_images
[INFO] [1780420374.215931597] [aruco_rig_evaluator]: Board: 6x4, marker_length=0.15, separation=0.06, dictionary=DICT_4X4_50
[INFO] [1780420374.216385863] [aruco_rig_evaluator]: Expected baseline: 0.7000 m
[INFO] [1780420374.216838459] [aruco_rig_evaluator]: Max attempts: 1
[INFO] [1780420374.699145495] [aruco_rig_evaluator]: 
================ ARUCO EVALUATION SUCCESS ================
scenario: far_2_4m_yaw_30deg
attempts: 1
camera_1: method=aruco/gray, markers=9, t_cam_target=[-0.7558, -0.3964, 1.5472] m
camera_2: method=aruco/gray, markers=9, t_cam_target=[-0.2126, -0.3960, 1.5261] m

Estimated relative transform from common ArUco target:
T_camera_1_camera_2 translation = [-0.4981, -0.0195, 0.0231] m
estimated baseline norm = 0.4991 m
expected baseline norm  = 0.7000 m
baseline error          = 0.2009 m (20.09 cm)
estimated relative rotation angle = 1.7770 deg
expected relative rotation angle  = 0.0000 deg
rotation angle error              = 1.7770 deg
camera_1 image: results/aruco/target_aruco_6x4_marker0_15_sep0_06/res320x240/mixed/debug_images/far_2_4m_yaw_30deg_camera_1_aruco_gray.png
camera_2 image: results/aruco/target_aruco_6x4_marker0_15_sep0_06/res320x240/mixed/debug_images/far_2_4m_yaw_30deg_camera_2_aruco_gray.png
==========================================================

