[INFO] [1780420371.852505060] [aruco_rig_evaluator]: ArUco Rig Evaluator started.
[INFO] [1780420371.853020197] [aruco_rig_evaluator]: Scenario: far_2_4m_yaw_20deg
[INFO] [1780420371.853447623] [aruco_rig_evaluator]: Config: src/calib_lab/config/ground_truth_minimal.yaml
[INFO] [1780420371.853925759] [aruco_rig_evaluator]: ArUco config: src/calib_lab/config/aruco_target.yaml
[INFO] [1780420371.854417305] [aruco_rig_evaluator]: Output CSV: results/aruco/target_aruco_6x4_marker0_15_sep0_06/res320x240/mixed/raw_results.csv
[INFO] [1780420371.854912712] [aruco_rig_evaluator]: Debug dir: results/aruco/target_aruco_6x4_marker0_15_sep0_06/res320x240/mixed/debug_images
[INFO] [1780420371.855415258] [aruco_rig_evaluator]: Board: 6x4, marker_length=0.15, separation=0.06, dictionary=DICT_4X4_50
[INFO] [1780420371.855859294] [aruco_rig_evaluator]: Expected baseline: 0.7000 m
[INFO] [1780420371.856345151] [aruco_rig_evaluator]: Max attempts: 1
[INFO] [1780420372.348730258] [aruco_rig_evaluator]: 
================ ARUCO EVALUATION SUCCESS ================
scenario: far_2_4m_yaw_20deg
attempts: 1
camera_1: method=aruco/gray, markers=16, t_cam_target=[-0.8805, -0.3916, 1.4917] m
camera_2: method=aruco/gray, markers=9, t_cam_target=[-1.1961, -1.0967, 3.2208] m

Estimated relative transform from common ArUco target:
T_camera_1_camera_2 translation = [-2.8686, -0.2609, -1.5145] m
estimated baseline norm = 3.2543 m
expected baseline norm  = 0.7000 m
baseline error          = 2.5543 m (255.43 cm)
estimated relative rotation angle = 55.5983 deg
expected relative rotation angle  = 0.0000 deg
rotation angle error              = 55.5983 deg
camera_1 image: results/aruco/target_aruco_6x4_marker0_15_sep0_06/res320x240/mixed/debug_images/far_2_4m_yaw_20deg_camera_1_aruco_gray.png
camera_2 image: results/aruco/target_aruco_6x4_marker0_15_sep0_06/res320x240/mixed/debug_images/far_2_4m_yaw_20deg_camera_2_aruco_gray.png
==========================================================

