[INFO] [1780420381.374472632] [aruco_rig_evaluator]: ArUco Rig Evaluator started.
[INFO] [1780420381.375024469] [aruco_rig_evaluator]: Scenario: shift_right_0_2m_yaw_20deg
[INFO] [1780420381.375513265] [aruco_rig_evaluator]: Config: src/calib_lab/config/ground_truth_minimal.yaml
[INFO] [1780420381.375990181] [aruco_rig_evaluator]: ArUco config: src/calib_lab/config/aruco_target.yaml
[INFO] [1780420381.376474158] [aruco_rig_evaluator]: Output CSV: results/aruco/target_aruco_6x4_marker0_15_sep0_06/res320x240/mixed/raw_results.csv
[INFO] [1780420381.376957524] [aruco_rig_evaluator]: Debug dir: results/aruco/target_aruco_6x4_marker0_15_sep0_06/res320x240/mixed/debug_images
[INFO] [1780420381.377448050] [aruco_rig_evaluator]: Board: 6x4, marker_length=0.15, separation=0.06, dictionary=DICT_4X4_50
[INFO] [1780420381.377936097] [aruco_rig_evaluator]: Expected baseline: 0.7000 m
[INFO] [1780420381.378364812] [aruco_rig_evaluator]: Max attempts: 1
[INFO] [1780420381.865842415] [aruco_rig_evaluator]: 
================ ARUCO EVALUATION SUCCESS ================
scenario: shift_right_0_2m_yaw_20deg
attempts: 1
camera_1: method=aruco/gray, markers=11, t_cam_target=[-1.5890, -0.8846, 2.2527] m
camera_2: method=aruco/gray, markers=13, t_cam_target=[-1.0869, -0.8956, 2.3031] m

Estimated relative transform from common ArUco target:
T_camera_1_camera_2 translation = [-0.4165, 0.1514, 0.0527] m
estimated baseline norm = 0.4462 m
expected baseline norm  = 0.7000 m
baseline error          = 0.2538 m (25.38 cm)
estimated relative rotation angle = 4.6569 deg
expected relative rotation angle  = 0.0000 deg
rotation angle error              = 4.6569 deg
camera_1 image: results/aruco/target_aruco_6x4_marker0_15_sep0_06/res320x240/mixed/debug_images/shift_right_0_2m_yaw_20deg_camera_1_aruco_gray.png
camera_2 image: results/aruco/target_aruco_6x4_marker0_15_sep0_06/res320x240/mixed/debug_images/shift_right_0_2m_yaw_20deg_camera_2_aruco_gray.png
==========================================================

