[INFO] [1780420378.949585191] [aruco_rig_evaluator]: ArUco Rig Evaluator started.
[INFO] [1780420378.950128778] [aruco_rig_evaluator]: Scenario: shift_left_0_2m_yaw_20deg
[INFO] [1780420378.950525693] [aruco_rig_evaluator]: Config: src/calib_lab/config/ground_truth_minimal.yaml
[INFO] [1780420378.950967399] [aruco_rig_evaluator]: ArUco config: src/calib_lab/config/aruco_target.yaml
[INFO] [1780420378.951459255] [aruco_rig_evaluator]: Output CSV: results/aruco/target_aruco_6x4_marker0_15_sep0_06/res320x240/mixed/raw_results.csv
[INFO] [1780420378.951940832] [aruco_rig_evaluator]: Debug dir: results/aruco/target_aruco_6x4_marker0_15_sep0_06/res320x240/mixed/debug_images
[INFO] [1780420378.952438448] [aruco_rig_evaluator]: Board: 6x4, marker_length=0.15, separation=0.06, dictionary=DICT_4X4_50
[INFO] [1780420378.952921724] [aruco_rig_evaluator]: Expected baseline: 0.7000 m
[INFO] [1780420378.953372660] [aruco_rig_evaluator]: Max attempts: 1
[INFO] [1780420379.437573490] [aruco_rig_evaluator]: 
================ ARUCO EVALUATION SUCCESS ================
scenario: shift_left_0_2m_yaw_20deg
attempts: 1
camera_1: method=aruco/gray, markers=14, t_cam_target=[-0.6513, -0.3923, 1.1644] m
camera_2: method=aruco/gray, markers=12, t_cam_target=[-0.1106, -0.3952, 1.1664] m

Estimated relative transform from common ArUco target:
T_camera_1_camera_2 translation = [-0.4972, 0.0086, 0.0048] m
estimated baseline norm = 0.4973 m
expected baseline norm  = 0.7000 m
baseline error          = 0.2027 m (20.27 cm)
estimated relative rotation angle = 2.1391 deg
expected relative rotation angle  = 0.0000 deg
rotation angle error              = 2.1391 deg
camera_1 image: results/aruco/target_aruco_6x4_marker0_15_sep0_06/res320x240/mixed/debug_images/shift_left_0_2m_yaw_20deg_camera_1_aruco_gray.png
camera_2 image: results/aruco/target_aruco_6x4_marker0_15_sep0_06/res320x240/mixed/debug_images/shift_left_0_2m_yaw_20deg_camera_2_aruco_gray.png
==========================================================

