[INFO] [1780738602.409712588] [charuco_rig_evaluator]: ChArUco Rig Evaluator started.
[INFO] [1780738602.410453506] [charuco_rig_evaluator]: Scenario: shift_right_0_4m
[INFO] [1780738602.411027621] [charuco_rig_evaluator]: Config: src/calib_lab/config/ground_truth_minimal.yaml
[INFO] [1780738602.411577240] [charuco_rig_evaluator]: ChArUco config: src/calib_lab/config/charuco_target.yaml
[INFO] [1780738602.412006053] [charuco_rig_evaluator]: Output CSV: results/charuco/target_charuco_current/res640x480/shift/raw_results.csv
[INFO] [1780738602.412492444] [charuco_rig_evaluator]: Debug dir: results/charuco/target_charuco_current/res640x480/shift/debug_images
[INFO] [1780738602.412974938] [charuco_rig_evaluator]: Board: 7x5, square_length=0.12, marker_length=0.09, dictionary=DICT_4X4_50
[INFO] [1780738602.413519167] [charuco_rig_evaluator]: Expected baseline: 0.7000 m
[INFO] [1780738602.413822815] [charuco_rig_evaluator]: Max attempts: 1
[INFO] [1780738602.908688540] [charuco_rig_evaluator]: 
================ CHARUCO EVALUATION SUCCESS ================
scenario: shift_right_0_4m
attempts: 1
camera_1: method=charuco/gray, markers=12, charuco_corners=16, t_cam_target=[-1.1433, 0.2932, 1.7305] m
camera_2: method=charuco/gray, markers=17, charuco_corners=24, t_cam_target=[-0.4743, 0.2936, 1.7200] m

Estimated relative transform from common ChArUco target:
T_camera_1_camera_2 translation = [-0.6421, 0.0938, 0.0047] m
estimated baseline norm = 0.6489 m
expected baseline norm  = 0.7000 m
baseline error          = 0.0511 m (5.11 cm)
estimated relative rotation angle = 3.2216 deg
expected relative rotation angle  = 0.0000 deg
rotation angle error              = 3.2216 deg
camera_1 image: results/charuco/target_charuco_current/res640x480/shift/debug_images/shift_right_0_4m_camera_1_charuco_gray.png
camera_2 image: results/charuco/target_charuco_current/res640x480/shift/debug_images/shift_right_0_4m_camera_2_charuco_gray.png
============================================================

