[INFO] [1780738596.873245552] [charuco_rig_evaluator]: ChArUco Rig Evaluator started.
[INFO] [1780738596.873675797] [charuco_rig_evaluator]: Scenario: shift_left_0_2m
[INFO] [1780738596.873961152] [charuco_rig_evaluator]: Config: src/calib_lab/config/ground_truth_minimal.yaml
[INFO] [1780738596.874440208] [charuco_rig_evaluator]: ChArUco config: src/calib_lab/config/charuco_target.yaml
[INFO] [1780738596.874760618] [charuco_rig_evaluator]: Output CSV: results/charuco/target_charuco_current/res640x480/shift/raw_results.csv
[INFO] [1780738596.875032888] [charuco_rig_evaluator]: Debug dir: results/charuco/target_charuco_current/res640x480/shift/debug_images
[INFO] [1780738596.875377574] [charuco_rig_evaluator]: Board: 7x5, square_length=0.12, marker_length=0.09, dictionary=DICT_4X4_50
[INFO] [1780738596.875642030] [charuco_rig_evaluator]: Expected baseline: 0.7000 m
[INFO] [1780738596.875900093] [charuco_rig_evaluator]: Max attempts: 1
[INFO] [1780738597.390673689] [charuco_rig_evaluator]: 
================ CHARUCO EVALUATION SUCCESS ================
scenario: shift_left_0_2m
attempts: 1
camera_1: method=charuco/gray, markers=17, charuco_corners=24, t_cam_target=[-0.5697, 0.2938, 1.7251] m
camera_2: method=charuco/gray, markers=17, charuco_corners=24, t_cam_target=[0.0971, 0.2905, 1.6905] m

Estimated relative transform from common ChArUco target:
T_camera_1_camera_2 translation = [-0.7312, 0.0934, 0.0265] m
estimated baseline norm = 0.7376 m
expected baseline norm  = 0.7000 m
baseline error          = 0.0376 m (3.76 cm)
estimated relative rotation angle = 3.7155 deg
expected relative rotation angle  = 0.0000 deg
rotation angle error              = 3.7155 deg
camera_1 image: results/charuco/target_charuco_current/res640x480/shift/debug_images/shift_left_0_2m_camera_1_charuco_gray.png
camera_2 image: results/charuco/target_charuco_current/res640x480/shift/debug_images/shift_left_0_2m_camera_2_charuco_gray.png
============================================================

