[INFO] [1780738599.652782645] [charuco_rig_evaluator]: ChArUco Rig Evaluator started.
[INFO] [1780738599.653352863] [charuco_rig_evaluator]: Scenario: shift_right_0_2m
[INFO] [1780738599.653849945] [charuco_rig_evaluator]: Config: src/calib_lab/config/ground_truth_minimal.yaml
[INFO] [1780738599.654406046] [charuco_rig_evaluator]: ChArUco config: src/calib_lab/config/charuco_target.yaml
[INFO] [1780738599.654835590] [charuco_rig_evaluator]: Output CSV: results/charuco/target_charuco_current/res640x480/shift/raw_results.csv
[INFO] [1780738599.655600984] [charuco_rig_evaluator]: Debug dir: results/charuco/target_charuco_current/res640x480/shift/debug_images
[INFO] [1780738599.656061477] [charuco_rig_evaluator]: Board: 7x5, square_length=0.12, marker_length=0.09, dictionary=DICT_4X4_50
[INFO] [1780738599.656684312] [charuco_rig_evaluator]: Expected baseline: 0.7000 m
[INFO] [1780738599.657222810] [charuco_rig_evaluator]: Max attempts: 1
[INFO] [1780738600.151159352] [charuco_rig_evaluator]: 
================ CHARUCO EVALUATION SUCCESS ================
scenario: shift_right_0_2m
attempts: 1
camera_1: method=charuco/gray, markers=17, charuco_corners=24, t_cam_target=[-0.9478, 0.2975, 1.7284] m
camera_2: method=charuco/gray, markers=17, charuco_corners=24, t_cam_target=[-0.2839, 0.2920, 1.6978] m

Estimated relative transform from common ChArUco target:
T_camera_1_camera_2 translation = [-0.7203, 0.1081, 0.0077] m
estimated baseline norm = 0.7284 m
expected baseline norm  = 0.7000 m
baseline error          = 0.0284 m (2.84 cm)
estimated relative rotation angle = 3.9629 deg
expected relative rotation angle  = 0.0000 deg
rotation angle error              = 3.9629 deg
camera_1 image: results/charuco/target_charuco_current/res640x480/shift/debug_images/shift_right_0_2m_camera_1_charuco_gray.png
camera_2 image: results/charuco/target_charuco_current/res640x480/shift/debug_images/shift_right_0_2m_camera_2_charuco_gray.png
============================================================

