[INFO] [1780413623.620632118] [checkerboard_rig_evaluator]: Checkerboard Rig Evaluator started.
[INFO] [1780413623.621327387] [checkerboard_rig_evaluator]: Scenario: yaw_30deg
[INFO] [1780413623.621730012] [checkerboard_rig_evaluator]: Config: src/calib_lab/config/ground_truth_minimal.yaml
[INFO] [1780413623.622166737] [checkerboard_rig_evaluator]: Output CSV: results/checkerboard/target_9x6_square0_12/res320x240/yaw/raw_results.csv
[INFO] [1780413623.622594963] [checkerboard_rig_evaluator]: Debug dir: results/checkerboard/target_9x6_square0_12/res320x240/yaw/debug_images
[INFO] [1780413623.623029008] [checkerboard_rig_evaluator]: Max valid samples: 1
[INFO] [1780413623.623493734] [checkerboard_rig_evaluator]: Max attempts: 1
[INFO] [1780413623.623899169] [checkerboard_rig_evaluator]: Ready timeout: 20.0 sec
[INFO] [1780413623.624365415] [checkerboard_rig_evaluator]: Checkerboard pattern: (9, 6), square_size=0.12 m
[INFO] [1780413623.624766650] [checkerboard_rig_evaluator]: Expected baseline: 0.7000 m
[INFO] [1780413624.127849617] [checkerboard_rig_evaluator]: 
================ CHECKERBOARD EVALUATION SUCCESS ================
scenario: yaw_30deg
attempts: 1
camera_1_status: SB
camera_2_status: SB
estimated baseline: 0.6853 m
baseline error: 0.0147 m (1.47 cm)
rotation error: 0.4844 deg
translation: [-0.6852, -0.0030, -0.0038]
camera_1 image: results/checkerboard/target_9x6_square0_12/res320x240/yaw/debug_images/yaw_30deg_camera_1_SB.png
camera_2 image: results/checkerboard/target_9x6_square0_12/res320x240/yaw/debug_images/yaw_30deg_camera_2_SB.png
=================================================================

