[INFO] [1780413616.523256014] [checkerboard_rig_evaluator]: Checkerboard Rig Evaluator started.
[INFO] [1780413616.523752920] [checkerboard_rig_evaluator]: Scenario: yaw_0deg
[INFO] [1780413616.524148425] [checkerboard_rig_evaluator]: Config: src/calib_lab/config/ground_truth_minimal.yaml
[INFO] [1780413616.524563820] [checkerboard_rig_evaluator]: Output CSV: results/checkerboard/target_9x6_square0_12/res320x240/yaw/raw_results.csv
[INFO] [1780413616.524951135] [checkerboard_rig_evaluator]: Debug dir: results/checkerboard/target_9x6_square0_12/res320x240/yaw/debug_images
[INFO] [1780413616.525351750] [checkerboard_rig_evaluator]: Max valid samples: 1
[INFO] [1780413616.525750575] [checkerboard_rig_evaluator]: Max attempts: 1
[INFO] [1780413616.526168910] [checkerboard_rig_evaluator]: Ready timeout: 20.0 sec
[INFO] [1780413616.526612176] [checkerboard_rig_evaluator]: Checkerboard pattern: (9, 6), square_size=0.12 m
[INFO] [1780413616.527006821] [checkerboard_rig_evaluator]: Expected baseline: 0.7000 m
[INFO] [1780413617.031047909] [checkerboard_rig_evaluator]: 
================ CHECKERBOARD EVALUATION SUCCESS ================
scenario: yaw_0deg
attempts: 1
camera_1_status: SB
camera_2_status: SB
estimated baseline: 0.7060 m
baseline error: 0.0060 m (0.60 cm)
rotation error: 0.2631 deg
translation: [-0.7060, -0.0001, 0.0012]
camera_1 image: results/checkerboard/target_9x6_square0_12/res320x240/yaw/debug_images/yaw_0deg_camera_1_SB.png
camera_2 image: results/checkerboard/target_9x6_square0_12/res320x240/yaw/debug_images/yaw_0deg_camera_2_SB.png
=================================================================

