[INFO] [1780413621.266575606] [checkerboard_rig_evaluator]: Checkerboard Rig Evaluator started.
[INFO] [1780413621.267102553] [checkerboard_rig_evaluator]: Scenario: yaw_20deg
[INFO] [1780413621.267497128] [checkerboard_rig_evaluator]: Config: src/calib_lab/config/ground_truth_minimal.yaml
[INFO] [1780413621.267967544] [checkerboard_rig_evaluator]: Output CSV: results/checkerboard/target_9x6_square0_12/res320x240/yaw/raw_results.csv
[INFO] [1780413621.268480070] [checkerboard_rig_evaluator]: Debug dir: results/checkerboard/target_9x6_square0_12/res320x240/yaw/debug_images
[INFO] [1780413621.268956366] [checkerboard_rig_evaluator]: Max valid samples: 1
[INFO] [1780413621.269380522] [checkerboard_rig_evaluator]: Max attempts: 1
[INFO] [1780413621.269774666] [checkerboard_rig_evaluator]: Ready timeout: 20.0 sec
[INFO] [1780413621.270210212] [checkerboard_rig_evaluator]: Checkerboard pattern: (9, 6), square_size=0.12 m
[INFO] [1780413621.270599067] [checkerboard_rig_evaluator]: Expected baseline: 0.7000 m
[INFO] [1780413621.772563640] [checkerboard_rig_evaluator]: 
================ CHECKERBOARD EVALUATION SUCCESS ================
scenario: yaw_20deg
attempts: 1
camera_1_status: SB
camera_2_status: SB
estimated baseline: 0.6954 m
baseline error: 0.0046 m (0.46 cm)
rotation error: 0.1814 deg
translation: [-0.6954, -0.0035, -0.0025]
camera_1 image: results/checkerboard/target_9x6_square0_12/res320x240/yaw/debug_images/yaw_20deg_camera_1_SB.png
camera_2 image: results/checkerboard/target_9x6_square0_12/res320x240/yaw/debug_images/yaw_20deg_camera_2_SB.png
=================================================================

