[INFO] [1780420317.250750941] [aruco_rig_evaluator]: ArUco Rig Evaluator started.
[INFO] [1780420317.251310858] [aruco_rig_evaluator]: Scenario: dist_2_2m
[INFO] [1780420317.251776755] [aruco_rig_evaluator]: Config: src/calib_lab/config/ground_truth_minimal.yaml
[INFO] [1780420317.252243411] [aruco_rig_evaluator]: ArUco config: src/calib_lab/config/aruco_target.yaml
[INFO] [1780420317.252697047] [aruco_rig_evaluator]: Output CSV: results/aruco/target_aruco_6x4_marker0_15_sep0_06/res320x240/distance/raw_results.csv
[INFO] [1780420317.253088742] [aruco_rig_evaluator]: Debug dir: results/aruco/target_aruco_6x4_marker0_15_sep0_06/res320x240/distance/debug_images
[INFO] [1780420317.253483687] [aruco_rig_evaluator]: Board: 6x4, marker_length=0.15, separation=0.06, dictionary=DICT_4X4_50
[INFO] [1780420317.253880082] [aruco_rig_evaluator]: Expected baseline: 0.7000 m
[INFO] [1780420317.254256167] [aruco_rig_evaluator]: Max attempts: 1
[INFO] [1780420317.740470833] [aruco_rig_evaluator]: 
================ ARUCO EVALUATION SUCCESS ================
scenario: dist_2_2m
attempts: 1
camera_1: method=aruco/gray, markers=12, t_cam_target=[-1.8702, -1.1550, 3.5147] m
camera_2: method=aruco/gray, markers=10, t_cam_target=[-0.3096, -0.3955, 1.6961] m

Estimated relative transform from common ArUco target:
T_camera_1_camera_2 translation = [-1.9879, -0.6229, 1.8318] m
estimated baseline norm = 2.7740 m
expected baseline norm  = 0.7000 m
baseline error          = 2.0740 m (207.40 cm)
estimated relative rotation angle = 14.9194 deg
expected relative rotation angle  = 0.0000 deg
rotation angle error              = 14.9194 deg
camera_1 image: results/aruco/target_aruco_6x4_marker0_15_sep0_06/res320x240/distance/debug_images/dist_2_2m_camera_1_aruco_gray.png
camera_2 image: results/aruco/target_aruco_6x4_marker0_15_sep0_06/res320x240/distance/debug_images/dist_2_2m_camera_2_aruco_gray.png
==========================================================

