[INFO] [1780420305.350415927] [aruco_rig_evaluator]: ArUco Rig Evaluator started.
[INFO] [1780420305.350968465] [aruco_rig_evaluator]: Scenario: dist_1_2m
[INFO] [1780420305.351425531] [aruco_rig_evaluator]: Config: src/calib_lab/config/ground_truth_minimal.yaml
[INFO] [1780420305.351814766] [aruco_rig_evaluator]: ArUco config: src/calib_lab/config/aruco_target.yaml
[INFO] [1780420305.352192131] [aruco_rig_evaluator]: Output CSV: results/aruco/target_aruco_6x4_marker0_15_sep0_06/res320x240/distance/raw_results.csv
[INFO] [1780420305.352614516] [aruco_rig_evaluator]: Debug dir: results/aruco/target_aruco_6x4_marker0_15_sep0_06/res320x240/distance/debug_images
[INFO] [1780420305.353161223] [aruco_rig_evaluator]: Board: 6x4, marker_length=0.15, separation=0.06, dictionary=DICT_4X4_50
[INFO] [1780420305.353725101] [aruco_rig_evaluator]: Expected baseline: 0.7000 m
[INFO] [1780420305.354144266] [aruco_rig_evaluator]: Max attempts: 1
[INFO] [1780420305.837616747] [aruco_rig_evaluator]: 
================ ARUCO EVALUATION SUCCESS ================
scenario: dist_1_2m
attempts: 1
camera_1: method=aruco/gray, markers=12, t_cam_target=[-0.8847, -0.3923, 0.9985] m
camera_2: method=aruco/gray, markers=12, t_cam_target=[-0.3146, -0.3922, 0.9068] m

Estimated relative transform from common ArUco target:
T_camera_1_camera_2 translation = [-0.7131, 0.0017, 0.0549] m
estimated baseline norm = 0.7152 m
expected baseline norm  = 0.7000 m
baseline error          = 0.0152 m (1.52 cm)
estimated relative rotation angle = 8.8247 deg
expected relative rotation angle  = 0.0000 deg
rotation angle error              = 8.8247 deg
camera_1 image: results/aruco/target_aruco_6x4_marker0_15_sep0_06/res320x240/distance/debug_images/dist_1_2m_camera_1_aruco_gray.png
camera_2 image: results/aruco/target_aruco_6x4_marker0_15_sep0_06/res320x240/distance/debug_images/dist_1_2m_camera_2_aruco_gray.png
==========================================================

