[INFO] [1780420314.871629009] [aruco_rig_evaluator]: ArUco Rig Evaluator started.
[INFO] [1780420314.872189906] [aruco_rig_evaluator]: Scenario: dist_2_0m
[INFO] [1780420314.872610262] [aruco_rig_evaluator]: Config: src/calib_lab/config/ground_truth_minimal.yaml
[INFO] [1780420314.873064787] [aruco_rig_evaluator]: ArUco config: src/calib_lab/config/aruco_target.yaml
[INFO] [1780420314.873450533] [aruco_rig_evaluator]: Output CSV: results/aruco/target_aruco_6x4_marker0_15_sep0_06/res320x240/distance/raw_results.csv
[INFO] [1780420314.873818167] [aruco_rig_evaluator]: Debug dir: results/aruco/target_aruco_6x4_marker0_15_sep0_06/res320x240/distance/debug_images
[INFO] [1780420314.874205752] [aruco_rig_evaluator]: Board: 6x4, marker_length=0.15, separation=0.06, dictionary=DICT_4X4_50
[INFO] [1780420314.874588327] [aruco_rig_evaluator]: Expected baseline: 0.7000 m
[INFO] [1780420314.874960582] [aruco_rig_evaluator]: Max attempts: 1
[INFO] [1780420315.372734120] [aruco_rig_evaluator]: 
================ ARUCO EVALUATION SUCCESS ================
scenario: dist_2_0m
attempts: 1
camera_1: method=aruco/gray, markers=16, t_cam_target=[-0.8805, -0.3916, 1.4917] m
camera_2: method=aruco/gray, markers=16, t_cam_target=[-0.3139, -0.3916, 1.3549] m

Estimated relative transform from common ArUco target:
T_camera_1_camera_2 translation = [-0.8830, 0.0019, 0.1015] m
estimated baseline norm = 0.8888 m
expected baseline norm  = 0.7000 m
baseline error          = 0.1888 m (18.88 cm)
estimated relative rotation angle = 13.1441 deg
expected relative rotation angle  = 0.0000 deg
rotation angle error              = 13.1441 deg
camera_1 image: results/aruco/target_aruco_6x4_marker0_15_sep0_06/res320x240/distance/debug_images/dist_2_0m_camera_1_aruco_gray.png
camera_2 image: results/aruco/target_aruco_6x4_marker0_15_sep0_06/res320x240/distance/debug_images/dist_2_0m_camera_2_aruco_gray.png
==========================================================

