[INFO] [1780420312.501996240] [aruco_rig_evaluator]: ArUco Rig Evaluator started.
[INFO] [1780420312.502575138] [aruco_rig_evaluator]: Scenario: dist_1_8m
[INFO] [1780420312.503030404] [aruco_rig_evaluator]: Config: src/calib_lab/config/ground_truth_minimal.yaml
[INFO] [1780420312.503449759] [aruco_rig_evaluator]: ArUco config: src/calib_lab/config/aruco_target.yaml
[INFO] [1780420312.503834354] [aruco_rig_evaluator]: Output CSV: results/aruco/target_aruco_6x4_marker0_15_sep0_06/res320x240/distance/raw_results.csv
[INFO] [1780420312.504236130] [aruco_rig_evaluator]: Debug dir: results/aruco/target_aruco_6x4_marker0_15_sep0_06/res320x240/distance/debug_images
[INFO] [1780420312.504709706] [aruco_rig_evaluator]: Board: 6x4, marker_length=0.15, separation=0.06, dictionary=DICT_4X4_50
[INFO] [1780420312.505166432] [aruco_rig_evaluator]: Expected baseline: 0.7000 m
[INFO] [1780420312.505624478] [aruco_rig_evaluator]: Max attempts: 1
[INFO] [1780420312.994233065] [aruco_rig_evaluator]: 
================ ARUCO EVALUATION SUCCESS ================
scenario: dist_1_8m
attempts: 1
camera_1: method=aruco/gray, markers=16, t_cam_target=[-1.6838, -1.0164, 2.8755] m
camera_2: method=aruco/gray, markers=15, t_cam_target=[-0.3146, -0.3924, 1.3568] m

Estimated relative transform from common ArUco target:
T_camera_1_camera_2 translation = [-1.7045, -0.5528, 1.5050] m
estimated baseline norm = 2.3401 m
expected baseline norm  = 0.7000 m
baseline error          = 1.6401 m (164.01 cm)
estimated relative rotation angle = 13.9379 deg
expected relative rotation angle  = 0.0000 deg
rotation angle error              = 13.9379 deg
camera_1 image: results/aruco/target_aruco_6x4_marker0_15_sep0_06/res320x240/distance/debug_images/dist_1_8m_camera_1_aruco_gray.png
camera_2 image: results/aruco/target_aruco_6x4_marker0_15_sep0_06/res320x240/distance/debug_images/dist_1_8m_camera_2_aruco_gray.png
==========================================================

