[INFO] [1780420321.984379924] [aruco_rig_evaluator]: ArUco Rig Evaluator started.
[INFO] [1780420321.984838520] [aruco_rig_evaluator]: Scenario: dist_2_6m
[INFO] [1780420321.985213935] [aruco_rig_evaluator]: Config: src/calib_lab/config/ground_truth_minimal.yaml
[INFO] [1780420321.985588440] [aruco_rig_evaluator]: ArUco config: src/calib_lab/config/aruco_target.yaml
[INFO] [1780420321.985955885] [aruco_rig_evaluator]: Output CSV: results/aruco/target_aruco_6x4_marker0_15_sep0_06/res320x240/distance/raw_results.csv
[INFO] [1780420321.986374830] [aruco_rig_evaluator]: Debug dir: results/aruco/target_aruco_6x4_marker0_15_sep0_06/res320x240/distance/debug_images
[INFO] [1780420321.986751415] [aruco_rig_evaluator]: Board: 6x4, marker_length=0.15, separation=0.06, dictionary=DICT_4X4_50
[INFO] [1780420321.987131110] [aruco_rig_evaluator]: Expected baseline: 0.7000 m
[INFO] [1780420321.987512665] [aruco_rig_evaluator]: Max attempts: 1
[INFO] [1780420322.483598030] [aruco_rig_evaluator]: 
================ ARUCO EVALUATION SUCCESS ================
scenario: dist_2_6m
attempts: 1
camera_1: method=aruco/gray, markers=16, t_cam_target=[-0.8805, -0.3916, 1.4917] m
camera_2: method=aruco/gray, markers=3, t_cam_target=[-1.5118, -1.3068, 4.2096] m

Estimated relative transform from common ArUco target:
T_camera_1_camera_2 translation = [0.6215, 0.5513, -2.8174] m
estimated baseline norm = 2.9373 m
expected baseline norm  = 0.7000 m
baseline error          = 2.2373 m (223.73 cm)
estimated relative rotation angle = 4.6427 deg
expected relative rotation angle  = 0.0000 deg
rotation angle error              = 4.6427 deg
camera_1 image: results/aruco/target_aruco_6x4_marker0_15_sep0_06/res320x240/distance/debug_images/dist_2_6m_camera_1_aruco_gray.png
camera_2 image: results/aruco/target_aruco_6x4_marker0_15_sep0_06/res320x240/distance/debug_images/dist_2_6m_camera_2_aruco_gray.png
==========================================================

