[INFO] [1780738479.460472054] [charuco_rig_evaluator]: ChArUco Rig Evaluator started.
[INFO] [1780738479.460898092] [charuco_rig_evaluator]: Scenario: height_1_4m
[INFO] [1780738479.461177135] [charuco_rig_evaluator]: Config: src/calib_lab/config/ground_truth_minimal.yaml
[INFO] [1780738479.461434988] [charuco_rig_evaluator]: ChArUco config: src/calib_lab/config/charuco_target.yaml
[INFO] [1780738479.461706746] [charuco_rig_evaluator]: Output CSV: results/charuco/target_charuco_current/res640x480/height/raw_results.csv
[INFO] [1780738479.462057854] [charuco_rig_evaluator]: Debug dir: results/charuco/target_charuco_current/res640x480/height/debug_images
[INFO] [1780738479.462353337] [charuco_rig_evaluator]: Board: 7x5, square_length=0.12, marker_length=0.09, dictionary=DICT_4X4_50
[INFO] [1780738479.462640094] [charuco_rig_evaluator]: Expected baseline: 0.7000 m
[INFO] [1780738479.462931811] [charuco_rig_evaluator]: Max attempts: 1
[INFO] [1780738479.971259167] [charuco_rig_evaluator]: 
================ CHARUCO EVALUATION SUCCESS ================
scenario: height_1_4m
attempts: 1
camera_1: method=charuco/gray, markers=17, charuco_corners=24, t_cam_target=[-0.7606, -0.0889, 1.7368] m
camera_2: method=charuco/gray, markers=17, charuco_corners=24, t_cam_target=[-0.0900, -0.0858, 1.6873] m

Estimated relative transform from common ChArUco target:
T_camera_1_camera_2 translation = [-0.7703, 0.0454, 0.0503] m
estimated baseline norm = 0.7733 m
expected baseline norm  = 0.7000 m
baseline error          = 0.0733 m (7.33 cm)
estimated relative rotation angle = 3.7600 deg
expected relative rotation angle  = 0.0000 deg
rotation angle error              = 3.7600 deg
camera_1 image: results/charuco/target_charuco_current/res640x480/height/debug_images/height_1_4m_camera_1_charuco_gray.png
camera_2 image: results/charuco/target_charuco_current/res640x480/height/debug_images/height_1_4m_camera_2_charuco_gray.png
============================================================

