[INFO] [1780738471.261343624] [charuco_rig_evaluator]: ChArUco Rig Evaluator started.
[INFO] [1780738471.261830446] [charuco_rig_evaluator]: Scenario: height_0_8m
[INFO] [1780738471.262271161] [charuco_rig_evaluator]: Config: src/calib_lab/config/ground_truth_minimal.yaml
[INFO] [1780738471.262777199] [charuco_rig_evaluator]: ChArUco config: src/calib_lab/config/charuco_target.yaml
[INFO] [1780738471.263158333] [charuco_rig_evaluator]: Output CSV: results/charuco/target_charuco_current/res640x480/height/raw_results.csv
[INFO] [1780738471.263526071] [charuco_rig_evaluator]: Debug dir: results/charuco/target_charuco_current/res640x480/height/debug_images
[INFO] [1780738471.263930940] [charuco_rig_evaluator]: Board: 7x5, square_length=0.12, marker_length=0.09, dictionary=DICT_4X4_50
[INFO] [1780738471.264355785] [charuco_rig_evaluator]: Expected baseline: 0.7000 m
[INFO] [1780738471.264753921] [charuco_rig_evaluator]: Max attempts: 1
[INFO] [1780738471.754338979] [charuco_rig_evaluator]: 
================ CHARUCO EVALUATION SUCCESS ================
scenario: height_0_8m
attempts: 1
camera_1: method=charuco/gray, markers=17, charuco_corners=24, t_cam_target=[-0.7567, 0.4877, 1.7270] m
camera_2: method=charuco/gray, markers=17, charuco_corners=24, t_cam_target=[-0.0896, 0.4840, 1.6682] m

Estimated relative transform from common ChArUco target:
T_camera_1_camera_2 translation = [-0.8053, 0.1390, 0.0237] m
estimated baseline norm = 0.8176 m
expected baseline norm  = 0.7000 m
baseline error          = 0.1176 m (11.76 cm)
estimated relative rotation angle = 6.5117 deg
expected relative rotation angle  = 0.0000 deg
rotation angle error              = 6.5117 deg
camera_1 image: results/charuco/target_charuco_current/res640x480/height/debug_images/height_0_8m_camera_1_charuco_gray.png
camera_2 image: results/charuco/target_charuco_current/res640x480/height/debug_images/height_0_8m_camera_2_charuco_gray.png
============================================================

