[INFO] [1780738476.690887920] [charuco_rig_evaluator]: ChArUco Rig Evaluator started.
[INFO] [1780738476.691492322] [charuco_rig_evaluator]: Scenario: height_1_2m
[INFO] [1780738476.692041951] [charuco_rig_evaluator]: Config: src/calib_lab/config/ground_truth_minimal.yaml
[INFO] [1780738476.692545765] [charuco_rig_evaluator]: ChArUco config: src/calib_lab/config/charuco_target.yaml
[INFO] [1780738476.693044419] [charuco_rig_evaluator]: Output CSV: results/charuco/target_charuco_current/res640x480/height/raw_results.csv
[INFO] [1780738476.693512986] [charuco_rig_evaluator]: Debug dir: results/charuco/target_charuco_current/res640x480/height/debug_images
[INFO] [1780738476.694018182] [charuco_rig_evaluator]: Board: 7x5, square_length=0.12, marker_length=0.09, dictionary=DICT_4X4_50
[INFO] [1780738476.694503141] [charuco_rig_evaluator]: Expected baseline: 0.7000 m
[INFO] [1780738476.694981536] [charuco_rig_evaluator]: Max attempts: 1
[INFO] [1780738477.190934688] [charuco_rig_evaluator]: 
================ CHARUCO EVALUATION SUCCESS ================
scenario: height_1_2m
attempts: 1
camera_1: method=charuco/gray, markers=17, charuco_corners=24, t_cam_target=[-0.7597, 0.1040, 1.7379] m
camera_2: method=charuco/gray, markers=17, charuco_corners=24, t_cam_target=[-0.0930, 0.1022, 1.6789] m

Estimated relative transform from common ChArUco target:
T_camera_1_camera_2 translation = [-0.7775, 0.1041, 0.0534] m
estimated baseline norm = 0.7862 m
expected baseline norm  = 0.7000 m
baseline error          = 0.0862 m (8.62 cm)
estimated relative rotation angle = 5.1336 deg
expected relative rotation angle  = 0.0000 deg
rotation angle error              = 5.1336 deg
camera_1 image: results/charuco/target_charuco_current/res640x480/height/debug_images/height_1_2m_camera_1_charuco_gray.png
camera_2 image: results/charuco/target_charuco_current/res640x480/height/debug_images/height_1_2m_camera_2_charuco_gray.png
============================================================

