[INFO] [1780738468.530465401] [charuco_rig_evaluator]: ChArUco Rig Evaluator started.
[INFO] [1780738468.530971179] [charuco_rig_evaluator]: Scenario: height_0_6m
[INFO] [1780738468.531248318] [charuco_rig_evaluator]: Config: src/calib_lab/config/ground_truth_minimal.yaml
[INFO] [1780738468.531504287] [charuco_rig_evaluator]: ChArUco config: src/calib_lab/config/charuco_target.yaml
[INFO] [1780738468.531855595] [charuco_rig_evaluator]: Output CSV: results/charuco/target_charuco_current/res640x480/height/raw_results.csv
[INFO] [1780738468.532165906] [charuco_rig_evaluator]: Debug dir: results/charuco/target_charuco_current/res640x480/height/debug_images
[INFO] [1780738468.532445029] [charuco_rig_evaluator]: Board: 7x5, square_length=0.12, marker_length=0.09, dictionary=DICT_4X4_50
[INFO] [1780738468.532753005] [charuco_rig_evaluator]: Expected baseline: 0.7000 m
[INFO] [1780738468.533028000] [charuco_rig_evaluator]: Max attempts: 1
[INFO] [1780738469.039932693] [charuco_rig_evaluator]: 
================ CHARUCO EVALUATION SUCCESS ================
scenario: height_0_6m
attempts: 1
camera_1: method=charuco/gray, markers=17, charuco_corners=24, t_cam_target=[-0.7558, 0.6799, 1.7235] m
camera_2: method=charuco/gray, markers=17, charuco_corners=24, t_cam_target=[-0.0899, 0.6768, 1.6975] m

Estimated relative transform from common ChArUco target:
T_camera_1_camera_2 translation = [-0.7429, 0.1028, -0.0127] m
estimated baseline norm = 0.7501 m
expected baseline norm  = 0.7000 m
baseline error          = 0.0501 m (5.01 cm)
estimated relative rotation angle = 4.1313 deg
expected relative rotation angle  = 0.0000 deg
rotation angle error              = 4.1313 deg
camera_1 image: results/charuco/target_charuco_current/res640x480/height/debug_images/height_0_6m_camera_1_charuco_gray.png
camera_2 image: results/charuco/target_charuco_current/res640x480/height/debug_images/height_0_6m_camera_2_charuco_gray.png
============================================================

