[INFO] [1780413604.766811039] [checkerboard_rig_evaluator]: Checkerboard Rig Evaluator started.
[INFO] [1780413604.767406856] [checkerboard_rig_evaluator]: Scenario: dist_2_0m
[INFO] [1780413604.767810411] [checkerboard_rig_evaluator]: Config: src/calib_lab/config/ground_truth_minimal.yaml
[INFO] [1780413604.768243677] [checkerboard_rig_evaluator]: Output CSV: results/checkerboard/target_9x6_square0_12/res320x240/distance/raw_results.csv
[INFO] [1780413604.768727693] [checkerboard_rig_evaluator]: Debug dir: results/checkerboard/target_9x6_square0_12/res320x240/distance/debug_images
[INFO] [1780413604.769128598] [checkerboard_rig_evaluator]: Max valid samples: 1
[INFO] [1780413604.769578524] [checkerboard_rig_evaluator]: Max attempts: 1
[INFO] [1780413604.770035009] [checkerboard_rig_evaluator]: Ready timeout: 20.0 sec
[INFO] [1780413604.770560106] [checkerboard_rig_evaluator]: Checkerboard pattern: (9, 6), square_size=0.12 m
[INFO] [1780413604.770968101] [checkerboard_rig_evaluator]: Expected baseline: 0.7000 m
[INFO] [1780413605.273782905] [checkerboard_rig_evaluator]: 
================ CHECKERBOARD EVALUATION SUCCESS ================
scenario: dist_2_0m
attempts: 1
camera_1_status: SB
camera_2_status: SB
estimated baseline: 0.7054 m
baseline error: 0.0054 m (0.54 cm)
rotation error: 0.3353 deg
translation: [-0.7054, -0.0092, -0.0011]
camera_1 image: results/checkerboard/target_9x6_square0_12/res320x240/distance/debug_images/dist_2_0m_camera_1_SB.png
camera_2 image: results/checkerboard/target_9x6_square0_12/res320x240/distance/debug_images/dist_2_0m_camera_2_SB.png
=================================================================

