[INFO] [1780413600.016921154] [checkerboard_rig_evaluator]: Checkerboard Rig Evaluator started.
[INFO] [1780413600.017439071] [checkerboard_rig_evaluator]: Scenario: dist_1_6m
[INFO] [1780413600.017850526] [checkerboard_rig_evaluator]: Config: src/calib_lab/config/ground_truth_minimal.yaml
[INFO] [1780413600.018242331] [checkerboard_rig_evaluator]: Output CSV: results/checkerboard/target_9x6_square0_12/res320x240/distance/raw_results.csv
[INFO] [1780413600.018642716] [checkerboard_rig_evaluator]: Debug dir: results/checkerboard/target_9x6_square0_12/res320x240/distance/debug_images
[INFO] [1780413600.019027371] [checkerboard_rig_evaluator]: Max valid samples: 1
[INFO] [1780413600.019443616] [checkerboard_rig_evaluator]: Max attempts: 1
[INFO] [1780413600.019843111] [checkerboard_rig_evaluator]: Ready timeout: 20.0 sec
[INFO] [1780413600.020241936] [checkerboard_rig_evaluator]: Checkerboard pattern: (9, 6), square_size=0.12 m
[INFO] [1780413600.020652361] [checkerboard_rig_evaluator]: Expected baseline: 0.7000 m
[INFO] [1780413600.548618959] [checkerboard_rig_evaluator]: 
================ CHECKERBOARD EVALUATION SUCCESS ================
scenario: dist_1_6m
attempts: 1
camera_1_status: SB
camera_2_status: SB
estimated baseline: 0.7322 m
baseline error: 0.0322 m (3.22 cm)
rotation error: 1.1773 deg
translation: [-0.7322, -0.0045, 0.0038]
camera_1 image: results/checkerboard/target_9x6_square0_12/res320x240/distance/debug_images/dist_1_6m_camera_1_SB.png
camera_2 image: results/checkerboard/target_9x6_square0_12/res320x240/distance/debug_images/dist_1_6m_camera_2_SB.png
=================================================================

