[INFO] [1780413607.111791297] [checkerboard_rig_evaluator]: Checkerboard Rig Evaluator started.
[INFO] [1780413607.112440386] [checkerboard_rig_evaluator]: Scenario: dist_2_2m
[INFO] [1780413607.112835610] [checkerboard_rig_evaluator]: Config: src/calib_lab/config/ground_truth_minimal.yaml
[INFO] [1780413607.113231655] [checkerboard_rig_evaluator]: Output CSV: results/checkerboard/target_9x6_square0_12/res320x240/distance/raw_results.csv
[INFO] [1780413607.113662551] [checkerboard_rig_evaluator]: Debug dir: results/checkerboard/target_9x6_square0_12/res320x240/distance/debug_images
[INFO] [1780413607.114048346] [checkerboard_rig_evaluator]: Max valid samples: 1
[INFO] [1780413607.114591452] [checkerboard_rig_evaluator]: Max attempts: 1
[INFO] [1780413607.115001258] [checkerboard_rig_evaluator]: Ready timeout: 20.0 sec
[INFO] [1780413607.115479914] [checkerboard_rig_evaluator]: Checkerboard pattern: (9, 6), square_size=0.12 m
[INFO] [1780413607.115878848] [checkerboard_rig_evaluator]: Expected baseline: 0.7000 m
[INFO] [1780413607.617691360] [checkerboard_rig_evaluator]: 
================ CHECKERBOARD EVALUATION SUCCESS ================
scenario: dist_2_2m
attempts: 1
camera_1_status: SB
camera_2_status: SB
estimated baseline: 0.6729 m
baseline error: 0.0271 m (2.71 cm)
rotation error: 0.7591 deg
translation: [-0.6729, 0.0012, -0.0068]
camera_1 image: results/checkerboard/target_9x6_square0_12/res320x240/distance/debug_images/dist_2_2m_camera_1_SB.png
camera_2 image: results/checkerboard/target_9x6_square0_12/res320x240/distance/debug_images/dist_2_2m_camera_2_SB.png
=================================================================

