[INFO] [1780413602.391755155] [checkerboard_rig_evaluator]: Checkerboard Rig Evaluator started.
[INFO] [1780413602.392306442] [checkerboard_rig_evaluator]: Scenario: dist_1_8m
[INFO] [1780413602.392761988] [checkerboard_rig_evaluator]: Config: src/calib_lab/config/ground_truth_minimal.yaml
[INFO] [1780413602.393179463] [checkerboard_rig_evaluator]: Output CSV: results/checkerboard/target_9x6_square0_12/res320x240/distance/raw_results.csv
[INFO] [1780413602.393612279] [checkerboard_rig_evaluator]: Debug dir: results/checkerboard/target_9x6_square0_12/res320x240/distance/debug_images
[INFO] [1780413602.394018174] [checkerboard_rig_evaluator]: Max valid samples: 1
[INFO] [1780413602.394452689] [checkerboard_rig_evaluator]: Max attempts: 1
[INFO] [1780413602.394866394] [checkerboard_rig_evaluator]: Ready timeout: 20.0 sec
[INFO] [1780413602.395282289] [checkerboard_rig_evaluator]: Checkerboard pattern: (9, 6), square_size=0.12 m
[INFO] [1780413602.395734945] [checkerboard_rig_evaluator]: Expected baseline: 0.7000 m
[INFO] [1780413602.898122663] [checkerboard_rig_evaluator]: 
================ CHECKERBOARD EVALUATION SUCCESS ================
scenario: dist_1_8m
attempts: 1
camera_1_status: SB
camera_2_status: SB
estimated baseline: 0.7060 m
baseline error: 0.0060 m (0.60 cm)
rotation error: 0.2631 deg
translation: [-0.7060, -0.0001, 0.0012]
camera_1 image: results/checkerboard/target_9x6_square0_12/res320x240/distance/debug_images/dist_1_8m_camera_1_SB.png
camera_2 image: results/checkerboard/target_9x6_square0_12/res320x240/distance/debug_images/dist_1_8m_camera_2_SB.png
=================================================================

