[INFO] [1780413668.421033464] [checkerboard_rig_evaluator]: Checkerboard Rig Evaluator started.
[INFO] [1780413668.421724023] [checkerboard_rig_evaluator]: Scenario: shift_left_0_2m_yaw_20deg
[INFO] [1780413668.422257740] [checkerboard_rig_evaluator]: Config: src/calib_lab/config/ground_truth_minimal.yaml
[INFO] [1780413668.422809137] [checkerboard_rig_evaluator]: Output CSV: results/checkerboard/target_9x6_square0_12/res320x240/mixed/raw_results.csv
[INFO] [1780413668.423347493] [checkerboard_rig_evaluator]: Debug dir: results/checkerboard/target_9x6_square0_12/res320x240/mixed/debug_images
[INFO] [1780413668.423880680] [checkerboard_rig_evaluator]: Max valid samples: 1
[INFO] [1780413668.424614019] [checkerboard_rig_evaluator]: Max attempts: 1
[INFO] [1780413668.425191276] [checkerboard_rig_evaluator]: Ready timeout: 20.0 sec
[INFO] [1780413668.425639802] [checkerboard_rig_evaluator]: Checkerboard pattern: (9, 6), square_size=0.12 m
[INFO] [1780413668.426112158] [checkerboard_rig_evaluator]: Expected baseline: 0.7000 m
[INFO] [1780413668.926888166] [checkerboard_rig_evaluator]: 
================ CHECKERBOARD EVALUATION SUCCESS ================
scenario: shift_left_0_2m_yaw_20deg
attempts: 1
camera_1_status: SB
camera_2_status: SB
estimated baseline: 0.7071 m
baseline error: 0.0071 m (0.71 cm)
rotation error: 0.2787 deg
translation: [-0.7070, -0.0040, -0.0000]
camera_1 image: results/checkerboard/target_9x6_square0_12/res320x240/mixed/debug_images/shift_left_0_2m_yaw_20deg_camera_1_SB.png
camera_2 image: results/checkerboard/target_9x6_square0_12/res320x240/mixed/debug_images/shift_left_0_2m_yaw_20deg_camera_2_SB.png
=================================================================

