[INFO] [1780420364.688707150] [aruco_rig_evaluator]: ArUco Rig Evaluator started.
[INFO] [1780420364.689471340] [aruco_rig_evaluator]: Scenario: height_1_0m
[INFO] [1780420364.689975106] [aruco_rig_evaluator]: Config: src/calib_lab/config/ground_truth_minimal.yaml
[INFO] [1780420364.690533134] [aruco_rig_evaluator]: ArUco config: src/calib_lab/config/aruco_target.yaml
[INFO] [1780420364.691044430] [aruco_rig_evaluator]: Output CSV: results/aruco/target_aruco_6x4_marker0_15_sep0_06/res320x240/height/raw_results.csv
[INFO] [1780420364.691537607] [aruco_rig_evaluator]: Debug dir: results/aruco/target_aruco_6x4_marker0_15_sep0_06/res320x240/height/debug_images
[INFO] [1780420364.691965972] [aruco_rig_evaluator]: Board: 6x4, marker_length=0.15, separation=0.06, dictionary=DICT_4X4_50
[INFO] [1780420364.692411268] [aruco_rig_evaluator]: Expected baseline: 0.7000 m
[INFO] [1780420364.692844194] [aruco_rig_evaluator]: Max attempts: 1
[INFO] [1780420365.191234189] [aruco_rig_evaluator]: 
================ ARUCO EVALUATION SUCCESS ================
scenario: height_1_0m
attempts: 1
camera_1: method=aruco/gray, markers=16, t_cam_target=[-0.8805, -0.3916, 1.4917] m
camera_2: method=aruco/gray, markers=16, t_cam_target=[0.0970, -0.0972, 0.6909] m

Estimated relative transform from common ArUco target:
T_camera_1_camera_2 translation = [-1.0828, -0.2792, 0.8264] m
estimated baseline norm = 1.3904 m
expected baseline norm  = 0.7000 m
baseline error          = 0.6904 m (69.04 cm)
estimated relative rotation angle = 9.1666 deg
expected relative rotation angle  = 0.0000 deg
rotation angle error              = 9.1666 deg
camera_1 image: results/aruco/target_aruco_6x4_marker0_15_sep0_06/res320x240/height/debug_images/height_1_0m_camera_1_aruco_gray.png
camera_2 image: results/aruco/target_aruco_6x4_marker0_15_sep0_06/res320x240/height/debug_images/height_1_0m_camera_2_aruco_gray.png
==========================================================

