[INFO] [1780420359.867701255] [aruco_rig_evaluator]: ArUco Rig Evaluator started.
[INFO] [1780420359.868188491] [aruco_rig_evaluator]: Scenario: height_0_6m
[INFO] [1780420359.868573656] [aruco_rig_evaluator]: Config: src/calib_lab/config/ground_truth_minimal.yaml
[INFO] [1780420359.868960581] [aruco_rig_evaluator]: ArUco config: src/calib_lab/config/aruco_target.yaml
[INFO] [1780420359.869348216] [aruco_rig_evaluator]: Output CSV: results/aruco/target_aruco_6x4_marker0_15_sep0_06/res320x240/height/raw_results.csv
[INFO] [1780420359.869739461] [aruco_rig_evaluator]: Debug dir: results/aruco/target_aruco_6x4_marker0_15_sep0_06/res320x240/height/debug_images
[INFO] [1780420359.870132256] [aruco_rig_evaluator]: Board: 6x4, marker_length=0.15, separation=0.06, dictionary=DICT_4X4_50
[INFO] [1780420359.870527961] [aruco_rig_evaluator]: Expected baseline: 0.7000 m
[INFO] [1780420359.870997838] [aruco_rig_evaluator]: Max attempts: 1
[INFO] [1780420360.355595013] [aruco_rig_evaluator]: 
================ ARUCO EVALUATION SUCCESS ================
scenario: height_0_6m
attempts: 1
camera_1: method=aruco/gray, markers=13, t_cam_target=[-0.8926, -0.0692, 1.5067] m
camera_2: method=aruco/gray, markers=13, t_cam_target=[-0.3108, -0.0752, 1.4372] m

Estimated relative transform from common ArUco target:
T_camera_1_camera_2 translation = [-0.7484, 0.0069, 0.0434] m
estimated baseline norm = 0.7497 m
expected baseline norm  = 0.7000 m
baseline error          = 0.0497 m (4.97 cm)
estimated relative rotation angle = 6.6422 deg
expected relative rotation angle  = 0.0000 deg
rotation angle error              = 6.6422 deg
camera_1 image: results/aruco/target_aruco_6x4_marker0_15_sep0_06/res320x240/height/debug_images/height_0_6m_camera_1_aruco_gray.png
camera_2 image: results/aruco/target_aruco_6x4_marker0_15_sep0_06/res320x240/height/debug_images/height_0_6m_camera_2_aruco_gray.png
==========================================================

