[INFO] [1780420369.486374240] [aruco_rig_evaluator]: ArUco Rig Evaluator started.
[INFO] [1780420369.486975898] [aruco_rig_evaluator]: Scenario: height_1_4m
[INFO] [1780420369.487534855] [aruco_rig_evaluator]: Config: src/calib_lab/config/ground_truth_minimal.yaml
[INFO] [1780420369.488006931] [aruco_rig_evaluator]: ArUco config: src/calib_lab/config/aruco_target.yaml
[INFO] [1780420369.488502208] [aruco_rig_evaluator]: Output CSV: results/aruco/target_aruco_6x4_marker0_15_sep0_06/res320x240/height/raw_results.csv
[INFO] [1780420369.488992534] [aruco_rig_evaluator]: Debug dir: results/aruco/target_aruco_6x4_marker0_15_sep0_06/res320x240/height/debug_images
[INFO] [1780420369.489590852] [aruco_rig_evaluator]: Board: 6x4, marker_length=0.15, separation=0.06, dictionary=DICT_4X4_50
[INFO] [1780420369.490048118] [aruco_rig_evaluator]: Expected baseline: 0.7000 m
[INFO] [1780420369.490482124] [aruco_rig_evaluator]: Max attempts: 1
[INFO] [1780420369.974923147] [aruco_rig_evaluator]: 
================ ARUCO EVALUATION SUCCESS ================
scenario: height_1_4m
attempts: 1
camera_1: method=aruco/gray, markers=12, t_cam_target=[-0.8811, -0.7187, 1.4741] m
camera_2: method=aruco/gray, markers=10, t_cam_target=[-0.3169, -0.6985, 1.3495] m

Estimated relative transform from common ArUco target:
T_camera_1_camera_2 translation = [-0.8623, -0.0254, 0.0854] m
estimated baseline norm = 0.8669 m
expected baseline norm  = 0.7000 m
baseline error          = 0.1669 m (16.69 cm)
estimated relative rotation angle = 11.6716 deg
expected relative rotation angle  = 0.0000 deg
rotation angle error              = 11.6716 deg
camera_1 image: results/aruco/target_aruco_6x4_marker0_15_sep0_06/res320x240/height/debug_images/height_1_4m_camera_1_aruco_gray.png
camera_2 image: results/aruco/target_aruco_6x4_marker0_15_sep0_06/res320x240/height/debug_images/height_1_4m_camera_2_aruco_gray.png
==========================================================

