[INFO] [1780420367.113769273] [aruco_rig_evaluator]: ArUco Rig Evaluator started.
[INFO] [1780420367.114230449] [aruco_rig_evaluator]: Scenario: height_1_2m
[INFO] [1780420367.114604634] [aruco_rig_evaluator]: Config: src/calib_lab/config/ground_truth_minimal.yaml
[INFO] [1780420367.114981129] [aruco_rig_evaluator]: ArUco config: src/calib_lab/config/aruco_target.yaml
[INFO] [1780420367.115367914] [aruco_rig_evaluator]: Output CSV: results/aruco/target_aruco_6x4_marker0_15_sep0_06/res320x240/height/raw_results.csv
[INFO] [1780420367.115729088] [aruco_rig_evaluator]: Debug dir: results/aruco/target_aruco_6x4_marker0_15_sep0_06/res320x240/height/debug_images
[INFO] [1780420367.116104733] [aruco_rig_evaluator]: Board: 6x4, marker_length=0.15, separation=0.06, dictionary=DICT_4X4_50
[INFO] [1780420367.116532739] [aruco_rig_evaluator]: Expected baseline: 0.7000 m
[INFO] [1780420367.116978465] [aruco_rig_evaluator]: Max attempts: 1
[INFO] [1780420367.611630491] [aruco_rig_evaluator]: 
================ ARUCO EVALUATION SUCCESS ================
scenario: height_1_2m
attempts: 1
camera_1: method=aruco/gray, markers=16, t_cam_target=[-0.8805, -0.3916, 1.4917] m
camera_2: method=aruco/gray, markers=15, t_cam_target=[-1.1370, -1.1898, 2.9097] m

Estimated relative transform from common ArUco target:
T_camera_1_camera_2 translation = [0.3540, 0.4796, -1.4901] m
estimated baseline norm = 1.6049 m
expected baseline norm  = 0.7000 m
baseline error          = 0.9049 m (90.49 cm)
estimated relative rotation angle = 5.9911 deg
expected relative rotation angle  = 0.0000 deg
rotation angle error              = 5.9911 deg
camera_1 image: results/aruco/target_aruco_6x4_marker0_15_sep0_06/res320x240/height/debug_images/height_1_2m_camera_1_aruco_gray.png
camera_2 image: results/aruco/target_aruco_6x4_marker0_15_sep0_06/res320x240/height/debug_images/height_1_2m_camera_2_aruco_gray.png
==========================================================

