[INFO] [1780413462.220032039] [checkerboard_rig_evaluator]: Checkerboard Rig Evaluator started.
[INFO] [1780413462.220664627] [checkerboard_rig_evaluator]: Scenario: height_0_8m
[INFO] [1780413462.221279544] [checkerboard_rig_evaluator]: Config: src/calib_lab/config/ground_truth_minimal.yaml
[INFO] [1780413462.221994833] [checkerboard_rig_evaluator]: Output CSV: results/checkerboard/target_9x6_square0_12/res640x480/height/raw_results.csv
[INFO] [1780413462.222710662] [checkerboard_rig_evaluator]: Debug dir: results/checkerboard/target_9x6_square0_12/res640x480/height/debug_images
[INFO] [1780413462.223345870] [checkerboard_rig_evaluator]: Max valid samples: 1
[INFO] [1780413462.223969028] [checkerboard_rig_evaluator]: Max attempts: 1
[INFO] [1780413462.224473274] [checkerboard_rig_evaluator]: Ready timeout: 20.0 sec
[INFO] [1780413462.224946820] [checkerboard_rig_evaluator]: Checkerboard pattern: (9, 6), square_size=0.12 m
[INFO] [1780413462.225432956] [checkerboard_rig_evaluator]: Expected baseline: 0.7000 m
[INFO] [1780413462.789925783] [checkerboard_rig_evaluator]: 
================ CHECKERBOARD EVALUATION SUCCESS ================
scenario: height_0_8m
attempts: 1
camera_1_status: SB
camera_2_status: SB
estimated baseline: 0.7067 m
baseline error: 0.0067 m (0.67 cm)
rotation error: 0.2276 deg
translation: [-0.7067, 0.0007, 0.0021]
camera_1 image: results/checkerboard/target_9x6_square0_12/res640x480/height/debug_images/height_0_8m_camera_1_SB.png
camera_2 image: results/checkerboard/target_9x6_square0_12/res640x480/height/debug_images/height_0_8m_camera_2_SB.png
=================================================================

