[INFO] [1780413467.309336662] [checkerboard_rig_evaluator]: Checkerboard Rig Evaluator started.
[INFO] [1780413467.309843109] [checkerboard_rig_evaluator]: Scenario: height_1_2m
[INFO] [1780413467.310284084] [checkerboard_rig_evaluator]: Config: src/calib_lab/config/ground_truth_minimal.yaml
[INFO] [1780413467.310664809] [checkerboard_rig_evaluator]: Output CSV: results/checkerboard/target_9x6_square0_12/res640x480/height/raw_results.csv
[INFO] [1780413467.311122205] [checkerboard_rig_evaluator]: Debug dir: results/checkerboard/target_9x6_square0_12/res640x480/height/debug_images
[INFO] [1780413467.311583500] [checkerboard_rig_evaluator]: Max valid samples: 1
[INFO] [1780413467.312010566] [checkerboard_rig_evaluator]: Max attempts: 1
[INFO] [1780413467.312465251] [checkerboard_rig_evaluator]: Ready timeout: 20.0 sec
[INFO] [1780413467.312861076] [checkerboard_rig_evaluator]: Checkerboard pattern: (9, 6), square_size=0.12 m
[INFO] [1780413467.313309552] [checkerboard_rig_evaluator]: Expected baseline: 0.7000 m
[INFO] [1780413467.889862639] [checkerboard_rig_evaluator]: 
================ CHECKERBOARD EVALUATION SUCCESS ================
scenario: height_1_2m
attempts: 1
camera_1_status: SB
camera_2_status: SB
estimated baseline: 0.7004 m
baseline error: 0.0004 m (0.04 cm)
rotation error: 0.0359 deg
translation: [-0.7004, 0.0001, 0.0009]
camera_1 image: results/checkerboard/target_9x6_square0_12/res640x480/height/debug_images/height_1_2m_camera_1_SB.png
camera_2 image: results/checkerboard/target_9x6_square0_12/res640x480/height/debug_images/height_1_2m_camera_2_SB.png
=================================================================

