[INFO] [1780413469.846102506] [checkerboard_rig_evaluator]: Checkerboard Rig Evaluator started.
[INFO] [1780413469.846569582] [checkerboard_rig_evaluator]: Scenario: height_1_4m
[INFO] [1780413469.846962807] [checkerboard_rig_evaluator]: Config: src/calib_lab/config/ground_truth_minimal.yaml
[INFO] [1780413469.847478213] [checkerboard_rig_evaluator]: Output CSV: results/checkerboard/target_9x6_square0_12/res640x480/height/raw_results.csv
[INFO] [1780413469.848522596] [checkerboard_rig_evaluator]: Debug dir: results/checkerboard/target_9x6_square0_12/res640x480/height/debug_images
[INFO] [1780413469.849023652] [checkerboard_rig_evaluator]: Max valid samples: 1
[INFO] [1780413469.849610280] [checkerboard_rig_evaluator]: Max attempts: 1
[INFO] [1780413469.850050495] [checkerboard_rig_evaluator]: Ready timeout: 20.0 sec
[INFO] [1780413469.850555022] [checkerboard_rig_evaluator]: Checkerboard pattern: (9, 6), square_size=0.12 m
[INFO] [1780413469.852264923] [checkerboard_rig_evaluator]: Expected baseline: 0.7000 m
[INFO] [1780413470.394832637] [checkerboard_rig_evaluator]: 
================ CHECKERBOARD EVALUATION SUCCESS ================
scenario: height_1_4m
attempts: 1
camera_1_status: SB
camera_2_status: SB
estimated baseline: 0.7000 m
baseline error: 0.0000 m (0.00 cm)
rotation error: 0.0319 deg
translation: [-0.7000, -0.0009, 0.0005]
camera_1 image: results/checkerboard/target_9x6_square0_12/res640x480/height/debug_images/height_1_4m_camera_1_SB.png
camera_2 image: results/checkerboard/target_9x6_square0_12/res640x480/height/debug_images/height_1_4m_camera_2_SB.png
=================================================================

