[INFO] [1780413464.778006266] [checkerboard_rig_evaluator]: Checkerboard Rig Evaluator started.
[INFO] [1780413464.778659814] [checkerboard_rig_evaluator]: Scenario: height_1_0m
[INFO] [1780413464.779048119] [checkerboard_rig_evaluator]: Config: src/calib_lab/config/ground_truth_minimal.yaml
[INFO] [1780413464.779442774] [checkerboard_rig_evaluator]: Output CSV: results/checkerboard/target_9x6_square0_12/res640x480/height/raw_results.csv
[INFO] [1780413464.779891000] [checkerboard_rig_evaluator]: Debug dir: results/checkerboard/target_9x6_square0_12/res640x480/height/debug_images
[INFO] [1780413464.780401926] [checkerboard_rig_evaluator]: Max valid samples: 1
[INFO] [1780413464.780981603] [checkerboard_rig_evaluator]: Max attempts: 1
[INFO] [1780413464.781410239] [checkerboard_rig_evaluator]: Ready timeout: 20.0 sec
[INFO] [1780413464.781814184] [checkerboard_rig_evaluator]: Checkerboard pattern: (9, 6), square_size=0.12 m
[INFO] [1780413464.782223179] [checkerboard_rig_evaluator]: Expected baseline: 0.7000 m
[INFO] [1780413465.343224362] [checkerboard_rig_evaluator]: 
================ CHECKERBOARD EVALUATION SUCCESS ================
scenario: height_1_0m
attempts: 1
camera_1_status: SB
camera_2_status: SB
estimated baseline: 0.7024 m
baseline error: 0.0024 m (0.24 cm)
rotation error: 0.0856 deg
translation: [-0.7024, 0.0003, 0.0014]
camera_1 image: results/checkerboard/target_9x6_square0_12/res640x480/height/debug_images/height_1_0m_camera_1_SB.png
camera_2 image: results/checkerboard/target_9x6_square0_12/res640x480/height/debug_images/height_1_0m_camera_2_SB.png
=================================================================

