[INFO] [1780420456.255208318] [aruco_rig_evaluator]: ArUco Rig Evaluator started.
[INFO] [1780420456.255819426] [aruco_rig_evaluator]: Scenario: height_1_0m
[INFO] [1780420456.256296133] [aruco_rig_evaluator]: Config: src/calib_lab/config/ground_truth_minimal.yaml
[INFO] [1780420456.256713978] [aruco_rig_evaluator]: ArUco config: src/calib_lab/config/aruco_target.yaml
[INFO] [1780420456.257226025] [aruco_rig_evaluator]: Output CSV: results/aruco/target_aruco_6x4_marker0_15_sep0_06/res640x480/height/raw_results.csv
[INFO] [1780420456.257711551] [aruco_rig_evaluator]: Debug dir: results/aruco/target_aruco_6x4_marker0_15_sep0_06/res640x480/height/debug_images
[INFO] [1780420456.258212248] [aruco_rig_evaluator]: Board: 6x4, marker_length=0.15, separation=0.06, dictionary=DICT_4X4_50
[INFO] [1780420456.258695884] [aruco_rig_evaluator]: Expected baseline: 0.7000 m
[INFO] [1780420456.259193670] [aruco_rig_evaluator]: Max attempts: 1
[INFO] [1780420456.753301210] [aruco_rig_evaluator]: 
================ ARUCO EVALUATION SUCCESS ================
scenario: height_1_0m
attempts: 1
camera_1: method=aruco/gray, markers=13, t_cam_target=[-0.8902, -0.0673, 1.5067] m
camera_2: method=aruco/gray, markers=13, t_cam_target=[-0.3100, -0.0752, 1.4346] m

Estimated relative transform from common ArUco target:
T_camera_1_camera_2 translation = [-0.7529, 0.0051, 0.0453] m
estimated baseline norm = 0.7543 m
expected baseline norm  = 0.7000 m
baseline error          = 0.0543 m (5.43 cm)
estimated relative rotation angle = 6.9047 deg
expected relative rotation angle  = 0.0000 deg
rotation angle error              = 6.9047 deg
camera_1 image: results/aruco/target_aruco_6x4_marker0_15_sep0_06/res640x480/height/debug_images/height_1_0m_camera_1_aruco_gray.png
camera_2 image: results/aruco/target_aruco_6x4_marker0_15_sep0_06/res640x480/height/debug_images/height_1_0m_camera_2_aruco_gray.png
==========================================================

