[INFO] [1780420451.441782172] [aruco_rig_evaluator]: ArUco Rig Evaluator started.
[INFO] [1780420451.442317699] [aruco_rig_evaluator]: Scenario: height_0_6m
[INFO] [1780420451.444251075] [aruco_rig_evaluator]: Config: src/calib_lab/config/ground_truth_minimal.yaml
[INFO] [1780420451.444730731] [aruco_rig_evaluator]: ArUco config: src/calib_lab/config/aruco_target.yaml
[INFO] [1780420451.445136296] [aruco_rig_evaluator]: Output CSV: results/aruco/target_aruco_6x4_marker0_15_sep0_06/res640x480/height/raw_results.csv
[INFO] [1780420451.445547262] [aruco_rig_evaluator]: Debug dir: results/aruco/target_aruco_6x4_marker0_15_sep0_06/res640x480/height/debug_images
[INFO] [1780420451.446010948] [aruco_rig_evaluator]: Board: 6x4, marker_length=0.15, separation=0.06, dictionary=DICT_4X4_50
[INFO] [1780420451.446400703] [aruco_rig_evaluator]: Expected baseline: 0.7000 m
[INFO] [1780420451.446835018] [aruco_rig_evaluator]: Max attempts: 1
[INFO] [1780420451.940899237] [aruco_rig_evaluator]: 
================ ARUCO EVALUATION SUCCESS ================
scenario: height_0_6m
attempts: 1
camera_1: method=aruco/gray, markers=16, t_cam_target=[-1.0367, -0.3916, 1.4799] m
camera_2: method=aruco/gray, markers=16, t_cam_target=[-0.4740, -0.3912, 1.3773] m

Estimated relative transform from common ArUco target:
T_camera_1_camera_2 translation = [-0.8544, 0.0007, 0.0350] m
estimated baseline norm = 0.8551 m
expected baseline norm  = 0.7000 m
baseline error          = 0.1551 m (15.51 cm)
estimated relative rotation angle = 11.7869 deg
expected relative rotation angle  = 0.0000 deg
rotation angle error              = 11.7869 deg
camera_1 image: results/aruco/target_aruco_6x4_marker0_15_sep0_06/res640x480/height/debug_images/height_0_6m_camera_1_aruco_gray.png
camera_2 image: results/aruco/target_aruco_6x4_marker0_15_sep0_06/res640x480/height/debug_images/height_0_6m_camera_2_aruco_gray.png
==========================================================

