[INFO] [1780482277.603434855] [aruco_rig_evaluator]: ArUco Rig Evaluator started.
[INFO] [1780482277.611273745] [aruco_rig_evaluator]: Scenario: height_1_2m
[INFO] [1780482277.617712454] [aruco_rig_evaluator]: Config: src/calib_lab/config/ground_truth_minimal.yaml
[INFO] [1780482277.624241677] [aruco_rig_evaluator]: ArUco config: src/calib_lab/config/aruco_target.yaml
[INFO] [1780482277.630195498] [aruco_rig_evaluator]: Output CSV: results/aruco/target_aruco_6x4_marker0_15_sep0_06/res640x480/height/raw_results.csv
[INFO] [1780482277.636374171] [aruco_rig_evaluator]: Debug dir: results/aruco/target_aruco_6x4_marker0_15_sep0_06/res640x480/height/debug_images
[INFO] [1780482277.642962536] [aruco_rig_evaluator]: Board: 6x4, marker_length=0.15, separation=0.06, dictionary=DICT_4X4_50
[INFO] [1780482277.649112541] [aruco_rig_evaluator]: Expected baseline: 0.7000 m
[INFO] [1780482277.655340256] [aruco_rig_evaluator]: Max attempts: 1
[INFO] [1780482278.101434256] [aruco_rig_evaluator]: 
================ ARUCO EVALUATION SUCCESS ================
scenario: height_1_2m
attempts: 1
camera_1: method=aruco/gray, markers=16, t_cam_target=[-0.8784, -0.5562, 1.4781] m
camera_2: method=aruco/gray, markers=16, t_cam_target=[-0.3168, -0.5428, 1.3494] m

Estimated relative transform from common ArUco target:
T_camera_1_camera_2 translation = [-0.8700, -0.0080, 0.0942] m
estimated baseline norm = 0.8751 m
expected baseline norm  = 0.7000 m
baseline error          = 0.1751 m (17.51 cm)
estimated relative rotation angle = 12.4291 deg
expected relative rotation angle  = 0.0000 deg
rotation angle error              = 12.4291 deg
camera_1 image: results/aruco/target_aruco_6x4_marker0_15_sep0_06/res640x480/height/debug_images/height_1_2m_camera_1_aruco_gray.png
camera_2 image: results/aruco/target_aruco_6x4_marker0_15_sep0_06/res640x480/height/debug_images/height_1_2m_camera_2_aruco_gray.png
==========================================================

