[INFO] [1780420453.844919189] [aruco_rig_evaluator]: ArUco Rig Evaluator started.
[INFO] [1780420453.845460226] [aruco_rig_evaluator]: Scenario: height_0_8m
[INFO] [1780420453.845849621] [aruco_rig_evaluator]: Config: src/calib_lab/config/ground_truth_minimal.yaml
[INFO] [1780420453.846277916] [aruco_rig_evaluator]: ArUco config: src/calib_lab/config/aruco_target.yaml
[INFO] [1780420453.846724382] [aruco_rig_evaluator]: Output CSV: results/aruco/target_aruco_6x4_marker0_15_sep0_06/res640x480/height/raw_results.csv
[INFO] [1780420453.847191238] [aruco_rig_evaluator]: Debug dir: results/aruco/target_aruco_6x4_marker0_15_sep0_06/res640x480/height/debug_images
[INFO] [1780420453.847619874] [aruco_rig_evaluator]: Board: 6x4, marker_length=0.15, separation=0.06, dictionary=DICT_4X4_50
[INFO] [1780420453.848074990] [aruco_rig_evaluator]: Expected baseline: 0.7000 m
[INFO] [1780420453.848565846] [aruco_rig_evaluator]: Max attempts: 1
[INFO] [1780420454.350151663] [aruco_rig_evaluator]: 
================ ARUCO EVALUATION SUCCESS ================
scenario: height_0_8m
attempts: 1
camera_1: method=aruco/gray, markers=16, t_cam_target=[-0.8843, -0.2264, 1.5048] m
camera_2: method=aruco/gray, markers=16, t_cam_target=[-0.3109, -0.2399, 1.3760] m

Estimated relative transform from common ArUco target:
T_camera_1_camera_2 translation = [-0.8702, 0.0117, 0.0938] m
estimated baseline norm = 0.8753 m
expected baseline norm  = 0.7000 m
baseline error          = 0.1753 m (17.53 cm)
estimated relative rotation angle = 12.4403 deg
expected relative rotation angle  = 0.0000 deg
rotation angle error              = 12.4403 deg
camera_1 image: results/aruco/target_aruco_6x4_marker0_15_sep0_06/res640x480/height/debug_images/height_0_8m_camera_1_aruco_gray.png
camera_2 image: results/aruco/target_aruco_6x4_marker0_15_sep0_06/res640x480/height/debug_images/height_0_8m_camera_2_aruco_gray.png
==========================================================

