[INFO] [1780420345.639837713] [aruco_rig_evaluator]: ArUco Rig Evaluator started.
[INFO] [1780420345.640363210] [aruco_rig_evaluator]: Scenario: shift_left_0_6m
[INFO] [1780420345.640752175] [aruco_rig_evaluator]: Config: src/calib_lab/config/ground_truth_minimal.yaml
[INFO] [1780420345.641123430] [aruco_rig_evaluator]: ArUco config: src/calib_lab/config/aruco_target.yaml
[INFO] [1780420345.641540125] [aruco_rig_evaluator]: Output CSV: results/aruco/target_aruco_6x4_marker0_15_sep0_06/res320x240/shift/raw_results.csv
[INFO] [1780420345.641927450] [aruco_rig_evaluator]: Debug dir: results/aruco/target_aruco_6x4_marker0_15_sep0_06/res320x240/shift/debug_images
[INFO] [1780420345.642314986] [aruco_rig_evaluator]: Board: 6x4, marker_length=0.15, separation=0.06, dictionary=DICT_4X4_50
[INFO] [1780420345.642694881] [aruco_rig_evaluator]: Expected baseline: 0.7000 m
[INFO] [1780420345.643068435] [aruco_rig_evaluator]: Max attempts: 1
[INFO] [1780420346.143801021] [aruco_rig_evaluator]: 
================ ARUCO EVALUATION SUCCESS ================
scenario: shift_left_0_6m
attempts: 1
camera_1: method=aruco/gray, markers=16, t_cam_target=[-0.4607, -0.0856, 0.7303] m
camera_2: method=aruco/gray, markers=16, t_cam_target=[-0.3139, -0.3916, 1.3549] m

Estimated relative transform from common ArUco target:
T_camera_1_camera_2 translation = [-0.2759, 0.2479, -0.6633] m
estimated baseline norm = 0.7600 m
expected baseline norm  = 0.7000 m
baseline error          = 0.0600 m (6.00 cm)
estimated relative rotation angle = 5.8469 deg
expected relative rotation angle  = 0.0000 deg
rotation angle error              = 5.8469 deg
camera_1 image: results/aruco/target_aruco_6x4_marker0_15_sep0_06/res320x240/shift/debug_images/shift_left_0_6m_camera_1_aruco_gray.png
camera_2 image: results/aruco/target_aruco_6x4_marker0_15_sep0_06/res320x240/shift/debug_images/shift_left_0_6m_camera_2_aruco_gray.png
==========================================================

