[INFO] [1780420357.504881155] [aruco_rig_evaluator]: ArUco Rig Evaluator started.
[INFO] [1780420357.505448493] [aruco_rig_evaluator]: Scenario: shift_right_0_6m
[INFO] [1780420357.505865408] [aruco_rig_evaluator]: Config: src/calib_lab/config/ground_truth_minimal.yaml
[INFO] [1780420357.506408255] [aruco_rig_evaluator]: ArUco config: src/calib_lab/config/aruco_target.yaml
[INFO] [1780420357.507068264] [aruco_rig_evaluator]: Output CSV: results/aruco/target_aruco_6x4_marker0_15_sep0_06/res320x240/shift/raw_results.csv
[INFO] [1780420357.507720032] [aruco_rig_evaluator]: Debug dir: results/aruco/target_aruco_6x4_marker0_15_sep0_06/res320x240/shift/debug_images
[INFO] [1780420357.508118108] [aruco_rig_evaluator]: Board: 6x4, marker_length=0.15, separation=0.06, dictionary=DICT_4X4_50
[INFO] [1780420357.508492512] [aruco_rig_evaluator]: Expected baseline: 0.7000 m
[INFO] [1780420357.508872527] [aruco_rig_evaluator]: Max attempts: 1
[INFO] [1780420357.993293980] [aruco_rig_evaluator]: 
================ ARUCO EVALUATION SUCCESS ================
scenario: shift_right_0_6m
attempts: 1
camera_1: method=aruco/gray, markers=8, t_cam_target=[-1.3499, -0.3939, 1.5152] m
camera_2: method=aruco/gray, markers=16, t_cam_target=[-0.8023, -0.3920, 1.4973] m

Estimated relative transform from common ArUco target:
T_camera_1_camera_2 translation = [-0.6020, 0.0050, -0.0082] m
estimated baseline norm = 0.6020 m
expected baseline norm  = 0.7000 m
baseline error          = 0.0980 m (9.80 cm)
estimated relative rotation angle = 2.0505 deg
expected relative rotation angle  = 0.0000 deg
rotation angle error              = 2.0505 deg
camera_1 image: results/aruco/target_aruco_6x4_marker0_15_sep0_06/res320x240/shift/debug_images/shift_right_0_6m_camera_1_aruco_gray.png
camera_2 image: results/aruco/target_aruco_6x4_marker0_15_sep0_06/res320x240/shift/debug_images/shift_right_0_6m_camera_2_aruco_gray.png
==========================================================

