[INFO] [1780420355.142902597] [aruco_rig_evaluator]: ArUco Rig Evaluator started.
[INFO] [1780420355.143477165] [aruco_rig_evaluator]: Scenario: shift_right_0_4m
[INFO] [1780420355.143896200] [aruco_rig_evaluator]: Config: src/calib_lab/config/ground_truth_minimal.yaml
[INFO] [1780420355.144343186] [aruco_rig_evaluator]: ArUco config: src/calib_lab/config/aruco_target.yaml
[INFO] [1780420355.144779122] [aruco_rig_evaluator]: Output CSV: results/aruco/target_aruco_6x4_marker0_15_sep0_06/res320x240/shift/raw_results.csv
[INFO] [1780420355.145239898] [aruco_rig_evaluator]: Debug dir: results/aruco/target_aruco_6x4_marker0_15_sep0_06/res320x240/shift/debug_images
[INFO] [1780420355.145712274] [aruco_rig_evaluator]: Board: 6x4, marker_length=0.15, separation=0.06, dictionary=DICT_4X4_50
[INFO] [1780420355.146152940] [aruco_rig_evaluator]: Expected baseline: 0.7000 m
[INFO] [1780420355.146525604] [aruco_rig_evaluator]: Max attempts: 1
[INFO] [1780420355.630686204] [aruco_rig_evaluator]: 
================ ARUCO EVALUATION SUCCESS ================
scenario: shift_right_0_4m
attempts: 1
camera_1: method=aruco/gray, markers=12, t_cam_target=[-1.1951, -0.3924, 1.4950] m
camera_2: method=aruco/gray, markers=16, t_cam_target=[-0.6432, -0.3920, 1.4733] m

Estimated relative transform from common ArUco target:
T_camera_1_camera_2 translation = [-0.6701, 0.0022, -0.0237] m
estimated baseline norm = 0.6705 m
expected baseline norm  = 0.7000 m
baseline error          = 0.0295 m (2.95 cm)
estimated relative rotation angle = 4.5361 deg
expected relative rotation angle  = 0.0000 deg
rotation angle error              = 4.5361 deg
camera_1 image: results/aruco/target_aruco_6x4_marker0_15_sep0_06/res320x240/shift/debug_images/shift_right_0_4m_camera_1_aruco_gray.png
camera_2 image: results/aruco/target_aruco_6x4_marker0_15_sep0_06/res320x240/shift/debug_images/shift_right_0_4m_camera_2_aruco_gray.png
==========================================================

