[INFO] [1780420350.413032913] [aruco_rig_evaluator]: ArUco Rig Evaluator started.
[INFO] [1780420350.413604681] [aruco_rig_evaluator]: Scenario: shift_left_0_2m
[INFO] [1780420350.414070827] [aruco_rig_evaluator]: Config: src/calib_lab/config/ground_truth_minimal.yaml
[INFO] [1780420350.414528603] [aruco_rig_evaluator]: ArUco config: src/calib_lab/config/aruco_target.yaml
[INFO] [1780420350.414975949] [aruco_rig_evaluator]: Output CSV: results/aruco/target_aruco_6x4_marker0_15_sep0_06/res320x240/shift/raw_results.csv
[INFO] [1780420350.415420945] [aruco_rig_evaluator]: Debug dir: results/aruco/target_aruco_6x4_marker0_15_sep0_06/res320x240/shift/debug_images
[INFO] [1780420350.415892701] [aruco_rig_evaluator]: Board: 6x4, marker_length=0.15, separation=0.06, dictionary=DICT_4X4_50
[INFO] [1780420350.416364327] [aruco_rig_evaluator]: Expected baseline: 0.7000 m
[INFO] [1780420350.416828203] [aruco_rig_evaluator]: Max attempts: 1
[INFO] [1780420350.899699615] [aruco_rig_evaluator]: 
================ ARUCO EVALUATION SUCCESS ================
scenario: shift_left_0_2m
attempts: 1
camera_1: method=aruco/gray, markers=16, t_cam_target=[-0.7252, -0.3923, 1.4956] m
camera_2: method=aruco/gray, markers=13, t_cam_target=[-0.1580, -0.3922, 1.3478] m

Estimated relative transform from common ArUco target:
T_camera_1_camera_2 translation = [-0.8598, -0.0047, 0.1440] m
estimated baseline norm = 0.8718 m
expected baseline norm  = 0.7000 m
baseline error          = 0.1718 m (17.18 cm)
estimated relative rotation angle = 12.3765 deg
expected relative rotation angle  = 0.0000 deg
rotation angle error              = 12.3765 deg
camera_1 image: results/aruco/target_aruco_6x4_marker0_15_sep0_06/res320x240/shift/debug_images/shift_left_0_2m_camera_1_aruco_gray.png
camera_2 image: results/aruco/target_aruco_6x4_marker0_15_sep0_06/res320x240/shift/debug_images/shift_left_0_2m_camera_2_aruco_gray.png
==========================================================

