[INFO] [1780413412.353490163] [checkerboard_rig_evaluator]: Checkerboard Rig Evaluator started.
[INFO] [1780413412.353958059] [checkerboard_rig_evaluator]: Scenario: dist_2_0m
[INFO] [1780413412.354379064] [checkerboard_rig_evaluator]: Config: src/calib_lab/config/ground_truth_minimal.yaml
[INFO] [1780413412.354744129] [checkerboard_rig_evaluator]: Output CSV: results/checkerboard/target_9x6_square0_12/res640x480/distance/raw_results.csv
[INFO] [1780413412.355113603] [checkerboard_rig_evaluator]: Debug dir: results/checkerboard/target_9x6_square0_12/res640x480/distance/debug_images
[INFO] [1780413412.355512628] [checkerboard_rig_evaluator]: Max valid samples: 1
[INFO] [1780413412.356013024] [checkerboard_rig_evaluator]: Max attempts: 1
[INFO] [1780413412.356429740] [checkerboard_rig_evaluator]: Ready timeout: 20.0 sec
[INFO] [1780413412.356806564] [checkerboard_rig_evaluator]: Checkerboard pattern: (9, 6), square_size=0.12 m
[INFO] [1780413412.357450052] [checkerboard_rig_evaluator]: Expected baseline: 0.7000 m
[INFO] [1780413412.929904768] [checkerboard_rig_evaluator]: 
================ CHECKERBOARD EVALUATION SUCCESS ================
scenario: dist_2_0m
attempts: 1
camera_1_status: SB
camera_2_status: SB
estimated baseline: 0.7009 m
baseline error: 0.0009 m (0.09 cm)
rotation error: 0.0297 deg
translation: [-0.7009, -0.0004, -0.0013]
camera_1 image: results/checkerboard/target_9x6_square0_12/res640x480/distance/debug_images/dist_2_0m_camera_1_SB.png
camera_2 image: results/checkerboard/target_9x6_square0_12/res640x480/distance/debug_images/dist_2_0m_camera_2_SB.png
=================================================================

