[INFO] [1780413409.901701786] [checkerboard_rig_evaluator]: Checkerboard Rig Evaluator started.
[INFO] [1780413409.902290413] [checkerboard_rig_evaluator]: Scenario: dist_1_8m
[INFO] [1780413409.902752739] [checkerboard_rig_evaluator]: Config: src/calib_lab/config/ground_truth_minimal.yaml
[INFO] [1780413409.903344806] [checkerboard_rig_evaluator]: Output CSV: results/checkerboard/target_9x6_square0_12/res640x480/distance/raw_results.csv
[INFO] [1780413409.903770681] [checkerboard_rig_evaluator]: Debug dir: results/checkerboard/target_9x6_square0_12/res640x480/distance/debug_images
[INFO] [1780413409.904219037] [checkerboard_rig_evaluator]: Max valid samples: 1
[INFO] [1780413409.904604242] [checkerboard_rig_evaluator]: Max attempts: 1
[INFO] [1780413409.905012417] [checkerboard_rig_evaluator]: Ready timeout: 20.0 sec
[INFO] [1780413409.905396201] [checkerboard_rig_evaluator]: Checkerboard pattern: (9, 6), square_size=0.12 m
[INFO] [1780413409.905809527] [checkerboard_rig_evaluator]: Expected baseline: 0.7000 m
[INFO] [1780413410.432420153] [checkerboard_rig_evaluator]: 
================ CHECKERBOARD EVALUATION SUCCESS ================
scenario: dist_1_8m
attempts: 1
camera_1_status: SB
camera_2_status: SB
estimated baseline: 0.7024 m
baseline error: 0.0024 m (0.24 cm)
rotation error: 0.0856 deg
translation: [-0.7024, 0.0003, 0.0014]
camera_1 image: results/checkerboard/target_9x6_square0_12/res640x480/distance/debug_images/dist_1_8m_camera_1_SB.png
camera_2 image: results/checkerboard/target_9x6_square0_12/res640x480/distance/debug_images/dist_1_8m_camera_2_SB.png
=================================================================

