[INFO] [1780413659.024319961] [checkerboard_rig_evaluator]: Checkerboard Rig Evaluator started.
[INFO] [1780413659.024887008] [checkerboard_rig_evaluator]: Scenario: height_1_4m
[INFO] [1780413659.025287083] [checkerboard_rig_evaluator]: Config: src/calib_lab/config/ground_truth_minimal.yaml
[INFO] [1780413659.025741349] [checkerboard_rig_evaluator]: Output CSV: results/checkerboard/target_9x6_square0_12/res320x240/height/raw_results.csv
[INFO] [1780413659.026135494] [checkerboard_rig_evaluator]: Debug dir: results/checkerboard/target_9x6_square0_12/res320x240/height/debug_images
[INFO] [1780413659.026607560] [checkerboard_rig_evaluator]: Max valid samples: 1
[INFO] [1780413659.027001995] [checkerboard_rig_evaluator]: Max attempts: 1
[INFO] [1780413659.027435850] [checkerboard_rig_evaluator]: Ready timeout: 20.0 sec
[INFO] [1780413659.027988757] [checkerboard_rig_evaluator]: Checkerboard pattern: (9, 6), square_size=0.12 m
[INFO] [1780413659.028406592] [checkerboard_rig_evaluator]: Expected baseline: 0.7000 m
[INFO] [1780413659.529672007] [checkerboard_rig_evaluator]: 
================ CHECKERBOARD EVALUATION SUCCESS ================
scenario: height_1_4m
attempts: 1
camera_1_status: SB
camera_2_status: SB
estimated baseline: 0.6938 m
baseline error: 0.0062 m (0.62 cm)
rotation error: 0.1394 deg
translation: [-0.6938, 0.0000, -0.0010]
camera_1 image: results/checkerboard/target_9x6_square0_12/res320x240/height/debug_images/height_1_4m_camera_1_SB.png
camera_2 image: results/checkerboard/target_9x6_square0_12/res320x240/height/debug_images/height_1_4m_camera_2_SB.png
=================================================================

