[INFO] [1780413654.291820334] [checkerboard_rig_evaluator]: Checkerboard Rig Evaluator started.
[INFO] [1780413654.292358731] [checkerboard_rig_evaluator]: Scenario: height_1_0m
[INFO] [1780413654.292785836] [checkerboard_rig_evaluator]: Config: src/calib_lab/config/ground_truth_minimal.yaml
[INFO] [1780413654.293212521] [checkerboard_rig_evaluator]: Output CSV: results/checkerboard/target_9x6_square0_12/res320x240/height/raw_results.csv
[INFO] [1780413654.293610916] [checkerboard_rig_evaluator]: Debug dir: results/checkerboard/target_9x6_square0_12/res320x240/height/debug_images
[INFO] [1780413654.293996801] [checkerboard_rig_evaluator]: Max valid samples: 1
[INFO] [1780413654.294412966] [checkerboard_rig_evaluator]: Max attempts: 1
[INFO] [1780413654.294804681] [checkerboard_rig_evaluator]: Ready timeout: 20.0 sec
[INFO] [1780413654.295234056] [checkerboard_rig_evaluator]: Checkerboard pattern: (9, 6), square_size=0.12 m
[INFO] [1780413654.295623691] [checkerboard_rig_evaluator]: Expected baseline: 0.7000 m
[INFO] [1780413654.799468588] [checkerboard_rig_evaluator]: 
================ CHECKERBOARD EVALUATION SUCCESS ================
scenario: height_1_0m
attempts: 1
camera_1_status: SB
camera_2_status: SB
estimated baseline: 0.7060 m
baseline error: 0.0060 m (0.60 cm)
rotation error: 0.2631 deg
translation: [-0.7060, -0.0001, 0.0012]
camera_1 image: results/checkerboard/target_9x6_square0_12/res320x240/height/debug_images/height_1_0m_camera_1_SB.png
camera_2 image: results/checkerboard/target_9x6_square0_12/res320x240/height/debug_images/height_1_0m_camera_2_SB.png
=================================================================

