[INFO] [1780413656.650193709] [checkerboard_rig_evaluator]: Checkerboard Rig Evaluator started.
[INFO] [1780413656.650807297] [checkerboard_rig_evaluator]: Scenario: height_1_2m
[INFO] [1780413656.651209182] [checkerboard_rig_evaluator]: Config: src/calib_lab/config/ground_truth_minimal.yaml
[INFO] [1780413656.651715538] [checkerboard_rig_evaluator]: Output CSV: results/checkerboard/target_9x6_square0_12/res320x240/height/raw_results.csv
[INFO] [1780413656.652136433] [checkerboard_rig_evaluator]: Debug dir: results/checkerboard/target_9x6_square0_12/res320x240/height/debug_images
[INFO] [1780413656.652655670] [checkerboard_rig_evaluator]: Max valid samples: 1
[INFO] [1780413656.653146046] [checkerboard_rig_evaluator]: Max attempts: 1
[INFO] [1780413656.653667123] [checkerboard_rig_evaluator]: Ready timeout: 20.0 sec
[INFO] [1780413656.654083708] [checkerboard_rig_evaluator]: Checkerboard pattern: (9, 6), square_size=0.12 m
[INFO] [1780413656.654520923] [checkerboard_rig_evaluator]: Expected baseline: 0.7000 m
[INFO] [1780413657.178571392] [checkerboard_rig_evaluator]: 
================ CHECKERBOARD EVALUATION SUCCESS ================
scenario: height_1_2m
attempts: 1
camera_1_status: SB
camera_2_status: SB
estimated baseline: 0.7054 m
baseline error: 0.0054 m (0.54 cm)
rotation error: 0.2482 deg
translation: [-0.7054, 0.0005, 0.0010]
camera_1 image: results/checkerboard/target_9x6_square0_12/res320x240/height/debug_images/height_1_2m_camera_1_SB.png
camera_2 image: results/checkerboard/target_9x6_square0_12/res320x240/height/debug_images/height_1_2m_camera_2_SB.png
=================================================================

