[INFO] [1780413649.580775244] [checkerboard_rig_evaluator]: Checkerboard Rig Evaluator started.
[INFO] [1780413649.581582064] [checkerboard_rig_evaluator]: Scenario: height_0_6m
[INFO] [1780413649.582142121] [checkerboard_rig_evaluator]: Config: src/calib_lab/config/ground_truth_minimal.yaml
[INFO] [1780413649.582767839] [checkerboard_rig_evaluator]: Output CSV: results/checkerboard/target_9x6_square0_12/res320x240/height/raw_results.csv
[INFO] [1780413649.583406717] [checkerboard_rig_evaluator]: Debug dir: results/checkerboard/target_9x6_square0_12/res320x240/height/debug_images
[INFO] [1780413649.583874032] [checkerboard_rig_evaluator]: Max valid samples: 1
[INFO] [1780413649.584296128] [checkerboard_rig_evaluator]: Max attempts: 1
[INFO] [1780413649.584719493] [checkerboard_rig_evaluator]: Ready timeout: 20.0 sec
[INFO] [1780413649.585166239] [checkerboard_rig_evaluator]: Checkerboard pattern: (9, 6), square_size=0.12 m
[INFO] [1780413649.585553823] [checkerboard_rig_evaluator]: Expected baseline: 0.7000 m
[INFO] [1780413650.084661071] [checkerboard_rig_evaluator]: 
================ CHECKERBOARD EVALUATION SUCCESS ================
scenario: height_0_6m
attempts: 1
camera_1_status: SB
camera_2_status: SB
estimated baseline: 0.6716 m
baseline error: 0.0284 m (2.84 cm)
rotation error: 1.2159 deg
translation: [-0.6711, -0.0268, 0.0029]
camera_1 image: results/checkerboard/target_9x6_square0_12/res320x240/height/debug_images/height_0_6m_camera_1_SB.png
camera_2 image: results/checkerboard/target_9x6_square0_12/res320x240/height/debug_images/height_0_6m_camera_2_SB.png
=================================================================

