[INFO] [1780482308.047569977] [aruco_rig_evaluator]: ArUco Rig Evaluator started.
[INFO] [1780482308.053960265] [aruco_rig_evaluator]: Scenario: close_1_4m_yaw_10deg
[INFO] [1780482308.060226992] [aruco_rig_evaluator]: Config: src/calib_lab/config/ground_truth_minimal.yaml
[INFO] [1780482308.066585410] [aruco_rig_evaluator]: ArUco config: src/calib_lab/config/aruco_target.yaml
[INFO] [1780482308.072924492] [aruco_rig_evaluator]: Output CSV: results/aruco/target_aruco_6x4_marker0_15_sep0_06/res640x480/mixed/raw_results.csv
[INFO] [1780482308.079340263] [aruco_rig_evaluator]: Debug dir: results/aruco/target_aruco_6x4_marker0_15_sep0_06/res640x480/mixed/debug_images
[INFO] [1780482308.089006646] [aruco_rig_evaluator]: Board: 6x4, marker_length=0.15, separation=0.06, dictionary=DICT_4X4_50
[INFO] [1780482308.097795815] [aruco_rig_evaluator]: Expected baseline: 0.7000 m
[INFO] [1780482308.105279085] [aruco_rig_evaluator]: Max attempts: 1
[INFO] [1780482308.549425825] [aruco_rig_evaluator]: 
================ ARUCO EVALUATION SUCCESS ================
scenario: close_1_4m_yaw_10deg
attempts: 1
camera_1: method=aruco/gray, markers=12, t_cam_target=[-0.8726, -0.3910, 0.9993] m
camera_2: method=aruco/gray, markers=20, t_cam_target=[-0.2941, -0.3911, 0.9846] m

Estimated relative transform from common ArUco target:
T_camera_1_camera_2 translation = [-0.6267, 0.0008, 0.0018] m
estimated baseline norm = 0.6267 m
expected baseline norm  = 0.7000 m
baseline error          = 0.0733 m (7.33 cm)
estimated relative rotation angle = 2.7888 deg
expected relative rotation angle  = 0.0000 deg
rotation angle error              = 2.7888 deg
camera_1 image: results/aruco/target_aruco_6x4_marker0_15_sep0_06/res640x480/mixed/debug_images/close_1_4m_yaw_10deg_camera_1_aruco_gray.png
camera_2 image: results/aruco/target_aruco_6x4_marker0_15_sep0_06/res640x480/mixed/debug_images/close_1_4m_yaw_10deg_camera_2_aruco_gray.png
==========================================================

