[INFO] [1780482283.059268941] [aruco_rig_evaluator]: ArUco Rig Evaluator started.
[INFO] [1780482283.066512097] [aruco_rig_evaluator]: Scenario: far_2_4m_yaw_20deg
[INFO] [1780482283.072810433] [aruco_rig_evaluator]: Config: src/calib_lab/config/ground_truth_minimal.yaml
[INFO] [1780482283.079042781] [aruco_rig_evaluator]: ArUco config: src/calib_lab/config/aruco_target.yaml
[INFO] [1780482283.085163943] [aruco_rig_evaluator]: Output CSV: results/aruco/target_aruco_6x4_marker0_15_sep0_06/res640x480/mixed/raw_results.csv
[INFO] [1780482283.091736274] [aruco_rig_evaluator]: Debug dir: results/aruco/target_aruco_6x4_marker0_15_sep0_06/res640x480/mixed/debug_images
[INFO] [1780482283.098425385] [aruco_rig_evaluator]: Board: 6x4, marker_length=0.15, separation=0.06, dictionary=DICT_4X4_50
[INFO] [1780482283.104397796] [aruco_rig_evaluator]: Expected baseline: 0.7000 m
[INFO] [1780482283.110693321] [aruco_rig_evaluator]: Max attempts: 1
[WARN] [1780482285.522944480] [aruco_rig_evaluator]: Waiting for input topics before detection attempt | missing=['camera_1:no_camera_info', 'camera_2:no_camera_info']
[WARN] [1780482288.024643019] [aruco_rig_evaluator]: Waiting for input topics before detection attempt | missing=['camera_1:no_camera_info', 'camera_2:no_camera_info']
[WARN] [1780482291.024665902] [aruco_rig_evaluator]: Waiting for input topics before detection attempt | missing=['camera_1:no_camera_info', 'camera_2:no_camera_info']
[WARN] [1780482293.523228116] [aruco_rig_evaluator]: Waiting for input topics before detection attempt | missing=['camera_1:no_camera_info', 'camera_2:no_camera_info']
[WARN] [1780482296.024378688] [aruco_rig_evaluator]: Waiting for input topics before detection attempt | missing=['camera_1:no_camera_info', 'camera_2:no_camera_info']
[WARN] [1780482298.524801381] [aruco_rig_evaluator]: Waiting for input topics before detection attempt | missing=['camera_1:no_camera_info', 'camera_2:no_camera_info']
[WARN] [1780482301.024909731] [aruco_rig_evaluator]: Waiting for input topics before detection attempt | missing=['camera_1:no_camera_info', 'camera_2:no_camera_info']
[WARN] [1780482303.044131216] [aruco_rig_evaluator]: 
================ ARUCO EVALUATION FAILURE ================
scenario: far_2_4m_yaw_20deg
attempts: 0
failure_reason: camera_1:no_camera_info;camera_2:no_camera_info
camera_1 markers: 0
camera_2 markers: 0
camera_1 image: results/aruco/target_aruco_6x4_marker0_15_sep0_06/res640x480/mixed/debug_images/far_2_4m_yaw_20deg_camera_1_no_camera_info.png
camera_2 image: results/aruco/target_aruco_6x4_marker0_15_sep0_06/res640x480/mixed/debug_images/far_2_4m_yaw_20deg_camera_2_no_camera_info.png
==========================================================

