[INFO] [1780482305.326154866] [aruco_rig_evaluator]: ArUco Rig Evaluator started.
[INFO] [1780482305.333081164] [aruco_rig_evaluator]: Scenario: far_2_4m_yaw_30deg
[INFO] [1780482305.339652014] [aruco_rig_evaluator]: Config: src/calib_lab/config/ground_truth_minimal.yaml
[INFO] [1780482305.346521320] [aruco_rig_evaluator]: ArUco config: src/calib_lab/config/aruco_target.yaml
[INFO] [1780482305.353316701] [aruco_rig_evaluator]: Output CSV: results/aruco/target_aruco_6x4_marker0_15_sep0_06/res640x480/mixed/raw_results.csv
[INFO] [1780482305.359969119] [aruco_rig_evaluator]: Debug dir: results/aruco/target_aruco_6x4_marker0_15_sep0_06/res640x480/mixed/debug_images
[INFO] [1780482305.367593041] [aruco_rig_evaluator]: Board: 6x4, marker_length=0.15, separation=0.06, dictionary=DICT_4X4_50
[INFO] [1780482305.374243304] [aruco_rig_evaluator]: Expected baseline: 0.7000 m
[INFO] [1780482305.380715396] [aruco_rig_evaluator]: Max attempts: 1
[INFO] [1780482305.818340445] [aruco_rig_evaluator]: 
================ ARUCO EVALUATION SUCCESS ================
scenario: far_2_4m_yaw_30deg
attempts: 1
camera_1: method=aruco/gray, markers=16, t_cam_target=[-0.7500, -0.3914, 1.5236] m
camera_2: method=aruco/gray, markers=19, t_cam_target=[-0.2137, -0.3919, 1.5610] m

Estimated relative transform from common ArUco target:
T_camera_1_camera_2 translation = [-0.4658, 0.0076, -0.0243] m
estimated baseline norm = 0.4665 m
expected baseline norm  = 0.7000 m
baseline error          = 0.2335 m (23.35 cm)
estimated relative rotation angle = 2.6222 deg
expected relative rotation angle  = 0.0000 deg
rotation angle error              = 2.6222 deg
camera_1 image: results/aruco/target_aruco_6x4_marker0_15_sep0_06/res640x480/mixed/debug_images/far_2_4m_yaw_30deg_camera_1_aruco_gray.png
camera_2 image: results/aruco/target_aruco_6x4_marker0_15_sep0_06/res640x480/mixed/debug_images/far_2_4m_yaw_30deg_camera_2_aruco_gray.png
==========================================================

