[INFO] [1780482313.551957983] [aruco_rig_evaluator]: ArUco Rig Evaluator started.
[INFO] [1780482313.558464332] [aruco_rig_evaluator]: Scenario: shift_right_0_2m_yaw_20deg
[INFO] [1780482313.564979287] [aruco_rig_evaluator]: Config: src/calib_lab/config/ground_truth_minimal.yaml
[INFO] [1780482313.570855007] [aruco_rig_evaluator]: ArUco config: src/calib_lab/config/aruco_target.yaml
[INFO] [1780482313.577271205] [aruco_rig_evaluator]: Output CSV: results/aruco/target_aruco_6x4_marker0_15_sep0_06/res640x480/mixed/raw_results.csv
[INFO] [1780482313.583128384] [aruco_rig_evaluator]: Debug dir: results/aruco/target_aruco_6x4_marker0_15_sep0_06/res640x480/mixed/debug_images
[INFO] [1780482313.589851576] [aruco_rig_evaluator]: Board: 6x4, marker_length=0.15, separation=0.06, dictionary=DICT_4X4_50
[INFO] [1780482313.596124837] [aruco_rig_evaluator]: Expected baseline: 0.7000 m
[INFO] [1780482313.602191121] [aruco_rig_evaluator]: Max attempts: 1
[INFO] [1780482314.047752736] [aruco_rig_evaluator]: 
================ ARUCO EVALUATION SUCCESS ================
scenario: shift_right_0_2m_yaw_20deg
attempts: 1
camera_1: method=aruco/gray, markers=12, t_cam_target=[-0.9520, -0.3912, 1.1107] m
camera_2: method=aruco/gray, markers=16, t_cam_target=[-0.4180, -0.3908, 1.1589] m

Estimated relative transform from common ArUco target:
T_camera_1_camera_2 translation = [-0.4567, -0.0010, -0.0175] m
estimated baseline norm = 0.4570 m
expected baseline norm  = 0.7000 m
baseline error          = 0.2430 m (24.30 cm)
estimated relative rotation angle = 3.8807 deg
expected relative rotation angle  = 0.0000 deg
rotation angle error              = 3.8807 deg
camera_1 image: results/aruco/target_aruco_6x4_marker0_15_sep0_06/res640x480/mixed/debug_images/shift_right_0_2m_yaw_20deg_camera_1_aruco_gray.png
camera_2 image: results/aruco/target_aruco_6x4_marker0_15_sep0_06/res640x480/mixed/debug_images/shift_right_0_2m_yaw_20deg_camera_2_aruco_gray.png
==========================================================

