[INFO] [1780420470.894275345] [aruco_rig_evaluator]: ArUco Rig Evaluator started.
[INFO] [1780420470.894973465] [aruco_rig_evaluator]: Scenario: shift_left_0_2m_yaw_20deg
[INFO] [1780420470.897242204] [aruco_rig_evaluator]: Config: src/calib_lab/config/ground_truth_minimal.yaml
[INFO] [1780420470.897694060] [aruco_rig_evaluator]: ArUco config: src/calib_lab/config/aruco_target.yaml
[INFO] [1780420470.898116946] [aruco_rig_evaluator]: Output CSV: results/aruco/target_aruco_6x4_marker0_15_sep0_06/res640x480/mixed/raw_results.csv
[INFO] [1780420470.898602832] [aruco_rig_evaluator]: Debug dir: results/aruco/target_aruco_6x4_marker0_15_sep0_06/res640x480/mixed/debug_images
[INFO] [1780420470.899096188] [aruco_rig_evaluator]: Board: 6x4, marker_length=0.15, separation=0.06, dictionary=DICT_4X4_50
[INFO] [1780420470.899562404] [aruco_rig_evaluator]: Expected baseline: 0.7000 m
[INFO] [1780420470.900126972] [aruco_rig_evaluator]: Max attempts: 1
[INFO] [1780420471.397771928] [aruco_rig_evaluator]: 
================ ARUCO EVALUATION SUCCESS ================
scenario: shift_left_0_2m_yaw_20deg
attempts: 1
camera_1: method=aruco/gray, markers=16, t_cam_target=[-0.6510, -0.3910, 1.1594] m
camera_2: method=aruco/gray, markers=18, t_cam_target=[-0.1061, -0.3909, 1.1717] m

Estimated relative transform from common ArUco target:
T_camera_1_camera_2 translation = [-0.5022, -0.0003, -0.0076] m
estimated baseline norm = 0.5023 m
expected baseline norm  = 0.7000 m
baseline error          = 0.1977 m (19.77 cm)
estimated relative rotation angle = 2.0926 deg
expected relative rotation angle  = 0.0000 deg
rotation angle error              = 2.0926 deg
camera_1 image: results/aruco/target_aruco_6x4_marker0_15_sep0_06/res640x480/mixed/debug_images/shift_left_0_2m_yaw_20deg_camera_1_aruco_gray.png
camera_2 image: results/aruco/target_aruco_6x4_marker0_15_sep0_06/res640x480/mixed/debug_images/shift_left_0_2m_yaw_20deg_camera_2_aruco_gray.png
==========================================================

