[INFO] [1780413429.896581106] [checkerboard_rig_evaluator]: Checkerboard Rig Evaluator started.
[INFO] [1780413429.897228424] [checkerboard_rig_evaluator]: Scenario: yaw_20deg
[INFO] [1780413429.897773041] [checkerboard_rig_evaluator]: Config: src/calib_lab/config/ground_truth_minimal.yaml
[INFO] [1780413429.898293067] [checkerboard_rig_evaluator]: Output CSV: results/checkerboard/target_9x6_square0_12/res640x480/yaw/raw_results.csv
[INFO] [1780413429.898729123] [checkerboard_rig_evaluator]: Debug dir: results/checkerboard/target_9x6_square0_12/res640x480/yaw/debug_images
[INFO] [1780413429.899233789] [checkerboard_rig_evaluator]: Max valid samples: 1
[INFO] [1780413429.899628374] [checkerboard_rig_evaluator]: Max attempts: 1
[INFO] [1780413429.900154060] [checkerboard_rig_evaluator]: Ready timeout: 20.0 sec
[INFO] [1780413429.900573596] [checkerboard_rig_evaluator]: Checkerboard pattern: (9, 6), square_size=0.12 m
[INFO] [1780413429.901077262] [checkerboard_rig_evaluator]: Expected baseline: 0.7000 m
[INFO] [1780413430.437948416] [checkerboard_rig_evaluator]: 
================ CHECKERBOARD EVALUATION SUCCESS ================
scenario: yaw_20deg
attempts: 1
camera_1_status: SB
camera_2_status: SB
estimated baseline: 0.6875 m
baseline error: 0.0125 m (1.25 cm)
rotation error: 0.3950 deg
translation: [-0.6875, -0.0009, -0.0022]
camera_1 image: results/checkerboard/target_9x6_square0_12/res640x480/yaw/debug_images/yaw_20deg_camera_1_SB.png
camera_2 image: results/checkerboard/target_9x6_square0_12/res640x480/yaw/debug_images/yaw_20deg_camera_2_SB.png
=================================================================

