[INFO] [1780413427.414140017] [checkerboard_rig_evaluator]: Checkerboard Rig Evaluator started.
[INFO] [1780413427.414693724] [checkerboard_rig_evaluator]: Scenario: yaw_10deg
[INFO] [1780413427.415271282] [checkerboard_rig_evaluator]: Config: src/calib_lab/config/ground_truth_minimal.yaml
[INFO] [1780413427.415805698] [checkerboard_rig_evaluator]: Output CSV: results/checkerboard/target_9x6_square0_12/res640x480/yaw/raw_results.csv
[INFO] [1780413427.416344725] [checkerboard_rig_evaluator]: Debug dir: results/checkerboard/target_9x6_square0_12/res640x480/yaw/debug_images
[INFO] [1780413427.416924082] [checkerboard_rig_evaluator]: Max valid samples: 1
[INFO] [1780413427.418015016] [checkerboard_rig_evaluator]: Max attempts: 1
[INFO] [1780413427.418551012] [checkerboard_rig_evaluator]: Ready timeout: 20.0 sec
[INFO] [1780413427.419057039] [checkerboard_rig_evaluator]: Checkerboard pattern: (9, 6), square_size=0.12 m
[INFO] [1780413427.419644766] [checkerboard_rig_evaluator]: Expected baseline: 0.7000 m
[INFO] [1780413427.977902115] [checkerboard_rig_evaluator]: 
================ CHECKERBOARD EVALUATION SUCCESS ================
scenario: yaw_10deg
attempts: 1
camera_1_status: SB
camera_2_status: SB
estimated baseline: 0.7086 m
baseline error: 0.0086 m (0.86 cm)
rotation error: 0.2625 deg
translation: [-0.7086, -0.0005, 0.0026]
camera_1 image: results/checkerboard/target_9x6_square0_12/res640x480/yaw/debug_images/yaw_10deg_camera_1_SB.png
camera_2 image: results/checkerboard/target_9x6_square0_12/res640x480/yaw/debug_images/yaw_10deg_camera_2_SB.png
=================================================================

