[INFO] [1780413424.921354000] [checkerboard_rig_evaluator]: Checkerboard Rig Evaluator started.
[INFO] [1780413424.922360653] [checkerboard_rig_evaluator]: Scenario: yaw_0deg
[INFO] [1780413424.922833739] [checkerboard_rig_evaluator]: Config: src/calib_lab/config/ground_truth_minimal.yaml
[INFO] [1780413424.923373675] [checkerboard_rig_evaluator]: Output CSV: results/checkerboard/target_9x6_square0_12/res640x480/yaw/raw_results.csv
[INFO] [1780413424.923917762] [checkerboard_rig_evaluator]: Debug dir: results/checkerboard/target_9x6_square0_12/res640x480/yaw/debug_images
[INFO] [1780413424.924426169] [checkerboard_rig_evaluator]: Max valid samples: 1
[INFO] [1780413424.924926635] [checkerboard_rig_evaluator]: Max attempts: 1
[INFO] [1780413424.925474642] [checkerboard_rig_evaluator]: Ready timeout: 20.0 sec
[INFO] [1780413424.926243591] [checkerboard_rig_evaluator]: Checkerboard pattern: (9, 6), square_size=0.12 m
[INFO] [1780413424.926821878] [checkerboard_rig_evaluator]: Expected baseline: 0.7000 m
[INFO] [1780413425.456335861] [checkerboard_rig_evaluator]: 
================ CHECKERBOARD EVALUATION SUCCESS ================
scenario: yaw_0deg
attempts: 1
camera_1_status: SB
camera_2_status: SB
estimated baseline: 0.7024 m
baseline error: 0.0024 m (0.24 cm)
rotation error: 0.0856 deg
translation: [-0.7024, 0.0003, 0.0014]
camera_1 image: results/checkerboard/target_9x6_square0_12/res640x480/yaw/debug_images/yaw_0deg_camera_1_SB.png
camera_2 image: results/checkerboard/target_9x6_square0_12/res640x480/yaw/debug_images/yaw_0deg_camera_2_SB.png
=================================================================

