[INFO] [1780413432.375589892] [checkerboard_rig_evaluator]: Checkerboard Rig Evaluator started.
[INFO] [1780413432.376052067] [checkerboard_rig_evaluator]: Scenario: yaw_30deg
[INFO] [1780413432.376433002] [checkerboard_rig_evaluator]: Config: src/calib_lab/config/ground_truth_minimal.yaml
[INFO] [1780413432.376892598] [checkerboard_rig_evaluator]: Output CSV: results/checkerboard/target_9x6_square0_12/res640x480/yaw/raw_results.csv
[INFO] [1780413432.377299143] [checkerboard_rig_evaluator]: Debug dir: results/checkerboard/target_9x6_square0_12/res640x480/yaw/debug_images
[INFO] [1780413432.377713258] [checkerboard_rig_evaluator]: Max valid samples: 1
[INFO] [1780413432.378091813] [checkerboard_rig_evaluator]: Max attempts: 1
[INFO] [1780413432.378560449] [checkerboard_rig_evaluator]: Ready timeout: 20.0 sec
[INFO] [1780413432.378971924] [checkerboard_rig_evaluator]: Checkerboard pattern: (9, 6), square_size=0.12 m
[INFO] [1780413432.379413299] [checkerboard_rig_evaluator]: Expected baseline: 0.7000 m
[INFO] [1780413432.947559302] [checkerboard_rig_evaluator]: 
================ CHECKERBOARD EVALUATION SUCCESS ================
scenario: yaw_30deg
attempts: 1
camera_1_status: SB
camera_2_status: SB
estimated baseline: 0.6992 m
baseline error: 0.0008 m (0.08 cm)
rotation error: 0.0383 deg
translation: [-0.6992, -0.0008, -0.0005]
camera_1 image: results/checkerboard/target_9x6_square0_12/res640x480/yaw/debug_images/yaw_30deg_camera_1_SB.png
camera_2 image: results/checkerboard/target_9x6_square0_12/res640x480/yaw/debug_images/yaw_30deg_camera_2_SB.png
=================================================================

