[INFO] [1780420331.429282928] [aruco_rig_evaluator]: ArUco Rig Evaluator started.
[INFO] [1780420331.429826245] [aruco_rig_evaluator]: Scenario: yaw_20deg
[INFO] [1780420331.430294151] [aruco_rig_evaluator]: Config: src/calib_lab/config/ground_truth_minimal.yaml
[INFO] [1780420331.430755147] [aruco_rig_evaluator]: ArUco config: src/calib_lab/config/aruco_target.yaml
[INFO] [1780420331.431148352] [aruco_rig_evaluator]: Output CSV: results/aruco/target_aruco_6x4_marker0_15_sep0_06/res320x240/yaw/raw_results.csv
[INFO] [1780420331.431541847] [aruco_rig_evaluator]: Debug dir: results/aruco/target_aruco_6x4_marker0_15_sep0_06/res320x240/yaw/debug_images
[INFO] [1780420331.431969153] [aruco_rig_evaluator]: Board: 6x4, marker_length=0.15, separation=0.06, dictionary=DICT_4X4_50
[INFO] [1780420331.432363468] [aruco_rig_evaluator]: Expected baseline: 0.7000 m
[INFO] [1780420331.432806034] [aruco_rig_evaluator]: Max attempts: 1
[INFO] [1780420331.924977318] [aruco_rig_evaluator]: 
================ ARUCO EVALUATION SUCCESS ================
scenario: yaw_20deg
attempts: 1
camera_1: method=aruco/gray, markers=16, t_cam_target=[-0.8805, -0.3916, 1.4917] m
camera_2: method=aruco/gray, markers=12, t_cam_target=[-0.9335, -0.8942, 2.2907] m

Estimated relative transform from common ArUco target:
T_camera_1_camera_2 translation = [-2.2392, -0.1585, -0.7483] m
estimated baseline norm = 2.3663 m
expected baseline norm  = 0.7000 m
baseline error          = 1.6663 m (166.63 cm)
estimated relative rotation angle = 54.7212 deg
expected relative rotation angle  = 0.0000 deg
rotation angle error              = 54.7212 deg
camera_1 image: results/aruco/target_aruco_6x4_marker0_15_sep0_06/res320x240/yaw/debug_images/yaw_20deg_camera_1_aruco_gray.png
camera_2 image: results/aruco/target_aruco_6x4_marker0_15_sep0_06/res320x240/yaw/debug_images/yaw_20deg_camera_2_aruco_gray.png
==========================================================

