[INFO] [1780420340.933270224] [aruco_rig_evaluator]: ArUco Rig Evaluator started.
[INFO] [1780420340.933870172] [aruco_rig_evaluator]: Scenario: yaw_45deg
[INFO] [1780420340.934383958] [aruco_rig_evaluator]: Config: src/calib_lab/config/ground_truth_minimal.yaml
[INFO] [1780420340.934867575] [aruco_rig_evaluator]: ArUco config: src/calib_lab/config/aruco_target.yaml
[INFO] [1780420340.935340111] [aruco_rig_evaluator]: Output CSV: results/aruco/target_aruco_6x4_marker0_15_sep0_06/res320x240/yaw/raw_results.csv
[INFO] [1780420340.935814037] [aruco_rig_evaluator]: Debug dir: results/aruco/target_aruco_6x4_marker0_15_sep0_06/res320x240/yaw/debug_images
[INFO] [1780420340.936307084] [aruco_rig_evaluator]: Board: 6x4, marker_length=0.15, separation=0.06, dictionary=DICT_4X4_50
[INFO] [1780420340.936764240] [aruco_rig_evaluator]: Expected baseline: 0.7000 m
[INFO] [1780420340.937209325] [aruco_rig_evaluator]: Max attempts: 1
[INFO] [1780420341.420838408] [aruco_rig_evaluator]: 
================ ARUCO EVALUATION SUCCESS ================
scenario: yaw_45deg
attempts: 1
camera_1: method=aruco/gray, markers=12, t_cam_target=[-0.6621, -0.3956, 0.9737] m
camera_2: method=aruco/gray, markers=10, t_cam_target=[-0.1247, -0.3942, 0.9709] m

Estimated relative transform from common ArUco target:
T_camera_1_camera_2 translation = [-0.5003, -0.0118, 0.0041] m
estimated baseline norm = 0.5005 m
expected baseline norm  = 0.7000 m
baseline error          = 0.1995 m (19.95 cm)
estimated relative rotation angle = 2.2109 deg
expected relative rotation angle  = 0.0000 deg
rotation angle error              = 2.2109 deg
camera_1 image: results/aruco/target_aruco_6x4_marker0_15_sep0_06/res320x240/yaw/debug_images/yaw_45deg_camera_1_aruco_gray.png
camera_2 image: results/aruco/target_aruco_6x4_marker0_15_sep0_06/res320x240/yaw/debug_images/yaw_45deg_camera_2_aruco_gray.png
==========================================================

