[INFO] [1780420326.694374058] [aruco_rig_evaluator]: ArUco Rig Evaluator started.
[INFO] [1780420326.695005096] [aruco_rig_evaluator]: Scenario: yaw_0deg
[INFO] [1780420326.695389471] [aruco_rig_evaluator]: Config: src/calib_lab/config/ground_truth_minimal.yaml
[INFO] [1780420326.695765276] [aruco_rig_evaluator]: ArUco config: src/calib_lab/config/aruco_target.yaml
[INFO] [1780420326.696227442] [aruco_rig_evaluator]: Output CSV: results/aruco/target_aruco_6x4_marker0_15_sep0_06/res320x240/yaw/raw_results.csv
[INFO] [1780420326.696756339] [aruco_rig_evaluator]: Debug dir: results/aruco/target_aruco_6x4_marker0_15_sep0_06/res320x240/yaw/debug_images
[INFO] [1780420326.697287766] [aruco_rig_evaluator]: Board: 6x4, marker_length=0.15, separation=0.06, dictionary=DICT_4X4_50
[INFO] [1780420326.697677551] [aruco_rig_evaluator]: Expected baseline: 0.7000 m
[INFO] [1780420326.698077237] [aruco_rig_evaluator]: Max attempts: 1
[INFO] [1780420327.181708219] [aruco_rig_evaluator]: 
================ ARUCO EVALUATION SUCCESS ================
scenario: yaw_0deg
attempts: 1
camera_1: method=aruco/gray, markers=16, t_cam_target=[-1.6838, -1.0164, 2.8755] m
camera_2: method=aruco/gray, markers=15, t_cam_target=[-0.3146, -0.3924, 1.3568] m

Estimated relative transform from common ArUco target:
T_camera_1_camera_2 translation = [-1.7045, -0.5528, 1.5050] m
estimated baseline norm = 2.3401 m
expected baseline norm  = 0.7000 m
baseline error          = 1.6401 m (164.01 cm)
estimated relative rotation angle = 13.9379 deg
expected relative rotation angle  = 0.0000 deg
rotation angle error              = 13.9379 deg
camera_1 image: results/aruco/target_aruco_6x4_marker0_15_sep0_06/res320x240/yaw/debug_images/yaw_0deg_camera_1_aruco_gray.png
camera_2 image: results/aruco/target_aruco_6x4_marker0_15_sep0_06/res320x240/yaw/debug_images/yaw_0deg_camera_2_aruco_gray.png
==========================================================

