[INFO] [1780420338.577587318] [aruco_rig_evaluator]: ArUco Rig Evaluator started.
[INFO] [1780420338.578120395] [aruco_rig_evaluator]: Scenario: yaw_40deg
[INFO] [1780420338.578530550] [aruco_rig_evaluator]: Config: src/calib_lab/config/ground_truth_minimal.yaml
[INFO] [1780420338.578899675] [aruco_rig_evaluator]: ArUco config: src/calib_lab/config/aruco_target.yaml
[INFO] [1780420338.579293690] [aruco_rig_evaluator]: Output CSV: results/aruco/target_aruco_6x4_marker0_15_sep0_06/res320x240/yaw/raw_results.csv
[INFO] [1780420338.579668295] [aruco_rig_evaluator]: Debug dir: results/aruco/target_aruco_6x4_marker0_15_sep0_06/res320x240/yaw/debug_images
[INFO] [1780420338.580039370] [aruco_rig_evaluator]: Board: 6x4, marker_length=0.15, separation=0.06, dictionary=DICT_4X4_50
[INFO] [1780420338.580491796] [aruco_rig_evaluator]: Expected baseline: 0.7000 m
[INFO] [1780420338.580871321] [aruco_rig_evaluator]: Max attempts: 1
[INFO] [1780420339.062219674] [aruco_rig_evaluator]: 
================ ARUCO EVALUATION SUCCESS ================
scenario: yaw_40deg
attempts: 1
camera_1: method=aruco/gray, markers=12, t_cam_target=[-0.6935, -0.3931, 0.9997] m
camera_2: method=aruco/gray, markers=9, t_cam_target=[-0.1593, -0.3955, 1.0147] m

Estimated relative transform from common ArUco target:
T_camera_1_camera_2 translation = [-0.4901, 0.0076, -0.0050] m
estimated baseline norm = 0.4902 m
expected baseline norm  = 0.7000 m
baseline error          = 0.2098 m (20.98 cm)
estimated relative rotation angle = 2.4930 deg
expected relative rotation angle  = 0.0000 deg
rotation angle error              = 2.4930 deg
camera_1 image: results/aruco/target_aruco_6x4_marker0_15_sep0_06/res320x240/yaw/debug_images/yaw_40deg_camera_1_aruco_gray.png
camera_2 image: results/aruco/target_aruco_6x4_marker0_15_sep0_06/res320x240/yaw/debug_images/yaw_40deg_camera_2_aruco_gray.png
==========================================================

