[INFO] [1780738512.480666228] [charuco_rig_evaluator]: ChArUco Rig Evaluator started.
[INFO] [1780738512.481353586] [charuco_rig_evaluator]: Scenario: dist_1_6m
[INFO] [1780738512.481874982] [charuco_rig_evaluator]: Config: src/calib_lab/config/ground_truth_minimal.yaml
[INFO] [1780738512.482651777] [charuco_rig_evaluator]: ChArUco config: src/calib_lab/config/charuco_target.yaml
[INFO] [1780738512.483463317] [charuco_rig_evaluator]: Output CSV: results/charuco/target_charuco_current/res640x480/distance/raw_results.csv
[INFO] [1780738512.483879687] [charuco_rig_evaluator]: Debug dir: results/charuco/target_charuco_current/res640x480/distance/debug_images
[INFO] [1780738512.484287651] [charuco_rig_evaluator]: Board: 7x5, square_length=0.12, marker_length=0.09, dictionary=DICT_4X4_50
[INFO] [1780738512.484633328] [charuco_rig_evaluator]: Expected baseline: 0.7000 m
[INFO] [1780738512.485038807] [charuco_rig_evaluator]: Max attempts: 1
[INFO] [1780738512.993139926] [charuco_rig_evaluator]: 
================ CHARUCO EVALUATION SUCCESS ================
scenario: dist_1_6m
attempts: 1
camera_1: method=charuco/gray, markers=17, charuco_corners=24, t_cam_target=[-0.7610, 0.2904, 1.5571] m
camera_2: method=charuco/gray, markers=16, charuco_corners=20, t_cam_target=[-0.0873, 0.2917, 1.5072] m

Estimated relative transform from common ChArUco target:
T_camera_1_camera_2 translation = [-0.8444, 0.0546, 0.0399] m
estimated baseline norm = 0.8471 m
expected baseline norm  = 0.7000 m
baseline error          = 0.1471 m (14.71 cm)
estimated relative rotation angle = 6.8119 deg
expected relative rotation angle  = 0.0000 deg
rotation angle error              = 6.8119 deg
camera_1 image: results/charuco/target_charuco_current/res640x480/distance/debug_images/dist_1_6m_camera_1_charuco_gray.png
camera_2 image: results/charuco/target_charuco_current/res640x480/distance/debug_images/dist_1_6m_camera_2_charuco_gray.png
============================================================

