[INFO] [1780738520.800756738] [charuco_rig_evaluator]: ChArUco Rig Evaluator started.
[INFO] [1780738520.801279628] [charuco_rig_evaluator]: Scenario: dist_2_2m
[INFO] [1780738520.801763594] [charuco_rig_evaluator]: Config: src/calib_lab/config/ground_truth_minimal.yaml
[INFO] [1780738520.802323272] [charuco_rig_evaluator]: ChArUco config: src/calib_lab/config/charuco_target.yaml
[INFO] [1780738520.802665954] [charuco_rig_evaluator]: Output CSV: results/charuco/target_charuco_current/res640x480/distance/raw_results.csv
[INFO] [1780738520.803012252] [charuco_rig_evaluator]: Debug dir: results/charuco/target_charuco_current/res640x480/distance/debug_images
[INFO] [1780738520.803445413] [charuco_rig_evaluator]: Board: 7x5, square_length=0.12, marker_length=0.09, dictionary=DICT_4X4_50
[INFO] [1780738520.803827408] [charuco_rig_evaluator]: Expected baseline: 0.7000 m
[INFO] [1780738520.804487715] [charuco_rig_evaluator]: Max attempts: 1
[INFO] [1780738521.319080505] [charuco_rig_evaluator]: 
================ CHARUCO EVALUATION SUCCESS ================
scenario: dist_2_2m
attempts: 1
camera_1: method=charuco/gray, markers=16, charuco_corners=20, t_cam_target=[-0.7614, 0.2958, 2.1099] m
camera_2: method=charuco/gray, markers=17, charuco_corners=24, t_cam_target=[-0.0844, 0.2979, 2.1151] m

Estimated relative transform from common ChArUco target:
T_camera_1_camera_2 translation = [-0.6240, 0.0574, -0.0100] m
estimated baseline norm = 0.6268 m
expected baseline norm  = 0.7000 m
baseline error          = 0.0732 m (7.32 cm)
estimated relative rotation angle = 2.1407 deg
expected relative rotation angle  = 0.0000 deg
rotation angle error              = 2.1407 deg
camera_1 image: results/charuco/target_charuco_current/res640x480/distance/debug_images/dist_2_2m_camera_1_charuco_gray.png
camera_2 image: results/charuco/target_charuco_current/res640x480/distance/debug_images/dist_2_2m_camera_2_charuco_gray.png
============================================================

