[INFO] [1780738509.639623736] [charuco_rig_evaluator]: ChArUco Rig Evaluator started.
[INFO] [1780738509.640071615] [charuco_rig_evaluator]: Scenario: dist_1_4m
[INFO] [1780738509.640359143] [charuco_rig_evaluator]: Config: src/calib_lab/config/ground_truth_minimal.yaml
[INFO] [1780738509.640714128] [charuco_rig_evaluator]: ChArUco config: src/calib_lab/config/charuco_target.yaml
[INFO] [1780738509.641091565] [charuco_rig_evaluator]: Output CSV: results/charuco/target_charuco_current/res640x480/distance/raw_results.csv
[INFO] [1780738509.641378803] [charuco_rig_evaluator]: Debug dir: results/charuco/target_charuco_current/res640x480/distance/debug_images
[INFO] [1780738509.641653798] [charuco_rig_evaluator]: Board: 7x5, square_length=0.12, marker_length=0.09, dictionary=DICT_4X4_50
[INFO] [1780738509.642072192] [charuco_rig_evaluator]: Expected baseline: 0.7000 m
[INFO] [1780738509.643969034] [charuco_rig_evaluator]: Max attempts: 1
[INFO] [1780738510.167246265] [charuco_rig_evaluator]: 
================ CHARUCO EVALUATION SUCCESS ================
scenario: dist_1_4m
attempts: 1
camera_1: method=charuco/gray, markers=17, charuco_corners=24, t_cam_target=[-0.7617, 0.2933, 1.3444] m
camera_2: method=charuco/gray, markers=17, charuco_corners=24, t_cam_target=[-0.0896, 0.2943, 1.3002] m

Estimated relative transform from common ChArUco target:
T_camera_1_camera_2 translation = [-0.7264, 0.0921, 0.0240] m
estimated baseline norm = 0.7326 m
expected baseline norm  = 0.7000 m
baseline error          = 0.0326 m (3.26 cm)
estimated relative rotation angle = 4.7281 deg
expected relative rotation angle  = 0.0000 deg
rotation angle error              = 4.7281 deg
camera_1 image: results/charuco/target_charuco_current/res640x480/distance/debug_images/dist_1_4m_camera_1_charuco_gray.png
camera_2 image: results/charuco/target_charuco_current/res640x480/distance/debug_images/dist_1_4m_camera_2_charuco_gray.png
============================================================

