[INFO] [1780738518.031030608] [charuco_rig_evaluator]: ChArUco Rig Evaluator started.
[INFO] [1780738518.031380052] [charuco_rig_evaluator]: Scenario: dist_2_0m
[INFO] [1780738518.031688480] [charuco_rig_evaluator]: Config: src/calib_lab/config/ground_truth_minimal.yaml
[INFO] [1780738518.031996968] [charuco_rig_evaluator]: ChArUco config: src/calib_lab/config/charuco_target.yaml
[INFO] [1780738518.032296489] [charuco_rig_evaluator]: Output CSV: results/charuco/target_charuco_current/res640x480/distance/raw_results.csv
[INFO] [1780738518.032597473] [charuco_rig_evaluator]: Debug dir: results/charuco/target_charuco_current/res640x480/distance/debug_images
[INFO] [1780738518.032976001] [charuco_rig_evaluator]: Board: 7x5, square_length=0.12, marker_length=0.09, dictionary=DICT_4X4_50
[INFO] [1780738518.033322510] [charuco_rig_evaluator]: Expected baseline: 0.7000 m
[INFO] [1780738518.033609056] [charuco_rig_evaluator]: Max attempts: 1
[INFO] [1780738518.542223372] [charuco_rig_evaluator]: 
================ CHARUCO EVALUATION SUCCESS ================
scenario: dist_2_0m
attempts: 1
camera_1: method=charuco/gray, markers=16, charuco_corners=22, t_cam_target=[-0.7574, 0.2986, 1.9242] m
camera_2: method=charuco/gray, markers=16, charuco_corners=22, t_cam_target=[-0.0815, 0.2984, 1.9723] m

Estimated relative transform from common ChArUco target:
T_camera_1_camera_2 translation = [-0.6109, 0.0359, -0.0494] m
estimated baseline norm = 0.6139 m
expected baseline norm  = 0.7000 m
baseline error          = 0.0861 m (8.61 cm)
estimated relative rotation angle = 2.1899 deg
expected relative rotation angle  = 0.0000 deg
rotation angle error              = 2.1899 deg
camera_1 image: results/charuco/target_charuco_current/res640x480/distance/debug_images/dist_2_0m_camera_1_charuco_gray.png
camera_2 image: results/charuco/target_charuco_current/res640x480/distance/debug_images/dist_2_0m_camera_2_charuco_gray.png
============================================================

