[INFO] source: /mnt/c/Users/maxim/Desktop/Application of Robotics and Autonomous Systems/appras_sose26/0.5/0.5_Intrinsics.mov
[INFO] resolution: 2160 x 3840
[INFO] source FPS: 30.0
[INFO] reported frames: 1350
[INFO] checkerboard: (8, 6)
[INFO] scanning every original frame
[SCAN] frame=0 detections=1
[SCAN] frame=100 detections=58
[SCAN] frame=200 detections=155
[SCAN] frame=300 detections=255
[SCAN] frame=400 detections=355
[SCAN] frame=500 detections=447
[SCAN] frame=600 detections=482
[SCAN] frame=700 detections=531
[SCAN] frame=800 detections=612
[SCAN] frame=900 detections=653
[SCAN] frame=1000 detections=718
[SCAN] frame=1100 detections=794
[SCAN] frame=1200 detections=855
[SCAN] frame=1300 detections=914
[FILTER] frame=860 rmse=16.2132px
[FILTER] frame=129 rmse=14.7087px
[FILTER] frame=41 rmse=11.3741px
[FILTER] frame=847 rmse=11.3866px
[FILTER] frame=1273 rmse=6.2913px
[FILTER] frame=899 rmse=4.1115px
[FILTER] frame=918 rmse=3.2985px
[FILTER] frame=892 rmse=3.0452px
[FILTER] frame=1092 rmse=2.7121px
[FILTER] frame=948 rmse=2.6799px
[FILTER] frame=964 rmse=2.5847px
[FILTER] frame=816 rmse=2.2816px

0.5x MOVING-CAMERA INTRINSIC CALIBRATION
============================================================================

Source: /mnt/c/Users/maxim/Desktop/Application of Robotics and Autonomous Systems/appras_sose26/0.5/0.5_Intrinsics.mov
Resolution: 2160x3840
Source FPS: 30.000000
Original frames scanned: 1350
Checkerboard: 8x6 inner corners
Successful detections: 931
Initially selected views: 80
Final calibration views: 68
Removed outliers: 12

Model comparison:
Standard holdout median RMSE: 1.205406 px
Rational holdout median RMSE: 1.204451 px
Selected model: plumb_bob

OpenCV calibration RMS: 1.154215 px
Median per-view RMSE: 1.040044 px
Maximum per-view RMSE: 2.032581 px

Camera matrix K:
[[1.7142984129e+03 0.0000000000e+00 1.0706406115e+03]
 [0.0000000000e+00 1.7134888328e+03 1.9204824162e+03]
 [0.0000000000e+00 0.0000000000e+00 1.0000000000e+00]]

Distortion D:
[ 0.007573297947 -0.038005141791  0.000488784571 -0.000102243849
  0.028397472375]

CameraInfo JSON: /home/maxim/camera-rig-calibration/data_local/real_vehicle_2026_07_10/datasets/real_05x_4k_3hz_v1/calibration/intrinsics_05x/moving_calib_camera.json
Contact sheet: /home/maxim/camera-rig-calibration/data_local/real_vehicle_2026_07_10/datasets/real_05x_4k_3hz_v1/calibration/intrinsics_05x/SELECTED_VIEWS_CONTACT_SHEET.jpg

[OK] intrinsic calibration completed
