[INFO] [1780420407.396702111] [aruco_rig_evaluator]: ArUco Rig Evaluator started.
[INFO] [1780420407.397289919] [aruco_rig_evaluator]: Scenario: dist_2_2m
[INFO] [1780420407.397761215] [aruco_rig_evaluator]: Config: src/calib_lab/config/ground_truth_minimal.yaml
[INFO] [1780420407.398215471] [aruco_rig_evaluator]: ArUco config: src/calib_lab/config/aruco_target.yaml
[INFO] [1780420407.398631517] [aruco_rig_evaluator]: Output CSV: results/aruco/target_aruco_6x4_marker0_15_sep0_06/res640x480/distance/raw_results.csv
[INFO] [1780420407.399049562] [aruco_rig_evaluator]: Debug dir: results/aruco/target_aruco_6x4_marker0_15_sep0_06/res640x480/distance/debug_images
[INFO] [1780420407.399514068] [aruco_rig_evaluator]: Board: 6x4, marker_length=0.15, separation=0.06, dictionary=DICT_4X4_50
[INFO] [1780420407.399967394] [aruco_rig_evaluator]: Expected baseline: 0.7000 m
[INFO] [1780420407.400421930] [aruco_rig_evaluator]: Max attempts: 1
[INFO] [1780420407.897481298] [aruco_rig_evaluator]: 
================ ARUCO EVALUATION SUCCESS ================
scenario: dist_2_2m
attempts: 1
camera_1: method=aruco/gray, markers=16, t_cam_target=[-0.8792, -0.3917, 1.6539] m
camera_2: method=aruco/gray, markers=16, t_cam_target=[-0.3141, -0.3915, 1.5049] m

Estimated relative transform from common ArUco target:
T_camera_1_camera_2 translation = [-0.9465, -0.0011, 0.1179] m
estimated baseline norm = 0.9538 m
expected baseline norm  = 0.7000 m
baseline error          = 0.2538 m (25.38 cm)
estimated relative rotation angle = 14.2943 deg
expected relative rotation angle  = 0.0000 deg
rotation angle error              = 14.2943 deg
camera_1 image: results/aruco/target_aruco_6x4_marker0_15_sep0_06/res640x480/distance/debug_images/dist_2_2m_camera_1_aruco_gray.png
camera_2 image: results/aruco/target_aruco_6x4_marker0_15_sep0_06/res640x480/distance/debug_images/dist_2_2m_camera_2_aruco_gray.png
==========================================================

