[INFO] [1780482153.102399610] [aruco_rig_evaluator]: ArUco Rig Evaluator started.
[INFO] [1780482153.126953640] [aruco_rig_evaluator]: Scenario: dist_2_6m
[INFO] [1780482153.149909209] [aruco_rig_evaluator]: Config: src/calib_lab/config/ground_truth_minimal.yaml
[INFO] [1780482153.177925406] [aruco_rig_evaluator]: ArUco config: src/calib_lab/config/aruco_target.yaml
[INFO] [1780482153.201630610] [aruco_rig_evaluator]: Output CSV: results/aruco/target_aruco_6x4_marker0_15_sep0_06/res640x480/distance/raw_results.csv
[INFO] [1780482153.223817703] [aruco_rig_evaluator]: Debug dir: results/aruco/target_aruco_6x4_marker0_15_sep0_06/res640x480/distance/debug_images
[INFO] [1780482153.245058943] [aruco_rig_evaluator]: Board: 6x4, marker_length=0.15, separation=0.06, dictionary=DICT_4X4_50
[INFO] [1780482153.268917387] [aruco_rig_evaluator]: Expected baseline: 0.7000 m
[INFO] [1780482153.293027914] [aruco_rig_evaluator]: Max attempts: 1
[INFO] [1780482153.563540698] [aruco_rig_evaluator]: 
================ ARUCO EVALUATION SUCCESS ================
scenario: dist_2_6m
attempts: 1
camera_1: method=aruco/gray, markers=16, t_cam_target=[-0.8740, -0.3928, 2.1528] m
camera_2: method=aruco/gray, markers=16, t_cam_target=[-0.3100, -0.3917, 1.9382] m

Estimated relative transform from common ArUco target:
T_camera_1_camera_2 translation = [-1.2646, -0.0007, 0.2293] m
estimated baseline norm = 1.2853 m
expected baseline norm  = 0.7000 m
baseline error          = 0.5853 m (58.53 cm)
estimated relative rotation angle = 20.5485 deg
expected relative rotation angle  = 0.0000 deg
rotation angle error              = 20.5485 deg
camera_1 image: results/aruco/target_aruco_6x4_marker0_15_sep0_06/res640x480/distance/debug_images/dist_2_6m_camera_1_aruco_gray.png
camera_2 image: results/aruco/target_aruco_6x4_marker0_15_sep0_06/res640x480/distance/debug_images/dist_2_6m_camera_2_aruco_gray.png
==========================================================

