[INFO] [1780420402.497295231] [aruco_rig_evaluator]: ArUco Rig Evaluator started.
[INFO] [1780420402.497890009] [aruco_rig_evaluator]: Scenario: dist_1_8m
[INFO] [1780420402.498355705] [aruco_rig_evaluator]: Config: src/calib_lab/config/ground_truth_minimal.yaml
[INFO] [1780420402.499068604] [aruco_rig_evaluator]: ArUco config: src/calib_lab/config/aruco_target.yaml
[INFO] [1780420402.499706113] [aruco_rig_evaluator]: Output CSV: results/aruco/target_aruco_6x4_marker0_15_sep0_06/res640x480/distance/raw_results.csv
[INFO] [1780420402.500295290] [aruco_rig_evaluator]: Debug dir: results/aruco/target_aruco_6x4_marker0_15_sep0_06/res640x480/distance/debug_images
[INFO] [1780420402.500794247] [aruco_rig_evaluator]: Board: 6x4, marker_length=0.15, separation=0.06, dictionary=DICT_4X4_50
[INFO] [1780420402.501254173] [aruco_rig_evaluator]: Expected baseline: 0.7000 m
[INFO] [1780420402.501753449] [aruco_rig_evaluator]: Max attempts: 1
[INFO] [1780420402.996935533] [aruco_rig_evaluator]: 
================ ARUCO EVALUATION SUCCESS ================
scenario: dist_1_8m
attempts: 1
camera_1: method=aruco/gray, markers=16, t_cam_target=[-0.8813, -0.3912, 1.3237] m
camera_2: method=aruco/gray, markers=16, t_cam_target=[-0.3150, -0.3909, 1.2040] m

Estimated relative transform from common ArUco target:
T_camera_1_camera_2 translation = [-0.8117, -0.0006, 0.0811] m
estimated baseline norm = 0.8158 m
expected baseline norm  = 0.7000 m
baseline error          = 0.1158 m (11.58 cm)
estimated relative rotation angle = 11.4559 deg
expected relative rotation angle  = 0.0000 deg
rotation angle error              = 11.4559 deg
camera_1 image: results/aruco/target_aruco_6x4_marker0_15_sep0_06/res640x480/distance/debug_images/dist_1_8m_camera_1_aruco_gray.png
camera_2 image: results/aruco/target_aruco_6x4_marker0_15_sep0_06/res640x480/distance/debug_images/dist_1_8m_camera_2_aruco_gray.png
==========================================================

