[INFO] [1780482103.032274766] [aruco_rig_evaluator]: ArUco Rig Evaluator started.
[INFO] [1780482103.053931451] [aruco_rig_evaluator]: Scenario: dist_2_0m
[INFO] [1780482103.075975374] [aruco_rig_evaluator]: Config: src/calib_lab/config/ground_truth_minimal.yaml
[INFO] [1780482103.100217855] [aruco_rig_evaluator]: ArUco config: src/calib_lab/config/aruco_target.yaml
[INFO] [1780482103.127240526] [aruco_rig_evaluator]: Output CSV: results/aruco/target_aruco_6x4_marker0_15_sep0_06/res640x480/distance/raw_results.csv
[INFO] [1780482103.148772777] [aruco_rig_evaluator]: Debug dir: results/aruco/target_aruco_6x4_marker0_15_sep0_06/res640x480/distance/debug_images
[INFO] [1780482103.172170806] [aruco_rig_evaluator]: Board: 6x4, marker_length=0.15, separation=0.06, dictionary=DICT_4X4_50
[INFO] [1780482103.195199273] [aruco_rig_evaluator]: Expected baseline: 0.7000 m
[INFO] [1780482103.225448485] [aruco_rig_evaluator]: Max attempts: 1
[INFO] [1780482103.499995414] [aruco_rig_evaluator]: 
================ ARUCO EVALUATION SUCCESS ================
scenario: dist_2_0m
attempts: 1
camera_1: method=aruco/gray, markers=16, t_cam_target=[-0.8792, -0.3917, 1.6539] m
camera_2: method=aruco/gray, markers=16, t_cam_target=[-0.3141, -0.3915, 1.5049] m

Estimated relative transform from common ArUco target:
T_camera_1_camera_2 translation = [-0.9465, -0.0011, 0.1179] m
estimated baseline norm = 0.9538 m
expected baseline norm  = 0.7000 m
baseline error          = 0.2538 m (25.38 cm)
estimated relative rotation angle = 14.2943 deg
expected relative rotation angle  = 0.0000 deg
rotation angle error              = 14.2943 deg
camera_1 image: results/aruco/target_aruco_6x4_marker0_15_sep0_06/res640x480/distance/debug_images/dist_2_0m_camera_1_aruco_gray.png
camera_2 image: results/aruco/target_aruco_6x4_marker0_15_sep0_06/res640x480/distance/debug_images/dist_2_0m_camera_2_aruco_gray.png
==========================================================

