[INFO] [1780482130.575956013] [aruco_rig_evaluator]: ArUco Rig Evaluator started.
[INFO] [1780482130.602687413] [aruco_rig_evaluator]: Scenario: dist_2_4m
[INFO] [1780482130.626786418] [aruco_rig_evaluator]: Config: src/calib_lab/config/ground_truth_minimal.yaml
[INFO] [1780482130.648835632] [aruco_rig_evaluator]: ArUco config: src/calib_lab/config/aruco_target.yaml
[INFO] [1780482130.670469031] [aruco_rig_evaluator]: Output CSV: results/aruco/target_aruco_6x4_marker0_15_sep0_06/res640x480/distance/raw_results.csv
[INFO] [1780482130.693847785] [aruco_rig_evaluator]: Debug dir: results/aruco/target_aruco_6x4_marker0_15_sep0_06/res640x480/distance/debug_images
[INFO] [1780482130.721823148] [aruco_rig_evaluator]: Board: 6x4, marker_length=0.15, separation=0.06, dictionary=DICT_4X4_50
[INFO] [1780482130.743236629] [aruco_rig_evaluator]: Expected baseline: 0.7000 m
[INFO] [1780482130.763824385] [aruco_rig_evaluator]: Max attempts: 1
[WARN] [1780482133.014072148] [aruco_rig_evaluator]: Waiting for input topics before detection attempt | missing=['camera_1:no_camera_info', 'camera_2:no_camera_info']
[WARN] [1780482135.512357287] [aruco_rig_evaluator]: Waiting for input topics before detection attempt | missing=['camera_1:no_camera_info', 'camera_2:no_camera_info']
[WARN] [1780482138.012159521] [aruco_rig_evaluator]: Waiting for input topics before detection attempt | missing=['camera_1:no_camera_info', 'camera_2:no_camera_info']
[WARN] [1780482140.511793239] [aruco_rig_evaluator]: Waiting for input topics before detection attempt | missing=['camera_1:no_camera_info', 'camera_2:no_camera_info']
[WARN] [1780482143.019905238] [aruco_rig_evaluator]: Waiting for input topics before detection attempt | missing=['camera_1:no_camera_info', 'camera_2:no_camera_info']
[WARN] [1780482145.512387579] [aruco_rig_evaluator]: Waiting for input topics before detection attempt | missing=['camera_1:no_camera_info', 'camera_2:no_camera_info']
[WARN] [1780482148.012460863] [aruco_rig_evaluator]: Waiting for input topics before detection attempt | missing=['camera_1:no_camera_info', 'camera_2:no_camera_info']
[WARN] [1780482150.517252862] [aruco_rig_evaluator]: Waiting for input topics before detection attempt | missing=['camera_1:no_camera_info', 'camera_2:no_camera_info']
[WARN] [1780482150.555713162] [aruco_rig_evaluator]: 
================ ARUCO EVALUATION FAILURE ================
scenario: dist_2_4m
attempts: 0
failure_reason: camera_1:no_camera_info;camera_2:no_camera_info
camera_1 markers: 0
camera_2 markers: 0
camera_1 image: results/aruco/target_aruco_6x4_marker0_15_sep0_06/res640x480/distance/debug_images/dist_2_4m_camera_1_no_camera_info.png
camera_2 image: results/aruco/target_aruco_6x4_marker0_15_sep0_06/res640x480/distance/debug_images/dist_2_4m_camera_2_no_camera_info.png
==========================================================

