[INFO] [1780420414.779298714] [aruco_rig_evaluator]: ArUco Rig Evaluator started.
[INFO] [1780420414.779880452] [aruco_rig_evaluator]: Scenario: dist_2_8m
[INFO] [1780420414.780325148] [aruco_rig_evaluator]: Config: src/calib_lab/config/ground_truth_minimal.yaml
[INFO] [1780420414.780786694] [aruco_rig_evaluator]: ArUco config: src/calib_lab/config/aruco_target.yaml
[INFO] [1780420414.781259920] [aruco_rig_evaluator]: Output CSV: results/aruco/target_aruco_6x4_marker0_15_sep0_06/res640x480/distance/raw_results.csv
[INFO] [1780420414.781712726] [aruco_rig_evaluator]: Debug dir: results/aruco/target_aruco_6x4_marker0_15_sep0_06/res640x480/distance/debug_images
[INFO] [1780420414.782135361] [aruco_rig_evaluator]: Board: 6x4, marker_length=0.15, separation=0.06, dictionary=DICT_4X4_50
[INFO] [1780420414.782532037] [aruco_rig_evaluator]: Expected baseline: 0.7000 m
[INFO] [1780420414.782906141] [aruco_rig_evaluator]: Max attempts: 1
[INFO] [1780420415.281464109] [aruco_rig_evaluator]: 
================ ARUCO EVALUATION SUCCESS ================
scenario: dist_2_8m
attempts: 1
camera_1: method=aruco/gray, markers=16, t_cam_target=[-0.8755, -0.3928, 2.3176] m
camera_2: method=aruco/gray, markers=16, t_cam_target=[-0.3095, -0.3925, 2.1043] m

Estimated relative transform from common ArUco target:
T_camera_1_camera_2 translation = [-1.3215, 0.0147, 0.2408] m
estimated baseline norm = 1.3433 m
expected baseline norm  = 0.7000 m
baseline error          = 0.6433 m (64.33 cm)
estimated relative rotation angle = 20.4802 deg
expected relative rotation angle  = 0.0000 deg
rotation angle error              = 20.4802 deg
camera_1 image: results/aruco/target_aruco_6x4_marker0_15_sep0_06/res640x480/distance/debug_images/dist_2_8m_camera_1_aruco_gray.png
camera_2 image: results/aruco/target_aruco_6x4_marker0_15_sep0_06/res640x480/distance/debug_images/dist_2_8m_camera_2_aruco_gray.png
==========================================================

