[INFO] [1780420395.285133596] [aruco_rig_evaluator]: ArUco Rig Evaluator started.
[INFO] [1780420395.285685323] [aruco_rig_evaluator]: Scenario: dist_1_2m
[INFO] [1780420395.286168120] [aruco_rig_evaluator]: Config: src/calib_lab/config/ground_truth_minimal.yaml
[INFO] [1780420395.286626516] [aruco_rig_evaluator]: ArUco config: src/calib_lab/config/aruco_target.yaml
[INFO] [1780420395.287141112] [aruco_rig_evaluator]: Output CSV: results/aruco/target_aruco_6x4_marker0_15_sep0_06/res640x480/distance/raw_results.csv
[INFO] [1780420395.287593478] [aruco_rig_evaluator]: Debug dir: results/aruco/target_aruco_6x4_marker0_15_sep0_06/res640x480/distance/debug_images
[INFO] [1780420395.288099355] [aruco_rig_evaluator]: Board: 6x4, marker_length=0.15, separation=0.06, dictionary=DICT_4X4_50
[INFO] [1780420395.288524291] [aruco_rig_evaluator]: Expected baseline: 0.7000 m
[INFO] [1780420395.288896925] [aruco_rig_evaluator]: Max attempts: 1
[INFO] [1780420395.784616256] [aruco_rig_evaluator]: 
================ ARUCO EVALUATION SUCCESS ================
scenario: dist_1_2m
attempts: 1
camera_1: method=aruco/gray, markers=16, t_cam_target=[-0.8907, -0.3914, 0.9768] m
camera_2: method=aruco/gray, markers=16, t_cam_target=[-0.3102, -0.3911, 0.9487] m

Estimated relative transform from common ArUco target:
T_camera_1_camera_2 translation = [-0.6255, 0.0000, 0.0147] m
estimated baseline norm = 0.6257 m
expected baseline norm  = 0.7000 m
baseline error          = 0.0743 m (7.43 cm)
estimated relative rotation angle = 2.6948 deg
expected relative rotation angle  = 0.0000 deg
rotation angle error              = 2.6948 deg
camera_1 image: results/aruco/target_aruco_6x4_marker0_15_sep0_06/res640x480/distance/debug_images/dist_1_2m_camera_1_aruco_gray.png
camera_2 image: results/aruco/target_aruco_6x4_marker0_15_sep0_06/res640x480/distance/debug_images/dist_1_2m_camera_2_aruco_gray.png
==========================================================

