[INFO] [1780420400.084390507] [aruco_rig_evaluator]: ArUco Rig Evaluator started.
[INFO] [1780420400.084996365] [aruco_rig_evaluator]: Scenario: dist_1_6m
[INFO] [1780420400.085470681] [aruco_rig_evaluator]: Config: src/calib_lab/config/ground_truth_minimal.yaml
[INFO] [1780420400.085959988] [aruco_rig_evaluator]: ArUco config: src/calib_lab/config/aruco_target.yaml
[INFO] [1780420400.086431684] [aruco_rig_evaluator]: Output CSV: results/aruco/target_aruco_6x4_marker0_15_sep0_06/res640x480/distance/raw_results.csv
[INFO] [1780420400.086882260] [aruco_rig_evaluator]: Debug dir: results/aruco/target_aruco_6x4_marker0_15_sep0_06/res640x480/distance/debug_images
[INFO] [1780420400.087363366] [aruco_rig_evaluator]: Board: 6x4, marker_length=0.15, separation=0.06, dictionary=DICT_4X4_50
[INFO] [1780420400.087868053] [aruco_rig_evaluator]: Expected baseline: 0.7000 m
[INFO] [1780420400.088429430] [aruco_rig_evaluator]: Max attempts: 1
[INFO] [1780420400.588246614] [aruco_rig_evaluator]: 
================ ARUCO EVALUATION SUCCESS ================
scenario: dist_1_6m
attempts: 1
camera_1: method=aruco/gray, markers=13, t_cam_target=[-0.8854, -0.3946, 1.1492] m
camera_2: method=aruco/gray, markers=16, t_cam_target=[-0.3150, -0.3909, 1.2040] m

Estimated relative transform from common ArUco target:
T_camera_1_camera_2 translation = [-0.7716, 0.0188, -0.0828] m
estimated baseline norm = 0.7762 m
expected baseline norm  = 0.7000 m
baseline error          = 0.0762 m (7.62 cm)
estimated relative rotation angle = 9.3738 deg
expected relative rotation angle  = 0.0000 deg
rotation angle error              = 9.3738 deg
camera_1 image: results/aruco/target_aruco_6x4_marker0_15_sep0_06/res640x480/distance/debug_images/dist_1_6m_camera_1_aruco_gray.png
camera_2 image: results/aruco/target_aruco_6x4_marker0_15_sep0_06/res640x480/distance/debug_images/dist_1_6m_camera_2_aruco_gray.png
==========================================================

