[INFO] [1780420397.684375952] [aruco_rig_evaluator]: ArUco Rig Evaluator started.
[INFO] [1780420397.685088181] [aruco_rig_evaluator]: Scenario: dist_1_4m
[INFO] [1780420397.685594878] [aruco_rig_evaluator]: Config: src/calib_lab/config/ground_truth_minimal.yaml
[INFO] [1780420397.686117694] [aruco_rig_evaluator]: ArUco config: src/calib_lab/config/aruco_target.yaml
[INFO] [1780420397.686593471] [aruco_rig_evaluator]: Output CSV: results/aruco/target_aruco_6x4_marker0_15_sep0_06/res640x480/distance/raw_results.csv
[INFO] [1780420397.687051637] [aruco_rig_evaluator]: Debug dir: results/aruco/target_aruco_6x4_marker0_15_sep0_06/res640x480/distance/debug_images
[INFO] [1780420397.687507613] [aruco_rig_evaluator]: Board: 6x4, marker_length=0.15, separation=0.06, dictionary=DICT_4X4_50
[INFO] [1780420397.687965129] [aruco_rig_evaluator]: Expected baseline: 0.7000 m
[INFO] [1780420397.688432365] [aruco_rig_evaluator]: Max attempts: 1
[INFO] [1780420398.186662868] [aruco_rig_evaluator]: 
================ ARUCO EVALUATION SUCCESS ================
scenario: dist_1_4m
attempts: 1
camera_1: method=aruco/gray, markers=16, t_cam_target=[-0.8907, -0.3914, 0.9768] m
camera_2: method=aruco/gray, markers=13, t_cam_target=[-0.3143, -0.3868, 1.0744] m

Estimated relative transform from common ArUco target:
T_camera_1_camera_2 translation = [-0.6724, -0.0231, -0.1276] m
estimated baseline norm = 0.6848 m
expected baseline norm  = 0.7000 m
baseline error          = 0.0152 m (1.52 cm)
estimated relative rotation angle = 5.0407 deg
expected relative rotation angle  = 0.0000 deg
rotation angle error              = 5.0407 deg
camera_1 image: results/aruco/target_aruco_6x4_marker0_15_sep0_06/res640x480/distance/debug_images/dist_1_4m_camera_1_aruco_gray.png
camera_2 image: results/aruco/target_aruco_6x4_marker0_15_sep0_06/res640x480/distance/debug_images/dist_1_4m_camera_2_aruco_gray.png
==========================================================

