[INFO] [1780420439.260117793] [aruco_rig_evaluator]: ArUco Rig Evaluator started.
[INFO] [1780420439.260639260] [aruco_rig_evaluator]: Scenario: shift_left_0_4m
[INFO] [1780420439.261089036] [aruco_rig_evaluator]: Config: src/calib_lab/config/ground_truth_minimal.yaml
[INFO] [1780420439.261547222] [aruco_rig_evaluator]: ArUco config: src/calib_lab/config/aruco_target.yaml
[INFO] [1780420439.261916387] [aruco_rig_evaluator]: Output CSV: results/aruco/target_aruco_6x4_marker0_15_sep0_06/res640x480/shift/raw_results.csv
[INFO] [1780420439.262338442] [aruco_rig_evaluator]: Debug dir: results/aruco/target_aruco_6x4_marker0_15_sep0_06/res640x480/shift/debug_images
[INFO] [1780420439.262785468] [aruco_rig_evaluator]: Board: 6x4, marker_length=0.15, separation=0.06, dictionary=DICT_4X4_50
[INFO] [1780420439.263244394] [aruco_rig_evaluator]: Expected baseline: 0.7000 m
[INFO] [1780420439.263717020] [aruco_rig_evaluator]: Max attempts: 1
[INFO] [1780420439.758882974] [aruco_rig_evaluator]: 
================ ARUCO EVALUATION SUCCESS ================
scenario: shift_left_0_4m
attempts: 1
camera_1: method=aruco/gray, markers=16, t_cam_target=[-0.5583, -0.3913, 1.4134] m
camera_2: method=aruco/gray, markers=12, t_cam_target=[-0.0002, -0.3915, 1.3445] m

Estimated relative transform from common ArUco target:
T_camera_1_camera_2 translation = [-0.6574, -0.0009, 0.0722] m
estimated baseline norm = 0.6613 m
expected baseline norm  = 0.7000 m
baseline error          = 0.0387 m (3.87 cm)
estimated relative rotation angle = 4.2402 deg
expected relative rotation angle  = 0.0000 deg
rotation angle error              = 4.2402 deg
camera_1 image: results/aruco/target_aruco_6x4_marker0_15_sep0_06/res640x480/shift/debug_images/shift_left_0_4m_camera_1_aruco_gray.png
camera_2 image: results/aruco/target_aruco_6x4_marker0_15_sep0_06/res640x480/shift/debug_images/shift_left_0_4m_camera_2_aruco_gray.png
==========================================================

