[INFO] [1780482230.193379867] [aruco_rig_evaluator]: ArUco Rig Evaluator started.
[INFO] [1780482230.203248851] [aruco_rig_evaluator]: Scenario: shift_left_0_6m
[INFO] [1780482230.212561242] [aruco_rig_evaluator]: Config: src/calib_lab/config/ground_truth_minimal.yaml
[INFO] [1780482230.222237570] [aruco_rig_evaluator]: ArUco config: src/calib_lab/config/aruco_target.yaml
[INFO] [1780482230.232717412] [aruco_rig_evaluator]: Output CSV: results/aruco/target_aruco_6x4_marker0_15_sep0_06/res640x480/shift/raw_results.csv
[INFO] [1780482230.242145989] [aruco_rig_evaluator]: Debug dir: results/aruco/target_aruco_6x4_marker0_15_sep0_06/res640x480/shift/debug_images
[INFO] [1780482230.251660697] [aruco_rig_evaluator]: Board: 6x4, marker_length=0.15, separation=0.06, dictionary=DICT_4X4_50
[INFO] [1780482230.267379125] [aruco_rig_evaluator]: Expected baseline: 0.7000 m
[INFO] [1780482230.277146994] [aruco_rig_evaluator]: Max attempts: 1
[INFO] [1780482230.689142124] [aruco_rig_evaluator]: 
================ ARUCO EVALUATION SUCCESS ================
scenario: shift_left_0_6m
attempts: 1
camera_1: method=aruco/gray, markers=16, t_cam_target=[-0.3930, -0.3912, 1.3613] m
camera_2: method=aruco/gray, markers=8, t_cam_target=[0.1584, -0.3913, 1.3491] m

Estimated relative transform from common ArUco target:
T_camera_1_camera_2 translation = [-0.5712, -0.0000, 0.0146] m
estimated baseline norm = 0.5714 m
expected baseline norm  = 0.7000 m
baseline error          = 0.1286 m (12.86 cm)
estimated relative rotation angle = 0.8443 deg
expected relative rotation angle  = 0.0000 deg
rotation angle error              = 0.8443 deg
camera_1 image: results/aruco/target_aruco_6x4_marker0_15_sep0_06/res640x480/shift/debug_images/shift_left_0_6m_camera_1_aruco_gray.png
camera_2 image: results/aruco/target_aruco_6x4_marker0_15_sep0_06/res640x480/shift/debug_images/shift_left_0_6m_camera_2_aruco_gray.png
==========================================================

