[INFO] [1780482235.980621911] [aruco_rig_evaluator]: ArUco Rig Evaluator started.
[INFO] [1780482235.986583560] [aruco_rig_evaluator]: Scenario: shift_left_0_2m
[INFO] [1780482235.992967895] [aruco_rig_evaluator]: Config: src/calib_lab/config/ground_truth_minimal.yaml
[INFO] [1780482236.000600667] [aruco_rig_evaluator]: ArUco config: src/calib_lab/config/aruco_target.yaml
[INFO] [1780482236.013011076] [aruco_rig_evaluator]: Output CSV: results/aruco/target_aruco_6x4_marker0_15_sep0_06/res640x480/shift/raw_results.csv
[INFO] [1780482236.019589962] [aruco_rig_evaluator]: Debug dir: results/aruco/target_aruco_6x4_marker0_15_sep0_06/res640x480/shift/debug_images
[INFO] [1780482236.026019581] [aruco_rig_evaluator]: Board: 6x4, marker_length=0.15, separation=0.06, dictionary=DICT_4X4_50
[INFO] [1780482236.032446449] [aruco_rig_evaluator]: Expected baseline: 0.7000 m
[INFO] [1780482236.038416184] [aruco_rig_evaluator]: Max attempts: 1
[INFO] [1780482236.479139094] [aruco_rig_evaluator]: 
================ ARUCO EVALUATION SUCCESS ================
scenario: shift_left_0_2m
attempts: 1
camera_1: method=aruco/gray, markers=16, t_cam_target=[-0.7230, -0.3913, 1.4930] m
camera_2: method=aruco/gray, markers=16, t_cam_target=[-0.1582, -0.3919, 1.3497] m

Estimated relative transform from common ArUco target:
T_camera_1_camera_2 translation = [-0.8445, 0.0021, 0.1400] m
estimated baseline norm = 0.8561 m
expected baseline norm  = 0.7000 m
baseline error          = 0.1561 m (15.61 cm)
estimated relative rotation angle = 11.8290 deg
expected relative rotation angle  = 0.0000 deg
rotation angle error              = 11.8290 deg
camera_1 image: results/aruco/target_aruco_6x4_marker0_15_sep0_06/res640x480/shift/debug_images/shift_left_0_2m_camera_1_aruco_gray.png
camera_2 image: results/aruco/target_aruco_6x4_marker0_15_sep0_06/res640x480/shift/debug_images/shift_left_0_2m_camera_2_aruco_gray.png
==========================================================

