[INFO] [1780482238.697093924] [aruco_rig_evaluator]: ArUco Rig Evaluator started.
[INFO] [1780482238.703497914] [aruco_rig_evaluator]: Scenario: shift_right_0_2m
[INFO] [1780482238.709572640] [aruco_rig_evaluator]: Config: src/calib_lab/config/ground_truth_minimal.yaml
[INFO] [1780482238.715759402] [aruco_rig_evaluator]: ArUco config: src/calib_lab/config/aruco_target.yaml
[INFO] [1780482238.722294659] [aruco_rig_evaluator]: Output CSV: results/aruco/target_aruco_6x4_marker0_15_sep0_06/res640x480/shift/raw_results.csv
[INFO] [1780482238.728811958] [aruco_rig_evaluator]: Debug dir: results/aruco/target_aruco_6x4_marker0_15_sep0_06/res640x480/shift/debug_images
[INFO] [1780482238.735908408] [aruco_rig_evaluator]: Board: 6x4, marker_length=0.15, separation=0.06, dictionary=DICT_4X4_50
[INFO] [1780482238.743190005] [aruco_rig_evaluator]: Expected baseline: 0.7000 m
[INFO] [1780482238.749654857] [aruco_rig_evaluator]: Max attempts: 1
[INFO] [1780482239.197651575] [aruco_rig_evaluator]: 
================ ARUCO EVALUATION SUCCESS ================
scenario: shift_right_0_2m
attempts: 1
camera_1: method=aruco/gray, markers=16, t_cam_target=[-1.0367, -0.3916, 1.4799] m
camera_2: method=aruco/gray, markers=16, t_cam_target=[-0.4740, -0.3912, 1.3773] m

Estimated relative transform from common ArUco target:
T_camera_1_camera_2 translation = [-0.8544, 0.0007, 0.0350] m
estimated baseline norm = 0.8551 m
expected baseline norm  = 0.7000 m
baseline error          = 0.1551 m (15.51 cm)
estimated relative rotation angle = 11.7869 deg
expected relative rotation angle  = 0.0000 deg
rotation angle error              = 11.7869 deg
camera_1 image: results/aruco/target_aruco_6x4_marker0_15_sep0_06/res640x480/shift/debug_images/shift_right_0_2m_camera_1_aruco_gray.png
camera_2 image: results/aruco/target_aruco_6x4_marker0_15_sep0_06/res640x480/shift/debug_images/shift_right_0_2m_camera_2_aruco_gray.png
==========================================================

