[INFO] [1780482243.278087145] [aruco_rig_evaluator]: ArUco Rig Evaluator started.
[INFO] [1780482243.287386139] [aruco_rig_evaluator]: Scenario: shift_right_0_4m
[INFO] [1780482243.297059619] [aruco_rig_evaluator]: Config: src/calib_lab/config/ground_truth_minimal.yaml
[INFO] [1780482243.303812200] [aruco_rig_evaluator]: ArUco config: src/calib_lab/config/aruco_target.yaml
[INFO] [1780482243.310646801] [aruco_rig_evaluator]: Output CSV: results/aruco/target_aruco_6x4_marker0_15_sep0_06/res640x480/shift/raw_results.csv
[INFO] [1780482243.316777551] [aruco_rig_evaluator]: Debug dir: results/aruco/target_aruco_6x4_marker0_15_sep0_06/res640x480/shift/debug_images
[INFO] [1780482243.323373381] [aruco_rig_evaluator]: Board: 6x4, marker_length=0.15, separation=0.06, dictionary=DICT_4X4_50
[INFO] [1780482243.329722237] [aruco_rig_evaluator]: Expected baseline: 0.7000 m
[INFO] [1780482243.336070117] [aruco_rig_evaluator]: Max attempts: 1
[WARN] [1780482245.753085211] [aruco_rig_evaluator]: Waiting for input topics before detection attempt | missing=['camera_1:no_image', 'camera_1:no_camera_info', 'camera_2:no_image', 'camera_2:no_camera_info']
[WARN] [1780482248.248623209] [aruco_rig_evaluator]: Waiting for input topics before detection attempt | missing=['camera_1:no_image', 'camera_1:no_camera_info', 'camera_2:no_image', 'camera_2:no_camera_info']
[WARN] [1780482250.750059687] [aruco_rig_evaluator]: Waiting for input topics before detection attempt | missing=['camera_1:no_image', 'camera_1:no_camera_info', 'camera_2:no_image', 'camera_2:no_camera_info']
[WARN] [1780482253.249241680] [aruco_rig_evaluator]: Waiting for input topics before detection attempt | missing=['camera_1:no_image', 'camera_1:no_camera_info', 'camera_2:no_image', 'camera_2:no_camera_info']
[WARN] [1780482255.748755241] [aruco_rig_evaluator]: Waiting for input topics before detection attempt | missing=['camera_1:no_image', 'camera_1:no_camera_info', 'camera_2:no_image', 'camera_2:no_camera_info']
[WARN] [1780482259.249124570] [aruco_rig_evaluator]: Waiting for input topics before detection attempt | missing=['camera_1:no_image', 'camera_1:no_camera_info', 'camera_2:no_image', 'camera_2:no_camera_info']
[WARN] [1780482261.749421935] [aruco_rig_evaluator]: Waiting for input topics before detection attempt | missing=['camera_1:no_image', 'camera_1:no_camera_info', 'camera_2:no_image', 'camera_2:no_camera_info']
[WARN] [1780482263.250943189] [aruco_rig_evaluator]: 
================ ARUCO EVALUATION FAILURE ================
scenario: shift_right_0_4m
attempts: 0
failure_reason: camera_1:no_image;camera_2:no_image
camera_1 markers: 0
camera_2 markers: 0
camera_1 image: 
camera_2 image: 
==========================================================

