[INFO] [1780413479.983376200] [checkerboard_rig_evaluator]: Checkerboard Rig Evaluator started.
[INFO] [1780413479.983876416] [checkerboard_rig_evaluator]: Scenario: shift_left_0_2m_yaw_20deg
[INFO] [1780413479.984247800] [checkerboard_rig_evaluator]: Config: src/calib_lab/config/ground_truth_minimal.yaml
[INFO] [1780413479.984644225] [checkerboard_rig_evaluator]: Output CSV: results/checkerboard/target_9x6_square0_12/res640x480/mixed/raw_results.csv
[INFO] [1780413479.985128471] [checkerboard_rig_evaluator]: Debug dir: results/checkerboard/target_9x6_square0_12/res640x480/mixed/debug_images
[INFO] [1780413479.985650358] [checkerboard_rig_evaluator]: Max valid samples: 1
[INFO] [1780413479.986208965] [checkerboard_rig_evaluator]: Max attempts: 1
[INFO] [1780413479.987481751] [checkerboard_rig_evaluator]: Ready timeout: 20.0 sec
[INFO] [1780413479.988080268] [checkerboard_rig_evaluator]: Checkerboard pattern: (9, 6), square_size=0.12 m
[INFO] [1780413479.988680925] [checkerboard_rig_evaluator]: Expected baseline: 0.7000 m
[INFO] [1780413480.550227046] [checkerboard_rig_evaluator]: 
================ CHECKERBOARD EVALUATION SUCCESS ================
scenario: shift_left_0_2m_yaw_20deg
attempts: 1
camera_1_status: SB
camera_2_status: SB
estimated baseline: 0.7018 m
baseline error: 0.0018 m (0.18 cm)
rotation error: 0.0615 deg
translation: [-0.7018, -0.0004, -0.0000]
camera_1 image: results/checkerboard/target_9x6_square0_12/res640x480/mixed/debug_images/shift_left_0_2m_yaw_20deg_camera_1_SB.png
camera_2 image: results/checkerboard/target_9x6_square0_12/res640x480/mixed/debug_images/shift_left_0_2m_yaw_20deg_camera_2_SB.png
=================================================================

