[INFO] [1780738415.771992269] [charuco_rig_evaluator]: ChArUco Rig Evaluator started.
[INFO] [1780738415.772524105] [charuco_rig_evaluator]: Scenario: far_2_4m_yaw_20deg
[INFO] [1780738415.772806434] [charuco_rig_evaluator]: Config: src/calib_lab/config/ground_truth_minimal.yaml
[INFO] [1780738415.773126564] [charuco_rig_evaluator]: ChArUco config: src/calib_lab/config/charuco_target.yaml
[INFO] [1780738415.773432086] [charuco_rig_evaluator]: Output CSV: results/charuco/target_charuco_current/res640x480/mixed/raw_results.csv
[INFO] [1780738415.773729543] [charuco_rig_evaluator]: Debug dir: results/charuco/target_charuco_current/res640x480/mixed/debug_images
[INFO] [1780738415.774110175] [charuco_rig_evaluator]: Board: 7x5, square_length=0.12, marker_length=0.09, dictionary=DICT_4X4_50
[INFO] [1780738415.774391943] [charuco_rig_evaluator]: Expected baseline: 0.7000 m
[INFO] [1780738415.774659253] [charuco_rig_evaluator]: Max attempts: 1
[INFO] [1780738416.279757712] [charuco_rig_evaluator]: 
================ CHARUCO EVALUATION SUCCESS ================
scenario: far_2_4m_yaw_20deg
attempts: 1
camera_1: method=charuco/gray, markers=14, charuco_corners=17, t_cam_target=[-0.7312, 0.2982, 2.1646] m
camera_2: method=charuco/gray, markers=15, charuco_corners=20, t_cam_target=[-0.0557, 0.2978, 2.1675] m

Estimated relative transform from common ChArUco target:
T_camera_1_camera_2 translation = [-0.6754, -0.0016, -0.0026] m
estimated baseline norm = 0.6754 m
expected baseline norm  = 0.7000 m
baseline error          = 0.0246 m (2.46 cm)
estimated relative rotation angle = 0.0734 deg
expected relative rotation angle  = 0.0000 deg
rotation angle error              = 0.0734 deg
camera_1 image: results/charuco/target_charuco_current/res640x480/mixed/debug_images/far_2_4m_yaw_20deg_camera_1_charuco_gray.png
camera_2 image: results/charuco/target_charuco_current/res640x480/mixed/debug_images/far_2_4m_yaw_20deg_camera_2_charuco_gray.png
============================================================

