[INFO] [1780738423.648823161] [charuco_rig_evaluator]: ChArUco Rig Evaluator started.
[INFO] [1780738423.649235614] [charuco_rig_evaluator]: Scenario: shift_left_0_2m_yaw_20deg
[INFO] [1780738423.649531187] [charuco_rig_evaluator]: Config: src/calib_lab/config/ground_truth_minimal.yaml
[INFO] [1780738423.649886753] [charuco_rig_evaluator]: ChArUco config: src/calib_lab/config/charuco_target.yaml
[INFO] [1780738423.650181736] [charuco_rig_evaluator]: Output CSV: results/charuco/target_charuco_current/res640x480/mixed/raw_results.csv
[INFO] [1780738423.650453625] [charuco_rig_evaluator]: Debug dir: results/charuco/target_charuco_current/res640x480/mixed/debug_images
[INFO] [1780738423.650897426] [charuco_rig_evaluator]: Board: 7x5, square_length=0.12, marker_length=0.09, dictionary=DICT_4X4_50
[INFO] [1780738423.651188301] [charuco_rig_evaluator]: Expected baseline: 0.7000 m
[INFO] [1780738423.651449019] [charuco_rig_evaluator]: Max attempts: 1
[INFO] [1780738424.155396491] [charuco_rig_evaluator]: 
================ CHARUCO EVALUATION SUCCESS ================
scenario: shift_left_0_2m_yaw_20deg
attempts: 1
camera_1: method=charuco/gray, markers=17, charuco_corners=24, t_cam_target=[-0.5400, 0.2980, 1.5888] m
camera_2: method=charuco/gray, markers=15, charuco_corners=20, t_cam_target=[0.1372, 0.2979, 1.5799] m

Estimated relative transform from common ChArUco target:
T_camera_1_camera_2 translation = [-0.6719, 0.0295, 0.0032] m
estimated baseline norm = 0.6725 m
expected baseline norm  = 0.7000 m
baseline error          = 0.0275 m (2.75 cm)
estimated relative rotation angle = 1.1040 deg
expected relative rotation angle  = 0.0000 deg
rotation angle error              = 1.1040 deg
camera_1 image: results/charuco/target_charuco_current/res640x480/mixed/debug_images/shift_left_0_2m_yaw_20deg_camera_1_charuco_gray.png
camera_2 image: results/charuco/target_charuco_current/res640x480/mixed/debug_images/shift_left_0_2m_yaw_20deg_camera_2_charuco_gray.png
============================================================

