[INFO] [1780738426.309342904] [charuco_rig_evaluator]: ChArUco Rig Evaluator started.
[INFO] [1780738426.309696527] [charuco_rig_evaluator]: Scenario: shift_right_0_2m_yaw_20deg
[INFO] [1780738426.310030121] [charuco_rig_evaluator]: Config: src/calib_lab/config/ground_truth_minimal.yaml
[INFO] [1780738426.310417717] [charuco_rig_evaluator]: ChArUco config: src/calib_lab/config/charuco_target.yaml
[INFO] [1780738426.310797468] [charuco_rig_evaluator]: Output CSV: results/charuco/target_charuco_current/res640x480/mixed/raw_results.csv
[INFO] [1780738426.311247962] [charuco_rig_evaluator]: Debug dir: results/charuco/target_charuco_current/res640x480/mixed/debug_images
[INFO] [1780738426.311570827] [charuco_rig_evaluator]: Board: 7x5, square_length=0.12, marker_length=0.09, dictionary=DICT_4X4_50
[INFO] [1780738426.311846182] [charuco_rig_evaluator]: Expected baseline: 0.7000 m
[INFO] [1780738426.312103895] [charuco_rig_evaluator]: Max attempts: 1
[INFO] [1780738426.816987391] [charuco_rig_evaluator]: 
================ CHARUCO EVALUATION SUCCESS ================
scenario: shift_right_0_2m_yaw_20deg
attempts: 1
camera_1: method=charuco/gray, markers=17, charuco_corners=24, t_cam_target=[-0.9214, 0.2941, 1.5640] m
camera_2: method=charuco/gray, markers=16, charuco_corners=22, t_cam_target=[-0.2502, 0.2975, 1.5943] m

Estimated relative transform from common ChArUco target:
T_camera_1_camera_2 translation = [-0.6553, -0.0373, -0.0211] m
estimated baseline norm = 0.6567 m
expected baseline norm  = 0.7000 m
baseline error          = 0.0433 m (4.33 cm)
estimated relative rotation angle = 1.3724 deg
expected relative rotation angle  = 0.0000 deg
rotation angle error              = 1.3724 deg
camera_1 image: results/charuco/target_charuco_current/res640x480/mixed/debug_images/shift_right_0_2m_yaw_20deg_camera_1_charuco_gray.png
camera_2 image: results/charuco/target_charuco_current/res640x480/mixed/debug_images/shift_right_0_2m_yaw_20deg_camera_2_charuco_gray.png
============================================================

