[INFO] topic remapping
  /edge_0/camera/color/image_raw/compressed -> cam_edge_5 (back_right)
  /edge_1/camera/color/image_raw/compressed -> cam_edge_1 (front_right)
  /edge_3/camera/color/image_raw/compressed -> cam_edge_3 (front_left)
  /edge_5/camera/color/image_raw/compressed -> cam_edge_0 (center_left)

REAL STATIC IMAGE EXTRACTION
========================================================================

Source MCAP: /mnt/c/Users/maxim/Desktop/Application of Robotics and Autonomous Systems/appras_sose26/rosbag2_2026_07_10-11_06_18/rosbag2_2026_07_10-11_06_18_0.mcap

Canonical remapping:
  /edge_0/ -> cam_edge_5 (back_right)
  /edge_1/ -> cam_edge_1 (front_right)
  /edge_3/ -> cam_edge_3 (front_left)
  /edge_5/ -> cam_edge_0 (center_left)

Important:
  No static-camera intrinsics were read from the rosbag.
  Static intrinsics must be installed separately from camera_info.zip.

cam_edge_0
  physical camera: center_left
  source topic: /edge_5/camera/color/image_raw/compressed
  frames available: 134
  selected frame index: 105
  resolution: 1280x720
  marker IDs: 15 16 19
  sharpness: 138.289
  pipeline image: /home/maxim/camera-rig-calibration/data_local/real_vehicle_2026_07_10/datasets/real_05x_4k_3hz_v1/raw_images/static/cam_edge_0.png

cam_edge_1
  physical camera: front_right
  source topic: /edge_1/camera/color/image_raw/compressed
  frames available: 125
  selected frame index: 2
  resolution: 1280x720
  marker IDs: 0 2 3 4 6 20
  sharpness: 429.129
  pipeline image: /home/maxim/camera-rig-calibration/data_local/real_vehicle_2026_07_10/datasets/real_05x_4k_3hz_v1/raw_images/static/cam_edge_1.png

cam_edge_3
  physical camera: front_left
  source topic: /edge_3/camera/color/image_raw/compressed
  frames available: 109
  selected frame index: 70
  resolution: 1280x720
  marker IDs: 2 3 15 16 19
  sharpness: 409.376
  pipeline image: /home/maxim/camera-rig-calibration/data_local/real_vehicle_2026_07_10/datasets/real_05x_4k_3hz_v1/raw_images/static/cam_edge_3.png

cam_edge_5
  physical camera: back_right
  source topic: /edge_0/camera/color/image_raw/compressed
  frames available: 131
  selected frame index: 40
  resolution: 1280x720
  marker IDs: 5 7 8 9 10 12 17
  sharpness: 331.651
  pipeline image: /home/maxim/camera-rig-calibration/data_local/real_vehicle_2026_07_10/datasets/real_05x_4k_3hz_v1/raw_images/static/cam_edge_5.png

All candidate previews: /home/maxim/camera-rig-calibration/data_local/real_vehicle_2026_07_10/datasets/real_05x_4k_3hz_v1/preview/static_candidates
Selected previews: /home/maxim/camera-rig-calibration/data_local/real_vehicle_2026_07_10/datasets/real_05x_4k_3hz_v1/preview/static_selected
Contact sheet: /home/maxim/camera-rig-calibration/data_local/real_vehicle_2026_07_10/datasets/real_05x_4k_3hz_v1/preview/static_selected/STATIC_CAMERA_CONTACT_SHEET.jpg
Selected-frame CSV: /home/maxim/camera-rig-calibration/data_local/real_vehicle_2026_07_10/datasets/real_05x_4k_3hz_v1/metadata/static_extraction/selected_static_frames.csv
All-candidate CSV: /home/maxim/camera-rig-calibration/data_local/real_vehicle_2026_07_10/datasets/real_05x_4k_3hz_v1/metadata/static_extraction/all_static_candidates.csv

[OK] static images extracted without using rosbag intrinsics

